Archive member included to satisfy reference by file (symbol)

c:/progra~2/gnuarm~1/102020~1/bin/../lib/gcc/arm-none-eabi/10.2.1/../../../../arm-none-eabi/lib/thumb/v7e-m/nofp\libm.a(lib_a-s_atan.o)
                              CMakeFiles/ryansullivan_quadcopter_flightcontroller.elf.dir/src/main.c.obj (atan)
c:/progra~2/gnuarm~1/102020~1/bin/../lib/gcc/arm-none-eabi/10.2.1/../../../../arm-none-eabi/lib/thumb/v7e-m/nofp\libm.a(lib_a-s_cos.o)
                              CMakeFiles/ryansullivan_quadcopter_flightcontroller.elf.dir/src/main.c.obj (cos)
c:/progra~2/gnuarm~1/102020~1/bin/../lib/gcc/arm-none-eabi/10.2.1/../../../../arm-none-eabi/lib/thumb/v7e-m/nofp\libm.a(lib_a-s_fabs.o)
                              c:/progra~2/gnuarm~1/102020~1/bin/../lib/gcc/arm-none-eabi/10.2.1/../../../../arm-none-eabi/lib/thumb/v7e-m/nofp\libm.a(lib_a-s_atan.o) (fabs)
c:/progra~2/gnuarm~1/102020~1/bin/../lib/gcc/arm-none-eabi/10.2.1/../../../../arm-none-eabi/lib/thumb/v7e-m/nofp\libm.a(lib_a-s_sin.o)
                              CMakeFiles/ryansullivan_quadcopter_flightcontroller.elf.dir/src/main.c.obj (sin)
c:/progra~2/gnuarm~1/102020~1/bin/../lib/gcc/arm-none-eabi/10.2.1/../../../../arm-none-eabi/lib/thumb/v7e-m/nofp\libm.a(lib_a-w_atan2.o)
                              CMakeFiles/ryansullivan_quadcopter_flightcontroller.elf.dir/src/main.c.obj (atan2)
c:/progra~2/gnuarm~1/102020~1/bin/../lib/gcc/arm-none-eabi/10.2.1/../../../../arm-none-eabi/lib/thumb/v7e-m/nofp\libm.a(lib_a-w_pow.o)
                              CMakeFiles/ryansullivan_quadcopter_flightcontroller.elf.dir/src/main.c.obj (pow)
c:/progra~2/gnuarm~1/102020~1/bin/../lib/gcc/arm-none-eabi/10.2.1/../../../../arm-none-eabi/lib/thumb/v7e-m/nofp\libm.a(lib_a-w_sqrt.o)
                              CMakeFiles/ryansullivan_quadcopter_flightcontroller.elf.dir/src/main.c.obj (sqrt)
c:/progra~2/gnuarm~1/102020~1/bin/../lib/gcc/arm-none-eabi/10.2.1/../../../../arm-none-eabi/lib/thumb/v7e-m/nofp\libm.a(lib_a-e_atan2.o)
                              c:/progra~2/gnuarm~1/102020~1/bin/../lib/gcc/arm-none-eabi/10.2.1/../../../../arm-none-eabi/lib/thumb/v7e-m/nofp\libm.a(lib_a-w_atan2.o) (__ieee754_atan2)
c:/progra~2/gnuarm~1/102020~1/bin/../lib/gcc/arm-none-eabi/10.2.1/../../../../arm-none-eabi/lib/thumb/v7e-m/nofp\libm.a(lib_a-e_pow.o)
                              c:/progra~2/gnuarm~1/102020~1/bin/../lib/gcc/arm-none-eabi/10.2.1/../../../../arm-none-eabi/lib/thumb/v7e-m/nofp\libm.a(lib_a-w_pow.o) (__ieee754_pow)
c:/progra~2/gnuarm~1/102020~1/bin/../lib/gcc/arm-none-eabi/10.2.1/../../../../arm-none-eabi/lib/thumb/v7e-m/nofp\libm.a(lib_a-e_rem_pio2.o)
                              c:/progra~2/gnuarm~1/102020~1/bin/../lib/gcc/arm-none-eabi/10.2.1/../../../../arm-none-eabi/lib/thumb/v7e-m/nofp\libm.a(lib_a-s_cos.o) (__ieee754_rem_pio2)
c:/progra~2/gnuarm~1/102020~1/bin/../lib/gcc/arm-none-eabi/10.2.1/../../../../arm-none-eabi/lib/thumb/v7e-m/nofp\libm.a(lib_a-e_sqrt.o)
                              c:/progra~2/gnuarm~1/102020~1/bin/../lib/gcc/arm-none-eabi/10.2.1/../../../../arm-none-eabi/lib/thumb/v7e-m/nofp\libm.a(lib_a-w_sqrt.o) (__ieee754_sqrt)
c:/progra~2/gnuarm~1/102020~1/bin/../lib/gcc/arm-none-eabi/10.2.1/../../../../arm-none-eabi/lib/thumb/v7e-m/nofp\libm.a(lib_a-k_cos.o)
                              c:/progra~2/gnuarm~1/102020~1/bin/../lib/gcc/arm-none-eabi/10.2.1/../../../../arm-none-eabi/lib/thumb/v7e-m/nofp\libm.a(lib_a-s_cos.o) (__kernel_cos)
c:/progra~2/gnuarm~1/102020~1/bin/../lib/gcc/arm-none-eabi/10.2.1/../../../../arm-none-eabi/lib/thumb/v7e-m/nofp\libm.a(lib_a-k_rem_pio2.o)
                              c:/progra~2/gnuarm~1/102020~1/bin/../lib/gcc/arm-none-eabi/10.2.1/../../../../arm-none-eabi/lib/thumb/v7e-m/nofp\libm.a(lib_a-e_rem_pio2.o) (__kernel_rem_pio2)
c:/progra~2/gnuarm~1/102020~1/bin/../lib/gcc/arm-none-eabi/10.2.1/../../../../arm-none-eabi/lib/thumb/v7e-m/nofp\libm.a(lib_a-k_sin.o)
                              c:/progra~2/gnuarm~1/102020~1/bin/../lib/gcc/arm-none-eabi/10.2.1/../../../../arm-none-eabi/lib/thumb/v7e-m/nofp\libm.a(lib_a-s_cos.o) (__kernel_sin)
c:/progra~2/gnuarm~1/102020~1/bin/../lib/gcc/arm-none-eabi/10.2.1/../../../../arm-none-eabi/lib/thumb/v7e-m/nofp\libm.a(lib_a-s_finite.o)
                              c:/progra~2/gnuarm~1/102020~1/bin/../lib/gcc/arm-none-eabi/10.2.1/../../../../arm-none-eabi/lib/thumb/v7e-m/nofp\libm.a(lib_a-w_pow.o) (finite)
c:/progra~2/gnuarm~1/102020~1/bin/../lib/gcc/arm-none-eabi/10.2.1/../../../../arm-none-eabi/lib/thumb/v7e-m/nofp\libm.a(lib_a-s_floor.o)
                              c:/progra~2/gnuarm~1/102020~1/bin/../lib/gcc/arm-none-eabi/10.2.1/../../../../arm-none-eabi/lib/thumb/v7e-m/nofp\libm.a(lib_a-k_rem_pio2.o) (floor)
c:/progra~2/gnuarm~1/102020~1/bin/../lib/gcc/arm-none-eabi/10.2.1/../../../../arm-none-eabi/lib/thumb/v7e-m/nofp\libm.a(lib_a-s_lib_ver.o)
[...]
Memory Configuration

Name             Origin             Length             Attributes
RAM              0x20000000         0x0000a000         xrw
CCMRAM           0x10000000         0x00002000         xrw
FLASH            0x08000000         0x00040000         xr
FLASHB1          0x00000000         0x00000000         xr
EXTMEMB0         0x00000000         0x00000000         xr
EXTMEMB1         0x00000000         0x00000000         xr
EXTMEMB2         0x00000000         0x00000000         xr
EXTMEMB3         0x00000000         0x00000000         xr
MEMORY_ARRAY     0x20002000         0x00000000         xrw
*default*        0x00000000         0xffffffff

Linker script and memory map

LOAD c:/progra~2/gnuarm~1/102020~1/bin/../lib/gcc/arm-none-eabi/10.2.1/thumb/v7e-m/nofp/crti.o
LOAD c:/progra~2/gnuarm~1/102020~1/bin/../lib/gcc/arm-none-eabi/10.2.1/thumb/v7e-m/nofp/crtbegin.o
LOAD c:/progra~2/gnuarm~1/102020~1/bin/../lib/gcc/arm-none-eabi/10.2.1/../../../../arm-none-eabi/lib/thumb/v7e-m/nofp/crt0.o
LOAD CMakeFiles/ryansullivan_quadcopter_flightcontroller.elf.dir/src/commonio.c.obj
LOAD CMakeFiles/ryansullivan_quadcopter_flightcontroller.elf.dir/src/debug.c.obj
LOAD CMakeFiles/ryansullivan_quadcopter_flightcontroller.elf.dir/src/i2c.c.obj
LOAD CMakeFiles/ryansullivan_quadcopter_flightcontroller.elf.dir/src/io.c.obj
LOAD CMakeFiles/ryansullivan_quadcopter_flightcontroller.elf.dir/src/main.c.obj
LOAD CMakeFiles/ryansullivan_quadcopter_flightcontroller.elf.dir/src/port.c.obj
LOAD CMakeFiles/ryansullivan_quadcopter_flightcontroller.elf.dir/src/spi.c.obj
LOAD CMakeFiles/ryansullivan_quadcopter_flightcontroller.elf.dir/src/startup.c.obj
LOAD CMakeFiles/ryansullivan_quadcopter_flightcontroller.elf.dir/src/usart.c.obj
LOAD CMakeFiles/ryansullivan_quadcopter_flightcontroller.elf.dir/src/utils.c.obj
LOAD CMakeFiles/ryansullivan_quadcopter_flightcontroller.elf.dir/lib/src/cmsis/system_stm32f3xx.c.obj
LOAD CMakeFiles/ryansullivan_quadcopter_flightcontroller.elf.dir/lib/src/stm32f3-hal/stm32f3xx_ll_adc.c.obj
LOAD CMakeFiles/ryansullivan_quadcopter_flightcontroller.elf.dir/lib/src/stm32f3-hal/stm32f3xx_ll_comp.c.obj
LOAD CMakeFiles/ryansullivan_quadcopter_flightcontroller.elf.dir/lib/src/stm32f3-hal/stm32f3xx_ll_crc.c.obj
LOAD CMakeFiles/ryansullivan_quadcopter_flightcontroller.elf.dir/lib/src/stm32f3-hal/stm32f3xx_ll_dac.c.obj
LOAD CMakeFiles/ryansullivan_quadcopter_flightcontroller.elf.dir/lib/src/stm32f3-hal/stm32f3xx_ll_dma.c.obj
LOAD CMakeFiles/ryansullivan_quadcopter_flightcontroller.elf.dir/lib/src/stm32f3-hal/stm32f3xx_ll_exti.c.obj
LOAD CMakeFiles/ryansullivan_quadcopter_flightcontroller.elf.dir/lib/src/stm32f3-hal/stm32f3xx_ll_gpio.c.obj
LOAD CMakeFiles/ryansullivan_quadcopter_flightcontroller.elf.dir/lib/src/stm32f3-hal/stm32f3xx_ll_hrtim.c.obj
LOAD CMakeFiles/ryansullivan_quadcopter_flightcontroller.elf.dir/lib/src/stm32f3-hal/stm32f3xx_ll_i2c.c.obj
LOAD CMakeFiles/ryansullivan_quadcopter_flightcontroller.elf.dir/lib/src/stm32f3-hal/stm32f3xx_ll_opamp.c.obj
LOAD CMakeFiles/ryansullivan_quadcopter_flightcontroller.elf.dir/lib/src/stm32f3-hal/stm32f3xx_ll_pwr.c.obj
LOAD CMakeFiles/ryansullivan_quadcopter_flightcontroller.elf.dir/lib/src/stm32f3-hal/stm32f3xx_ll_rcc.c.obj
LOAD CMakeFiles/ryansullivan_quadcopter_flightcontroller.elf.dir/lib/src/stm32f3-hal/stm32f3xx_ll_rtc.c.obj
LOAD CMakeFiles/ryansullivan_quadcopter_flightcontroller.elf.dir/lib/src/stm32f3-hal/stm32f3xx_ll_spi.c.obj
LOAD CMakeFiles/ryansullivan_quadcopter_flightcontroller.elf.dir/lib/src/stm32f3-hal/stm32f3xx_ll_tim.c.obj
LOAD CMakeFiles/ryansullivan_quadcopter_flightcontroller.elf.dir/lib/src/stm32f3-hal/stm32f3xx_ll_usart.c.obj
LOAD CMakeFiles/ryansullivan_quadcopter_flightcontroller.elf.dir/lib/src/stm32f3-hal/stm32f3xx_ll_utils.c.obj
LOAD c:/progra~2/gnuarm~1/102020~1/bin/../lib/gcc/arm-none-eabi/10.2.1/../../../../arm-none-eabi/lib/thumb/v7e-m/nofp\libm.a
START GROUP
LOAD c:/progra~2/gnuarm~1/102020~1/bin/../lib/gcc/arm-none-eabi/10.2.1/thumb/v7e-m/nofp\libgcc.a
LOAD c:/progra~2/gnuarm~1/102020~1/bin/../lib/gcc/arm-none-eabi/10.2.1/../../../../arm-none-eabi/lib/thumb/v7e-m/nofp\libg.a
LOAD c:/progra~2/gnuarm~1/102020~1/bin/../lib/gcc/arm-none-eabi/10.2.1/../../../../arm-none-eabi/lib/thumb/v7e-m/nofp\libc.a
END GROUP
LOAD c:/progra~2/gnuarm~1/102020~1/bin/../lib/gcc/arm-none-eabi/10.2.1/thumb/v7e-m/nofp/crtend.o
LOAD c:/progra~2/gnuarm~1/102020~1/bin/../lib/gcc/arm-none-eabi/10.2.1/thumb/v7e-m/nofp/crtn.o
                0x2000a000                __stack = (ORIGIN (RAM) + LENGTH (RAM))
                0x2000a000                _estack = __stack
                0x00000400                __Main_Stack_Size = 0x400
                [!provide]                PROVIDE (_Main_Stack_Size = __Main_Stack_Size)
                0x20009c00                __Main_Stack_Limit = (__stack - __Main_Stack_Size)
                [!provide]                PROVIDE (_Main_Stack_Limit = __Main_Stack_Limit)
                0x00000100                _Minimum_Stack_Size = 0x100
                [!provide]                PROVIDE (_Heap_Begin = _end_noinit)
                [!provide]                PROVIDE (_Heap_Limit = (__stack - __Main_Stack_Size))

.isr_vector     0x08000000      0x188
 FILL mask 0xff
                0x08000000                __vectors_start = ABSOLUTE (.)
                0x08000000                __vectors_start__ = ABSOLUTE (.)
 *(.isr_vector)
 .isr_vector    0x08000000      0x188 CMakeFiles/ryansullivan_quadcopter_flightcontroller.elf.dir/src/startup.c.obj
                0x08000000                vector_table
 *(.cfmconfig)
 *(.after_vectors .after_vectors.*)

.inits          0x08000188       0x4c
                0x08000188                __data_regions_array_start = .
                0x08000188        0x4 LONG 0x8005ea0 LOADADDR (.data)
                0x0800018c        0x4 LONG 0x20000000 ADDR (.data)
                0x08000190        0x4 LONG 0x2000043c (ADDR (.data) + SIZEOF (.data))
                0x08000194        0x4 LONG 0x8005ea0 LOADADDR (.data_CCMRAM)
                0x08000198        0x4 LONG 0x10000000 ADDR (.data_CCMRAM)
                0x0800019c        0x4 LONG 0x10000000 (ADDR (.data_CCMRAM) + SIZEOF (.data_CCMRAM))
                0x080001a0                __data_regions_array_end = .
                0x080001a0                __bss_regions_array_start = .
                0x080001a0        0x4 LONG 0x2000043c ADDR (.bss)
                0x080001a4        0x4 LONG 0x20000920 (ADDR (.bss) + SIZEOF (.bss))
                0x080001a8        0x4 LONG 0x10000000 ADDR (.bss_CCMRAM)
                0x080001ac        0x4 LONG 0x10000000 (ADDR (.bss_CCMRAM) + SIZEOF (.bss_CCMRAM))
                0x080001b0                __bss_regions_array_end = .
 *(.init)
 .init          0x080001b0        0x4 c:/progra~2/gnuarm~1/102020~1/bin/../lib/gcc/arm-none-eabi/10.2.1/thumb/v7e-m/nofp/crti.o
                0x080001b0                _init
 .init          0x080001b4        0x8 c:/progra~2/gnuarm~1/102020~1/bin/../lib/gcc/arm-none-eabi/10.2.1/thumb/v7e-m/nofp/crtn.o
 *(.fini)
 .fini          0x080001bc        0x4 c:/progra~2/gnuarm~1/102020~1/bin/../lib/gcc/arm-none-eabi/10.2.1/thumb/v7e-m/nofp/crti.o
                0x080001bc                _fini
 .fini          0x080001c0        0x8 c:/progra~2/gnuarm~1/102020~1/bin/../lib/gcc/arm-none-eabi/10.2.1/thumb/v7e-m/nofp/crtn.o
                0x080001c8                . = ALIGN (0x4)
                0x080001c8                PROVIDE (__preinit_array_start = .)
 *(.preinit_array_sysinit .preinit_array_sysinit.*)
 *(.preinit_array_platform .preinit_array_platform.*)
 *(.preinit_array .preinit_array.*)
                0x080001c8                PROVIDE (__preinit_array_end = .)
                0x080001c8                . = ALIGN (0x4)
                0x080001c8                PROVIDE (__init_array_start = .)
 *(SORT_BY_NAME(.init_array.*))
 .init_array.00000
                0x080001c8        0x4 c:/progra~2/gnuarm~1/102020~1/bin/../lib/gcc/arm-none-eabi/10.2.1/../../../../arm-none-eabi/lib/thumb/v7e-m/nofp\libg.a(lib_a-__call_atexit.o)
 *(.init_array)
 .init_array    0x080001cc        0x4 c:/progra~2/gnuarm~1/102020~1/bin/../lib/gcc/arm-none-eabi/10.2.1/thumb/v7e-m/nofp/crtbegin.o
                0x080001d0                PROVIDE (__init_array_end = .)
                0x080001d0                . = ALIGN (0x4)
                0x080001d0                PROVIDE (__fini_array_start = .)
 *(SORT_BY_NAME(.fini_array.*))
 *(.fini_array)
 .fini_array    0x080001d0        0x4 c:/progra~2/gnuarm~1/102020~1/bin/../lib/gcc/arm-none-eabi/10.2.1/thumb/v7e-m/nofp/crtbegin.o
                0x080001d4                PROVIDE (__fini_array_end = .)

.flashtext
 *(.flashtext .flashtext.*)

.text           0x080001d8     0x5cc8
 *(.text .text.*)
 .text          0x080001d8       0x40 c:/progra~2/gnuarm~1/102020~1/bin/../lib/gcc/arm-none-eabi/10.2.1/thumb/v7e-m/nofp/crtbegin.o
 .text.commonio_clear_reset_flags
                0x08000218       0x10 CMakeFiles/ryansullivan_quadcopter_flightcontroller.elf.dir/src/commonio.c.obj
                0x08000218                commonio_clear_reset_flags
 .text.commonio_initialise_wwdg
                0x08000228       0xd8 CMakeFiles/ryansullivan_quadcopter_flightcontroller.elf.dir/src/commonio.c.obj
                0x08000228                commonio_initialise_wwdg
 .text.commonio_reset_wwdg
                0x08000300       0x1c CMakeFiles/ryansullivan_quadcopter_flightcontroller.elf.dir/src/commonio.c.obj
                0x08000300                commonio_reset_wwdg
 .text.commonio_get_systick_us
                0x0800031c       0x18 CMakeFiles/ryansullivan_quadcopter_flightcontroller.elf.dir/src/commonio.c.obj
                0x0800031c                commonio_get_systick_us
 .text.commonio_initialise_clocks
                0x08000334      0x15c CMakeFiles/ryansullivan_quadcopter_flightcontroller.elf.dir/src/commonio.c.obj
                0x08000334                commonio_initialise_clocks
 .text.commonio_wwdg_isr
                0x08000490       0x18 CMakeFiles/ryansullivan_quadcopter_flightcontroller.elf.dir/src/commonio.c.obj
                0x08000490                commonio_wwdg_isr
 .text.debug_stopwatch_initialise
                0x080004a8       0x20 CMakeFiles/ryansullivan_quadcopter_flightcontroller.elf.dir/src/debug.c.obj
                0x080004a8                debug_stopwatch_initialise
 .text.debug_stopwatch_start
                0x080004c8       0x14 CMakeFiles/ryansullivan_quadcopter_flightcontroller.elf.dir/src/debug.c.obj
                0x080004c8                debug_stopwatch_start
 .text.print_character
                0x080004dc       0x14 CMakeFiles/ryansullivan_quadcopter_flightcontroller.elf.dir/src/debug.c.obj
                0x080004dc                print_character
 .text.printf_number
                0x080004f0       0x4c CMakeFiles/ryansullivan_quadcopter_flightcontroller.elf.dir/src/debug.c.obj
                0x080004f0                printf_number
 .text.debug_printf
                0x0800053c       0xe4 CMakeFiles/ryansullivan_quadcopter_flightcontroller.elf.dir/src/debug.c.obj
                0x0800053c                debug_printf
 .text.i2c_initialise
                0x08000620      0x10c CMakeFiles/ryansullivan_quadcopter_flightcontroller.elf.dir/src/i2c.c.obj
                0x08000620                i2c_initialise
 .text.i2c1_transfer_in_progress
                0x0800072c        0xc CMakeFiles/ryansullivan_quadcopter_flightcontroller.elf.dir/src/i2c.c.obj
                0x0800072c                i2c1_transfer_in_progress
 .text.i2c1_tx_buffer_write
                0x08000738       0x18 CMakeFiles/ryansullivan_quadcopter_flightcontroller.elf.dir/src/i2c.c.obj
                0x08000738                i2c1_tx_buffer_write
 .text.i2c1_tx_data
                0x08000750       0x6c CMakeFiles/ryansullivan_quadcopter_flightcontroller.elf.dir/src/i2c.c.obj
                0x08000750                i2c1_tx_data
 .text.i2c1_rx_buffer_read
                0x080007bc       0x18 CMakeFiles/ryansullivan_quadcopter_flightcontroller.elf.dir/src/i2c.c.obj
                0x080007bc                i2c1_rx_buffer_read
 .text.i2c1_rx_data
                0x080007d4       0x58 CMakeFiles/ryansullivan_quadcopter_flightcontroller.elf.dir/src/i2c.c.obj
                0x080007d4                i2c1_rx_data
 .text.i2c1_dma1_channel6_isr
                0x0800082c       0x28 CMakeFiles/ryansullivan_quadcopter_flightcontroller.elf.dir/src/i2c.c.obj
                0x0800082c                i2c1_dma1_channel6_isr
 .text.i2c1_dma1_channel7_isr
                0x08000854       0x2c CMakeFiles/ryansullivan_quadcopter_flightcontroller.elf.dir/src/i2c.c.obj
                0x08000854                i2c1_dma1_channel7_isr
 .text.i2c1_ev_isr
                0x08000880       0x28 CMakeFiles/ryansullivan_quadcopter_flightcontroller.elf.dir/src/i2c.c.obj
                0x08000880                i2c1_ev_isr
 .text.i2c1_er_isr
                0x080008a8       0x64 CMakeFiles/ryansullivan_quadcopter_flightcontroller.elf.dir/src/i2c.c.obj
                0x080008a8                i2c1_er_isr
 .text.io_fault_led_enable
                0x0800090c        0xa CMakeFiles/ryansullivan_quadcopter_flightcontroller.elf.dir/src/io.c.obj
                0x0800090c                io_fault_led_enable
 .text.io_accelerometer_initialise
                0x08000916       0x3e CMakeFiles/ryansullivan_quadcopter_flightcontroller.elf.dir/src/io.c.obj
                0x08000916                io_accelerometer_initialise
 .text.io_accelerometer_data_ready
                0x08000954        0xc CMakeFiles/ryansullivan_quadcopter_flightcontroller.elf.dir/src/io.c.obj
                0x08000954                io_accelerometer_data_ready
 .text.io_accelerometer_read
                0x08000960       0x8c CMakeFiles/ryansullivan_quadcopter_flightcontroller.elf.dir/src/io.c.obj
                0x08000960                io_accelerometer_read
 .text.io_magnetometer_initialise
                0x080009ec       0x32 CMakeFiles/ryansullivan_quadcopter_flightcontroller.elf.dir/src/io.c.obj
                0x080009ec                io_magnetometer_initialise
 *fill*         0x08000a1e        0x2 
 .text.io_magnetometer_data_ready
                0x08000a20        0xc CMakeFiles/ryansullivan_quadcopter_flightcontroller.elf.dir/src/io.c.obj
                0x08000a20                io_magnetometer_data_ready
 .text.io_magnetometer_read
                0x08000a2c       0x78 CMakeFiles/ryansullivan_quadcopter_flightcontroller.elf.dir/src/io.c.obj
                0x08000a2c                io_magnetometer_read
 .text.io_gyroscope_data_ready
                0x08000aa4        0xc CMakeFiles/ryansullivan_quadcopter_flightcontroller.elf.dir/src/io.c.obj
                0x08000aa4                io_gyroscope_data_ready
 .text.io_1ms_poll
                0x08000ab0       0x44 CMakeFiles/ryansullivan_quadcopter_flightcontroller.elf.dir/src/io.c.obj
                0x08000ab0                io_1ms_poll
 .text.external_interupt_1_isr
                0x08000af4       0x18 CMakeFiles/ryansullivan_quadcopter_flightcontroller.elf.dir/src/io.c.obj
                0x08000af4                external_interupt_1_isr
 .text.external_interupt_2_isr
                0x08000b0c       0x18 CMakeFiles/ryansullivan_quadcopter_flightcontroller.elf.dir/src/io.c.obj
                0x08000b0c                external_interupt_2_isr
 .text.external_interupt_4_isr
                0x08000b24       0x18 CMakeFiles/ryansullivan_quadcopter_flightcontroller.elf.dir/src/io.c.obj
                0x08000b24                external_interupt_4_isr
 .text.gyro_slave_select_on
                0x08000b3c        0xa CMakeFiles/ryansullivan_quadcopter_flightcontroller.elf.dir/src/io.c.obj
                0x08000b3c                gyro_slave_select_on
 .text.gyro_slave_select_off
                0x08000b46        0xa CMakeFiles/ryansullivan_quadcopter_flightcontroller.elf.dir/src/io.c.obj
                0x08000b46                gyro_slave_select_off
 .text.io_gyroscope_initialise
                0x08000b50       0x46 CMakeFiles/ryansullivan_quadcopter_flightcontroller.elf.dir/src/io.c.obj
                0x08000b50                io_gyroscope_initialise
 *fill*         0x08000b96        0x2 
 .text.io_gyroscope_read
                0x08000b98       0x74 CMakeFiles/ryansullivan_quadcopter_flightcontroller.elf.dir/src/io.c.obj
                0x08000b98                io_gyroscope_read
 .text.initialise_pins
                0x08000c0c       0xdc CMakeFiles/ryansullivan_quadcopter_flightcontroller.elf.dir/src/io.c.obj
                0x08000c0c                initialise_pins
 .text.initialise_external_interupts
                0x08000ce8       0xf4 CMakeFiles/ryansullivan_quadcopter_flightcontroller.elf.dir/src/io.c.obj
                0x08000ce8                initialise_external_interupts
 .text.io_initialise
                0x08000ddc       0x10 CMakeFiles/ryansullivan_quadcopter_flightcontroller.elf.dir/src/io.c.obj
                0x08000ddc                io_initialise
 .text.main_1ms_timer_isr
                0x08000dec       0x28 CMakeFiles/ryansullivan_quadcopter_flightcontroller.elf.dir/src/main.c.obj
                0x08000dec                main_1ms_timer_isr
 .text.apply_kalman_filter
                0x08000e14      0x468 CMakeFiles/ryansullivan_quadcopter_flightcontroller.elf.dir/src/main.c.obj
                0x08000e14                apply_kalman_filter
 *fill*         0x0800127c        0x4 
 .text.main     0x08001280      0x6b8 CMakeFiles/ryansullivan_quadcopter_flightcontroller.elf.dir/src/main.c.obj
                0x08001280                main
 .text.port_initialise_pin
                0x08001938       0xa2 CMakeFiles/ryansullivan_quadcopter_flightcontroller.elf.dir/src/port.c.obj
                0x08001938                port_initialise_pin
 .text.port_set
                0x080019da       0x16 CMakeFiles/ryansullivan_quadcopter_flightcontroller.elf.dir/src/port.c.obj
                0x080019da                port_set
 .text.port_clear
                0x080019f0       0x16 CMakeFiles/ryansullivan_quadcopter_flightcontroller.elf.dir/src/port.c.obj
                0x080019f0                port_clear
 *fill*         0x08001a06        0x2 
 .text.spi_initialise
                0x08001a08      0x10c CMakeFiles/ryansullivan_quadcopter_flightcontroller.elf.dir/src/spi.c.obj
                0x08001a08                spi_initialise
 .text.spi1_transfer_in_progress
                0x08001b14        0xc CMakeFiles/ryansullivan_quadcopter_flightcontroller.elf.dir/src/spi.c.obj
                0x08001b14                spi1_transfer_in_progress
 .text.spi1_rx_buffer_read
                0x08001b20       0x18 CMakeFiles/ryansullivan_quadcopter_flightcontroller.elf.dir/src/spi.c.obj
                0x08001b20                spi1_rx_buffer_read
 .text.spi1_tx_buffer_write
                0x08001b38       0x18 CMakeFiles/ryansullivan_quadcopter_flightcontroller.elf.dir/src/spi.c.obj
                0x08001b38                spi1_tx_buffer_write
 .text.spi1_transfer_data
                0x08001b50       0x68 CMakeFiles/ryansullivan_quadcopter_flightcontroller.elf.dir/src/spi.c.obj
                0x08001b50                spi1_transfer_data
 .text.spi1_dma1_channel2_isr
                0x08001bb8       0x30 CMakeFiles/ryansullivan_quadcopter_flightcontroller.elf.dir/src/spi.c.obj
                0x08001bb8                spi1_dma1_channel2_isr
 .text.spi1_dma1_channel3_isr
                0x08001be8       0x18 CMakeFiles/ryansullivan_quadcopter_flightcontroller.elf.dir/src/spi.c.obj
                0x08001be8                spi1_dma1_channel3_isr
 .text.spi1_error_isr
                0x08001c00       0xa0 CMakeFiles/ryansullivan_quadcopter_flightcontroller.elf.dir/src/spi.c.obj
                0x08001c00                spi1_error_isr
 .text.reset_isr
                0x08001ca0       0x60 CMakeFiles/ryansullivan_quadcopter_flightcontroller.elf.dir/src/startup.c.obj
                0x08001ca0                reset_isr
 .text.fault    0x08001d00       0x18 CMakeFiles/ryansullivan_quadcopter_flightcontroller.elf.dir/src/startup.c.obj
                0x08001d00                fault
 .text.dummy_isr
                0x08001d18       0x10 CMakeFiles/ryansullivan_quadcopter_flightcontroller.elf.dir/src/startup.c.obj
                0x08001d18                dummy_isr
 .text.non_maskable_int_isr
                0x08001d28       0x10 CMakeFiles/ryansullivan_quadcopter_flightcontroller.elf.dir/src/startup.c.obj
                0x08001d28                non_maskable_int_isr
 .text.hard_fault_isr
                0x08001d38       0x10 CMakeFiles/ryansullivan_quadcopter_flightcontroller.elf.dir/src/startup.c.obj
                0x08001d38                hard_fault_isr
 .text.memory_management_isr
                0x08001d48       0x10 CMakeFiles/ryansullivan_quadcopter_flightcontroller.elf.dir/src/startup.c.obj
                0x08001d48                memory_management_isr
 .text.bus_fault_isr
                0x08001d58       0x10 CMakeFiles/ryansullivan_quadcopter_flightcontroller.elf.dir/src/startup.c.obj
                0x08001d58                bus_fault_isr
 .text.usage_fault_isr
                0x08001d68       0x10 CMakeFiles/ryansullivan_quadcopter_flightcontroller.elf.dir/src/startup.c.obj
                0x08001d68                usage_fault_isr
 .text.usart_initialise
                0x08001d78       0xa4 CMakeFiles/ryansullivan_quadcopter_flightcontroller.elf.dir/src/usart.c.obj
                0x08001d78                usart_initialise
 .text.usart1_tx_free
                0x08001e1c        0xc CMakeFiles/ryansullivan_quadcopter_flightcontroller.elf.dir/src/usart.c.obj
                0x08001e1c                usart1_tx_free
 .text.usart1_tx_byte
                0x08001e28       0x4c CMakeFiles/ryansullivan_quadcopter_flightcontroller.elf.dir/src/usart.c.obj
                0x08001e28                usart1_tx_byte
 .text.usart_dma1_channel4_isr
                0x08001e74       0x90 CMakeFiles/ryansullivan_quadcopter_flightcontroller.elf.dir/src/usart.c.obj
                0x08001e74                usart_dma1_channel4_isr
 .text.utils_wait_ms
                0x08001f04       0x18 CMakeFiles/ryansullivan_quadcopter_flightcontroller.elf.dir/src/utils.c.obj
                0x08001f04                utils_wait_ms
 .text.utils_1ms_poll
                0x08001f1c       0x14 CMakeFiles/ryansullivan_quadcopter_flightcontroller.elf.dir/src/utils.c.obj
                0x08001f1c                utils_1ms_poll
 .text.LL_DMA_Init
                0x08001f30       0x60 CMakeFiles/ryansullivan_quadcopter_flightcontroller.elf.dir/lib/src/stm32f3-hal/stm32f3xx_ll_dma.c.obj
                0x08001f30                LL_DMA_Init
 .text.LL_EXTI_Init
                0x08001f90      0x194 CMakeFiles/ryansullivan_quadcopter_flightcontroller.elf.dir/lib/src/stm32f3-hal/stm32f3xx_ll_exti.c.obj
                0x08001f90                LL_EXTI_Init
 .text.LL_GPIO_Init
                0x08002124      0x152 CMakeFiles/ryansullivan_quadcopter_flightcontroller.elf.dir/lib/src/stm32f3-hal/stm32f3xx_ll_gpio.c.obj
                0x08002124                LL_GPIO_Init
 .text.LL_I2C_Init
                0x08002276       0x6e CMakeFiles/ryansullivan_quadcopter_flightcontroller.elf.dir/lib/src/stm32f3-hal/stm32f3xx_ll_i2c.c.obj
                0x08002276                LL_I2C_Init
 .text.LL_RCC_DeInit
                0x080022e4       0x94 CMakeFiles/ryansullivan_quadcopter_flightcontroller.elf.dir/lib/src/stm32f3-hal/stm32f3xx_ll_rcc.c.obj
                0x080022e4                LL_RCC_DeInit
 .text.RCC_GetHCLKClockFreq
                0x08002378       0x18 CMakeFiles/ryansullivan_quadcopter_flightcontroller.elf.dir/lib/src/stm32f3-hal/stm32f3xx_ll_rcc.c.obj
                0x08002378                RCC_GetHCLKClockFreq
 .text.RCC_GetPCLK1ClockFreq
                0x08002390       0x18 CMakeFiles/ryansullivan_quadcopter_flightcontroller.elf.dir/lib/src/stm32f3-hal/stm32f3xx_ll_rcc.c.obj
                0x08002390                RCC_GetPCLK1ClockFreq
 .text.RCC_GetPCLK2ClockFreq
                0x080023a8       0x18 CMakeFiles/ryansullivan_quadcopter_flightcontroller.elf.dir/lib/src/stm32f3-hal/stm32f3xx_ll_rcc.c.obj
                0x080023a8                RCC_GetPCLK2ClockFreq
 .text.RCC_PLL_GetFreqDomain_SYS
                0x080023c0       0x48 CMakeFiles/ryansullivan_quadcopter_flightcontroller.elf.dir/lib/src/stm32f3-hal/stm32f3xx_ll_rcc.c.obj
                0x080023c0                RCC_PLL_GetFreqDomain_SYS
 .text.RCC_GetSystemClockFreq
                0x08002408       0x20 CMakeFiles/ryansullivan_quadcopter_flightcontroller.elf.dir/lib/src/stm32f3-hal/stm32f3xx_ll_rcc.c.obj
                0x08002408                RCC_GetSystemClockFreq
 .text.LL_RCC_GetUSARTClockFreq
                0x08002428      0x11c CMakeFiles/ryansullivan_quadcopter_flightcontroller.elf.dir/lib/src/stm32f3-hal/stm32f3xx_ll_rcc.c.obj
                0x08002428                LL_RCC_GetUSARTClockFreq
 .text.LL_RCC_GetUARTClockFreq
                0x08002544       0xc8 CMakeFiles/ryansullivan_quadcopter_flightcontroller.elf.dir/lib/src/stm32f3-hal/stm32f3xx_ll_rcc.c.obj
                0x08002544                LL_RCC_GetUARTClockFreq
 .text.LL_SPI_Init
                0x0800260c       0x7a CMakeFiles/ryansullivan_quadcopter_flightcontroller.elf.dir/lib/src/stm32f3-hal/stm32f3xx_ll_spi.c.obj
                0x0800260c                LL_SPI_Init
 *fill*         0x08002686        0x2 
 .text.LL_USART_Init
                0x08002688       0xe8 CMakeFiles/ryansullivan_quadcopter_flightcontroller.elf.dir/lib/src/stm32f3-hal/stm32f3xx_ll_usart.c.obj
                0x08002688                LL_USART_Init
 .text.atan     0x08002770      0x32c c:/progra~2/gnuarm~1/102020~1/bin/../lib/gcc/arm-none-eabi/10.2.1/../../../../arm-none-eabi/lib/thumb/v7e-m/nofp\libm.a(lib_a-s_atan.o)
                0x08002770                atan
 .text.cos      0x08002a9c       0xa0 c:/progra~2/gnuarm~1/102020~1/bin/../lib/gcc/arm-none-eabi/10.2.1/../../../../arm-none-eabi/lib/thumb/v7e-m/nofp\libm.a(lib_a-s_cos.o)
                0x08002a9c                cos
 .text.fabs     0x08002b3c        0x8 c:/progra~2/gnuarm~1/102020~1/bin/../lib/gcc/arm-none-eabi/10.2.1/../../../../arm-none-eabi/lib/thumb/v7e-m/nofp\libm.a(lib_a-s_fabs.o)
                0x08002b3c                fabs
 .text.sin      0x08002b44       0xb0 c:/progra~2/gnuarm~1/102020~1/bin/../lib/gcc/arm-none-eabi/10.2.1/../../../../arm-none-eabi/lib/thumb/v7e-m/nofp\libm.a(lib_a-s_sin.o)
                0x08002b44                sin
 .text.atan2    0x08002bf4        0x4 c:/progra~2/gnuarm~1/102020~1/bin/../lib/gcc/arm-none-eabi/10.2.1/../../../../arm-none-eabi/lib/thumb/v7e-m/nofp\libm.a(lib_a-w_atan2.o)
                0x08002bf4                atan2
 .text.pow      0x08002bf8      0x180 c:/progra~2/gnuarm~1/102020~1/bin/../lib/gcc/arm-none-eabi/10.2.1/../../../../arm-none-eabi/lib/thumb/v7e-m/nofp\libm.a(lib_a-w_pow.o)
                0x08002bf8                pow
 .text.sqrt     0x08002d78       0x5c c:/progra~2/gnuarm~1/102020~1/bin/../lib/gcc/arm-none-eabi/10.2.1/../../../../arm-none-eabi/lib/thumb/v7e-m/nofp\libm.a(lib_a-w_sqrt.o)
                0x08002d78                sqrt
 *fill*         0x08002dd4        0x4 
 .text.__ieee754_atan2
                0x08002dd8      0x194 c:/progra~2/gnuarm~1/102020~1/bin/../lib/gcc/arm-none-eabi/10.2.1/../../../../arm-none-eabi/lib/thumb/v7e-m/nofp\libm.a(lib_a-e_atan2.o)
                0x08002dd8                __ieee754_atan2
 *fill*         0x08002f6c        0x4 
 .text.__ieee754_pow
                0x08002f70      0xae8 c:/progra~2/gnuarm~1/102020~1/bin/../lib/gcc/arm-none-eabi/10.2.1/../../../../arm-none-eabi/lib/thumb/v7e-m/nofp\libm.a(lib_a-e_pow.o)
                0x08002f70                __ieee754_pow
 .text.__ieee754_rem_pio2
                0x08003a58      0x454 c:/progra~2/gnuarm~1/102020~1/bin/../lib/gcc/arm-none-eabi/10.2.1/../../../../arm-none-eabi/lib/thumb/v7e-m/nofp\libm.a(lib_a-e_rem_pio2.o)
                0x08003a58                __ieee754_rem_pio2
 .text.__ieee754_sqrt
                0x08003eac      0x18c c:/progra~2/gnuarm~1/102020~1/bin/../lib/gcc/arm-none-eabi/10.2.1/../../../../arm-none-eabi/lib/thumb/v7e-m/nofp\libm.a(lib_a-e_sqrt.o)
                0x08003eac                __ieee754_sqrt
 .text.__kernel_cos
                0x08004038      0x260 c:/progra~2/gnuarm~1/102020~1/bin/../lib/gcc/arm-none-eabi/10.2.1/../../../../arm-none-eabi/lib/thumb/v7e-m/nofp\libm.a(lib_a-k_cos.o)
                0x08004038                __kernel_cos
 .text.__kernel_rem_pio2
                0x08004298      0x850 c:/progra~2/gnuarm~1/102020~1/bin/../lib/gcc/arm-none-eabi/10.2.1/../../../../arm-none-eabi/lib/thumb/v7e-m/nofp\libm.a(lib_a-k_rem_pio2.o)
                0x08004298                __kernel_rem_pio2
 .text.__kernel_sin
                0x08004ae8      0x184 c:/progra~2/gnuarm~1/102020~1/bin/../lib/gcc/arm-none-eabi/10.2.1/../../../../arm-none-eabi/lib/thumb/v7e-m/nofp\libm.a(lib_a-k_sin.o)
                0x08004ae8                __kernel_sin
 .text.finite   0x08004c6c        0xc c:/progra~2/gnuarm~1/102020~1/bin/../lib/gcc/arm-none-eabi/10.2.1/../../../../arm-none-eabi/lib/thumb/v7e-m/nofp\libm.a(lib_a-s_finite.o)
                0x08004c6c                finite
 .text.floor    0x08004c78       0xf8 c:/progra~2/gnuarm~1/102020~1/bin/../lib/gcc/arm-none-eabi/10.2.1/../../../../arm-none-eabi/lib/thumb/v7e-m/nofp\libm.a(lib_a-s_floor.o)
                0x08004c78                floor
 .text.nan      0x08004d70        0xc c:/progra~2/gnuarm~1/102020~1/bin/../lib/gcc/arm-none-eabi/10.2.1/../../../../arm-none-eabi/lib/thumb/v7e-m/nofp\libm.a(lib_a-s_nan.o)
                0x08004d70                nan
 .text.rint     0x08004d7c      0x138 c:/progra~2/gnuarm~1/102020~1/bin/../lib/gcc/arm-none-eabi/10.2.1/../../../../arm-none-eabi/lib/thumb/v7e-m/nofp\libm.a(lib_a-s_rint.o)
                0x08004d7c                rint
 *fill*         0x08004eb4        0x4 
 .text.scalbn   0x08004eb8       0xf4 c:/progra~2/gnuarm~1/102020~1/bin/../lib/gcc/arm-none-eabi/10.2.1/../../../../arm-none-eabi/lib/thumb/v7e-m/nofp\libm.a(lib_a-s_scalbn.o)
                0x08004eb8                scalbn
 .text          0x08004fac      0x378 c:/progra~2/gnuarm~1/102020~1/bin/../lib/gcc/arm-none-eabi/10.2.1/thumb/v7e-m/nofp\libgcc.a(_arm_addsubdf3.o)
                0x08004fac                __aeabi_drsub
                0x08004fb4                __aeabi_dsub
                0x08004fb4                __subdf3
                0x08004fb8                __aeabi_dadd
                0x08004fb8                __adddf3
                0x08005230                __floatunsidf
                0x08005230                __aeabi_ui2d
                0x08005250                __floatsidf
                0x08005250                __aeabi_i2d
                0x08005274                __aeabi_f2d
                0x08005274                __extendsfdf2
                0x080052b8                __floatundidf
                0x080052b8                __aeabi_ul2d
                0x080052c8                __floatdidf
                0x080052c8                __aeabi_l2d
 .text          0x08005324      0x424 c:/progra~2/gnuarm~1/102020~1/bin/../lib/gcc/arm-none-eabi/10.2.1/thumb/v7e-m/nofp\libgcc.a(_arm_muldivdf3.o)
                0x08005324                __aeabi_dmul
                0x08005324                __muldf3
                0x08005578                __divdf3
                0x08005578                __aeabi_ddiv
 .text          0x08005748      0x110 c:/progra~2/gnuarm~1/102020~1/bin/../lib/gcc/arm-none-eabi/10.2.1/thumb/v7e-m/nofp\libgcc.a(_arm_cmpdf2.o)
                0x08005748                __gtdf2
                0x08005748                __gedf2
                0x08005750                __ltdf2
                0x08005750                __ledf2
                0x08005758                __nedf2
                0x08005758                __eqdf2
                0x08005758                __cmpdf2
                0x080057d4                __aeabi_cdrcmple
                0x080057e4                __aeabi_cdcmpeq
                0x080057e4                __aeabi_cdcmple
                0x080057f4                __aeabi_dcmpeq
                0x08005808                __aeabi_dcmplt
                0x0800581c                __aeabi_dcmple
                0x08005830                __aeabi_dcmpge
                0x08005844                __aeabi_dcmpgt
 .text          0x08005858       0x2c c:/progra~2/gnuarm~1/102020~1/bin/../lib/gcc/arm-none-eabi/10.2.1/thumb/v7e-m/nofp\libgcc.a(_arm_unorddf2.o)
                0x08005858                __unorddf2
                0x08005858                __aeabi_dcmpun
 .text          0x08005884       0x50 c:/progra~2/gnuarm~1/102020~1/bin/../lib/gcc/arm-none-eabi/10.2.1/thumb/v7e-m/nofp\libgcc.a(_arm_fixdfsi.o)
                0x08005884                __aeabi_d2iz
                0x08005884                __fixdfsi
 .text.__errno  0x080058d4        0xc c:/progra~2/gnuarm~1/102020~1/bin/../lib/gcc/arm-none-eabi/10.2.1/../../../../arm-none-eabi/lib/thumb/v7e-m/nofp\libg.a(lib_a-errno.o)
                0x080058d4                __errno
 .text.startup.register_fini
                0x080058e0       0x14 c:/progra~2/gnuarm~1/102020~1/bin/../lib/gcc/arm-none-eabi/10.2.1/../../../../arm-none-eabi/lib/thumb/v7e-m/nofp\libg.a(lib_a-__call_atexit.o)
 .text.atexit   0x080058f4        0xc c:/progra~2/gnuarm~1/102020~1/bin/../lib/gcc/arm-none-eabi/10.2.1/../../../../arm-none-eabi/lib/thumb/v7e-m/nofp\libg.a(lib_a-atexit.o)
                0x080058f4                atexit
 .text.__libc_fini_array
                0x08005900       0x2c c:/progra~2/gnuarm~1/102020~1/bin/../lib/gcc/arm-none-eabi/10.2.1/../../../../arm-none-eabi/lib/thumb/v7e-m/nofp\libg.a(lib_a-fini.o)
                0x08005900                __libc_fini_array
 .text.__retarget_lock_acquire_recursive
                0x0800592c        0x4 c:/progra~2/gnuarm~1/102020~1/bin/../lib/gcc/arm-none-eabi/10.2.1/../../../../arm-none-eabi/lib/thumb/v7e-m/nofp\libg.a(lib_a-lock.o)
                0x0800592c                __retarget_lock_acquire_recursive
 .text.__retarget_lock_release_recursive
                0x08005930        0x4 c:/progra~2/gnuarm~1/102020~1/bin/../lib/gcc/arm-none-eabi/10.2.1/../../../../arm-none-eabi/lib/thumb/v7e-m/nofp\libg.a(lib_a-lock.o)
                0x08005930                __retarget_lock_release_recursive
 .text.__register_exitproc
                0x08005934       0x8c c:/progra~2/gnuarm~1/102020~1/bin/../lib/gcc/arm-none-eabi/10.2.1/../../../../arm-none-eabi/lib/thumb/v7e-m/nofp\libg.a(lib_a-__atexit.o)
                0x08005934                __register_exitproc
 *(.rodata .rodata.* .constdata .constdata.*)
 .rodata.i2c1_ev_isr.str1.4
                0x080059c0       0x10 CMakeFiles/ryansullivan_quadcopter_flightcontroller.elf.dir/src/i2c.c.obj
 .rodata.i2c1_er_isr.str1.4
                0x080059d0       0x49 CMakeFiles/ryansullivan_quadcopter_flightcontroller.elf.dir/src/i2c.c.obj
 *fill*         0x08005a19        0x3 
 .rodata.main.str1.4
                0x08005a1c      0x192 CMakeFiles/ryansullivan_quadcopter_flightcontroller.elf.dir/src/main.c.obj
                                0x196 (size before relaxing)
 *fill*         0x08005bae        0x2 
 .rodata.spi1_error_isr.str1.4
                0x08005bb0       0x5a CMakeFiles/ryansullivan_quadcopter_flightcontroller.elf.dir/src/spi.c.obj
 *fill*         0x08005c0a        0x2 
 .rodata.fault.str1.4
                0x08005c0c        0xd CMakeFiles/ryansullivan_quadcopter_flightcontroller.elf.dir/src/startup.c.obj
 *fill*         0x08005c19        0x3 
 .rodata.AHBPrescTable
                0x08005c1c       0x10 CMakeFiles/ryansullivan_quadcopter_flightcontroller.elf.dir/lib/src/cmsis/system_stm32f3xx.c.obj
                0x08005c1c                AHBPrescTable
 .rodata.APBPrescTable
                0x08005c2c        0x8 CMakeFiles/ryansullivan_quadcopter_flightcontroller.elf.dir/lib/src/cmsis/system_stm32f3xx.c.obj
                0x08005c2c                APBPrescTable
 .rodata.CHANNEL_OFFSET_TAB
                0x08005c34        0x7 CMakeFiles/ryansullivan_quadcopter_flightcontroller.elf.dir/lib/src/stm32f3-hal/stm32f3xx_ll_dma.c.obj
 *fill*         0x08005c3b        0x5 
 .rodata.atanhi
                0x08005c40       0x20 c:/progra~2/gnuarm~1/102020~1/bin/../lib/gcc/arm-none-eabi/10.2.1/../../../../arm-none-eabi/lib/thumb/v7e-m/nofp\libm.a(lib_a-s_atan.o)
 .rodata.atanlo
                0x08005c60       0x20 c:/progra~2/gnuarm~1/102020~1/bin/../lib/gcc/arm-none-eabi/10.2.1/../../../../arm-none-eabi/lib/thumb/v7e-m/nofp\libm.a(lib_a-s_atan.o)
 .rodata.CSWTCH.8
                0x08005c80       0x18 c:/progra~2/gnuarm~1/102020~1/bin/../lib/gcc/arm-none-eabi/10.2.1/../../../../arm-none-eabi/lib/thumb/v7e-m/nofp\libm.a(lib_a-e_atan2.o)
 .rodata.CSWTCH.9
                0x08005c98       0x18 c:/progra~2/gnuarm~1/102020~1/bin/../lib/gcc/arm-none-eabi/10.2.1/../../../../arm-none-eabi/lib/thumb/v7e-m/nofp\libm.a(lib_a-e_atan2.o)
 .rodata.__ieee754_pow.str1.4
                0x08005cb0        0xd c:/progra~2/gnuarm~1/102020~1/bin/../lib/gcc/arm-none-eabi/10.2.1/../../../../arm-none-eabi/lib/thumb/v7e-m/nofp\libm.a(lib_a-e_pow.o)
                                  0x1 (size before relaxing)
 .rodata.npio2_hw
                0x08005cb0       0x80 c:/progra~2/gnuarm~1/102020~1/bin/../lib/gcc/arm-none-eabi/10.2.1/../../../../arm-none-eabi/lib/thumb/v7e-m/nofp\libm.a(lib_a-e_rem_pio2.o)
 .rodata.two_over_pi
                0x08005d30      0x108 c:/progra~2/gnuarm~1/102020~1/bin/../lib/gcc/arm-none-eabi/10.2.1/../../../../arm-none-eabi/lib/thumb/v7e-m/nofp\libm.a(lib_a-e_rem_pio2.o)
 .rodata.PIo2   0x08005e38       0x40 c:/progra~2/gnuarm~1/102020~1/bin/../lib/gcc/arm-none-eabi/10.2.1/../../../../arm-none-eabi/lib/thumb/v7e-m/nofp\libm.a(lib_a-k_rem_pio2.o)
 .rodata.init_jk
                0x08005e78       0x10 c:/progra~2/gnuarm~1/102020~1/bin/../lib/gcc/arm-none-eabi/10.2.1/../../../../arm-none-eabi/lib/thumb/v7e-m/nofp\libm.a(lib_a-k_rem_pio2.o)
 .rodata.TWO52  0x08005e88       0x10 c:/progra~2/gnuarm~1/102020~1/bin/../lib/gcc/arm-none-eabi/10.2.1/../../../../arm-none-eabi/lib/thumb/v7e-m/nofp\libm.a(lib_a-s_rint.o)
 .rodata._global_impure_ptr
                0x08005e98        0x4 c:/progra~2/gnuarm~1/102020~1/bin/../lib/gcc/arm-none-eabi/10.2.1/../../../../arm-none-eabi/lib/thumb/v7e-m/nofp\libg.a(lib_a-impure.o)
                0x08005e98                _global_impure_ptr
 *(vtable)
 *(.eh_frame*)
 .eh_frame      0x08005e9c        0x0 c:/progra~2/gnuarm~1/102020~1/bin/../lib/gcc/arm-none-eabi/10.2.1/thumb/v7e-m/nofp/crtbegin.o
 .eh_frame      0x08005e9c        0x4 c:/progra~2/gnuarm~1/102020~1/bin/../lib/gcc/arm-none-eabi/10.2.1/thumb/v7e-m/nofp/crtend.o
 *(.glue_7)
 .glue_7        0x08005ea0        0x0 linker stubs
 *(.glue_7t)
 .glue_7t       0x08005ea0        0x0 linker stubs

.vfp11_veneer   0x08005ea0        0x0
 .vfp11_veneer  0x08005ea0        0x0 linker stubs

.v4_bx          0x08005ea0        0x0
 .v4_bx         0x08005ea0        0x0 linker stubs

.iplt           0x08005ea0        0x0
 .iplt          0x08005ea0        0x0 c:/progra~2/gnuarm~1/102020~1/bin/../lib/gcc/arm-none-eabi/10.2.1/thumb/v7e-m/nofp/crtbegin.o

.rel.dyn        0x08005ea0        0x0
 .rel.iplt      0x08005ea0        0x0 c:/progra~2/gnuarm~1/102020~1/bin/../lib/gcc/arm-none-eabi/10.2.1/thumb/v7e-m/nofp/crtbegin.o

.ARM.extab
 *(.ARM.extab* .gnu.linkonce.armextab.*)
                0x08005ea0                . = ALIGN (0x4)
                0x08005ea0                __exidx_start = .

.ARM.exidx
 *(.ARM.exidx* .gnu.linkonce.armexidx.*)
                0x08005ea0                __exidx_end = .
                0x08005ea0                . = ALIGN (0x4)
                0x08005ea0                _etext = .
                0x08005ea0                __etext = .

.data_CCMRAM    0x10000000        0x0 load address 0x08005ea0
 FILL mask 0xff
 *(.data.CCMRAM .data.CCMRAM.*)
                0x10000000                . = ALIGN (0x4)
                0x08005ea0                _sidata = LOADADDR (.data)

.data           0x20000000      0x43c load address 0x08005ea0
 FILL mask 0xff
                0x20000000                _sdata = .
                0x20000000                __data_start__ = .
 *(.data_begin .data_begin.*)
 *(.data .data.*)
 .data.accel_data_ready
                0x20000000        0x1 CMakeFiles/ryansullivan_quadcopter_flightcontroller.elf.dir/src/io.c.obj
 .data.gyro_data_ready
                0x20000001        0x1 CMakeFiles/ryansullivan_quadcopter_flightcontroller.elf.dir/src/io.c.obj
 .data.mag_data_ready
                0x20000002        0x1 CMakeFiles/ryansullivan_quadcopter_flightcontroller.elf.dir/src/io.c.obj
 *fill*         0x20000003        0x1 ff
 .data.usart1_tx_free_space
                0x20000004        0x2 CMakeFiles/ryansullivan_quadcopter_flightcontroller.elf.dir/src/usart.c.obj
 .data.usart1_tx_write_ptr
                0x20000006        0x2 CMakeFiles/ryansullivan_quadcopter_flightcontroller.elf.dir/src/usart.c.obj
 .data.__fdlib_version
                0x20000008        0x1 c:/progra~2/gnuarm~1/102020~1/bin/../lib/gcc/arm-none-eabi/10.2.1/../../../../arm-none-eabi/lib/thumb/v7e-m/nofp\libm.a(lib_a-s_lib_ver.o)
                0x20000008                __fdlib_version
 *fill*         0x20000009        0x3 ff
 .data._impure_ptr
                0x2000000c        0x4 c:/progra~2/gnuarm~1/102020~1/bin/../lib/gcc/arm-none-eabi/10.2.1/../../../../arm-none-eabi/lib/thumb/v7e-m/nofp\libg.a(lib_a-impure.o)
                0x2000000c                _impure_ptr
 .data.impure_data
                0x20000010      0x428 c:/progra~2/gnuarm~1/102020~1/bin/../lib/gcc/arm-none-eabi/10.2.1/../../../../arm-none-eabi/lib/thumb/v7e-m/nofp\libg.a(lib_a-impure.o)
 .data.__atexit_recursive_mutex
                0x20000438        0x4 c:/progra~2/gnuarm~1/102020~1/bin/../lib/gcc/arm-none-eabi/10.2.1/../../../../arm-none-eabi/lib/thumb/v7e-m/nofp\libg.a(lib_a-__call_atexit.o)
                0x20000438                __atexit_recursive_mutex
 *(.data_end .data_end.*)
                0x2000043c                . = ALIGN (0x4)
                0x2000043c                _edata = .
                0x2000043c                __data_end__ = .

.igot.plt       0x2000043c        0x0 load address 0x080062dc
 .igot.plt      0x2000043c        0x0 c:/progra~2/gnuarm~1/102020~1/bin/../lib/gcc/arm-none-eabi/10.2.1/thumb/v7e-m/nofp/crtbegin.o

.bss_CCMRAM     0x10000000        0x0
 *(.bss.CCMRAM .bss.CCMRAM.*)

.bss            0x2000043c      0x4e4
                0x2000043c                __bss_start__ = .
                0x2000043c                _sbss = .
 *(.bss_begin .bss_begin.*)
 *(.bss .bss.*)
 .bss           0x2000043c       0x1c c:/progra~2/gnuarm~1/102020~1/bin/../lib/gcc/arm-none-eabi/10.2.1/thumb/v7e-m/nofp/crtbegin.o
 .bss.wwdg_reset_value
                0x20000458        0x4 CMakeFiles/ryansullivan_quadcopter_flightcontroller.elf.dir/src/commonio.c.obj
 .bss.stopwatch_start
                0x2000045c        0x4 CMakeFiles/ryansullivan_quadcopter_flightcontroller.elf.dir/src/debug.c.obj
 .bss.i2c1_rx_buffer
                0x20000460       0x80 CMakeFiles/ryansullivan_quadcopter_flightcontroller.elf.dir/src/i2c.c.obj
 .bss.i2c1_rx_read_ptr
                0x200004e0        0x4 CMakeFiles/ryansullivan_quadcopter_flightcontroller.elf.dir/src/i2c.c.obj
 .bss.i2c1_transfer_ongoing
                0x200004e4        0x1 CMakeFiles/ryansullivan_quadcopter_flightcontroller.elf.dir/src/i2c.c.obj
 *fill*         0x200004e5        0x3 
 .bss.i2c1_tx_buffer
                0x200004e8       0x80 CMakeFiles/ryansullivan_quadcopter_flightcontroller.elf.dir/src/i2c.c.obj
 .bss.i2c1_tx_write_ptr
                0x20000568        0x4 CMakeFiles/ryansullivan_quadcopter_flightcontroller.elf.dir/src/i2c.c.obj
 .bss.led_n_on  0x2000056c        0x1 CMakeFiles/ryansullivan_quadcopter_flightcontroller.elf.dir/src/io.c.obj
 *fill*         0x2000056d        0x3 
 .bss.led_timer
                0x20000570        0x4 CMakeFiles/ryansullivan_quadcopter_flightcontroller.elf.dir/src/io.c.obj
 .bss.inertial_data
                0x20000574       0x44 CMakeFiles/ryansullivan_quadcopter_flightcontroller.elf.dir/src/main.c.obj
 .bss.kalman_filter
                0x200005b8       0x48 CMakeFiles/ryansullivan_quadcopter_flightcontroller.elf.dir/src/main.c.obj
 .bss.new_accel_data
                0x20000600        0x1 CMakeFiles/ryansullivan_quadcopter_flightcontroller.elf.dir/src/main.c.obj
 .bss.new_gyro_data
                0x20000601        0x1 CMakeFiles/ryansullivan_quadcopter_flightcontroller.elf.dir/src/main.c.obj
 .bss.new_mag_data
                0x20000602        0x1 CMakeFiles/ryansullivan_quadcopter_flightcontroller.elf.dir/src/main.c.obj
 *fill*         0x20000603        0x1 
 .bss.print_every.0
                0x20000604        0x4 CMakeFiles/ryansullivan_quadcopter_flightcontroller.elf.dir/src/main.c.obj
 .bss.system_runtime_ms
                0x20000608        0x4 CMakeFiles/ryansullivan_quadcopter_flightcontroller.elf.dir/src/main.c.obj
 .bss.spi1_rx_buffer
                0x2000060c       0x80 CMakeFiles/ryansullivan_quadcopter_flightcontroller.elf.dir/src/spi.c.obj
 .bss.spi1_rx_read_ptr
                0x2000068c        0x4 CMakeFiles/ryansullivan_quadcopter_flightcontroller.elf.dir/src/spi.c.obj
 .bss.spi1_transfer_ongoing
                0x20000690        0x1 CMakeFiles/ryansullivan_quadcopter_flightcontroller.elf.dir/src/spi.c.obj
 *fill*         0x20000691        0x3 
 .bss.spi1_tx_buffer
                0x20000694       0x80 CMakeFiles/ryansullivan_quadcopter_flightcontroller.elf.dir/src/spi.c.obj
 .bss.spi1_tx_write_ptr
                0x20000714        0x4 CMakeFiles/ryansullivan_quadcopter_flightcontroller.elf.dir/src/spi.c.obj
 .bss.usart1_tx_buffer
                0x20000718      0x200 CMakeFiles/ryansullivan_quadcopter_flightcontroller.elf.dir/src/usart.c.obj
 .bss.timer     0x20000918        0x2 CMakeFiles/ryansullivan_quadcopter_flightcontroller.elf.dir/src/utils.c.obj
 *fill*         0x2000091a        0x2 
 .bss.__lock___atexit_recursive_mutex
                0x2000091c        0x1 c:/progra~2/gnuarm~1/102020~1/bin/../lib/gcc/arm-none-eabi/10.2.1/../../../../arm-none-eabi/lib/thumb/v7e-m/nofp\libg.a(lib_a-lock.o)
                0x2000091c                __lock___atexit_recursive_mutex
 *(COMMON)
 *(.bss_end .bss_end.*)
                0x20000920                . = ALIGN (0x4)
 *fill*         0x2000091d        0x3 
                0x20000920                __bss_end__ = .
                0x20000920                _ebss = .

.noinit_CCMRAM
 *(.noinit.CCMRAM .noinit.CCMRAM.*)

.noinit         0x20000920        0x0
                0x20000920                _noinit = .
 *(.noinit .noinit.*)
                0x20000920                . = ALIGN (0x4)
                0x20000920                _end_noinit = .
                [!provide]                PROVIDE (end = _end_noinit)
                [!provide]                PROVIDE (_end = _end_noinit)
                [!provide]                PROVIDE (__end = _end_noinit)
                [!provide]                PROVIDE (__end__ = _end_noinit)

._check_stack   0x20000920      0x100
                0x20000a20                . = (. + _Minimum_Stack_Size)
 *fill*         0x20000920      0x100 

.b1text
 *(.b1text)
 *(.b1rodata)
 *(.b1rodata.*)

.eb0text
 *(.eb0text)
 *(.eb0rodata)
 *(.eb0rodata.*)

.eb1text
 *(.eb1text)
 *(.eb1rodata)
 *(.eb1rodata.*)

.eb2text
 *(.eb2text)
 *(.eb2rodata)
 *(.eb2rodata.*)

.eb3text
 *(.eb3text)
 *(.eb3rodata)
 *(.eb3rodata.*)

.stab
 *(.stab)

.stabstr
 *(.stabstr)

.stab.excl
 *(.stab.excl)

.stab.exclstr
 *(.stab.exclstr)

.stab.index
 *(.stab.index)

.stab.indexstr
 *(.stab.indexstr)

.comment        0x00000000       0x4d
 *(.comment)
 .comment       0x00000000       0x4d CMakeFiles/ryansullivan_quadcopter_flightcontroller.elf.dir/src/commonio.c.obj
                                 0x4e (size before relaxing)
 .comment       0x0000004d       0x4e CMakeFiles/ryansullivan_quadcopter_flightcontroller.elf.dir/src/debug.c.obj
 .comment       0x0000004d       0x4e CMakeFiles/ryansullivan_quadcopter_flightcontroller.elf.dir/src/i2c.c.obj
 .comment       0x0000004d       0x4e CMakeFiles/ryansullivan_quadcopter_flightcontroller.elf.dir/src/io.c.obj
 .comment       0x0000004d       0x4e CMakeFiles/ryansullivan_quadcopter_flightcontroller.elf.dir/src/main.c.obj
 .comment       0x0000004d       0x4e CMakeFiles/ryansullivan_quadcopter_flightcontroller.elf.dir/src/port.c.obj
 .comment       0x0000004d       0x4e CMakeFiles/ryansullivan_quadcopter_flightcontroller.elf.dir/src/spi.c.obj
 .comment       0x0000004d       0x4e CMakeFiles/ryansullivan_quadcopter_flightcontroller.elf.dir/src/startup.c.obj
 .comment       0x0000004d       0x4e CMakeFiles/ryansullivan_quadcopter_flightcontroller.elf.dir/src/usart.c.obj
 .comment       0x0000004d       0x4e CMakeFiles/ryansullivan_quadcopter_flightcontroller.elf.dir/src/utils.c.obj
 .comment       0x0000004d       0x4e CMakeFiles/ryansullivan_quadcopter_flightcontroller.elf.dir/lib/src/cmsis/system_stm32f3xx.c.obj
 .comment       0x0000004d       0x4e CMakeFiles/ryansullivan_quadcopter_flightcontroller.elf.dir/lib/src/stm32f3-hal/stm32f3xx_ll_dma.c.obj
 .comment       0x0000004d       0x4e CMakeFiles/ryansullivan_quadcopter_flightcontroller.elf.dir/lib/src/stm32f3-hal/stm32f3xx_ll_exti.c.obj
 .comment       0x0000004d       0x4e CMakeFiles/ryansullivan_quadcopter_flightcontroller.elf.dir/lib/src/stm32f3-hal/stm32f3xx_ll_gpio.c.obj
 .comment       0x0000004d       0x4e CMakeFiles/ryansullivan_quadcopter_flightcontroller.elf.dir/lib/src/stm32f3-hal/stm32f3xx_ll_i2c.c.obj
 .comment       0x0000004d       0x4e CMakeFiles/ryansullivan_quadcopter_flightcontroller.elf.dir/lib/src/stm32f3-hal/stm32f3xx_ll_rcc.c.obj
 .comment       0x0000004d       0x4e CMakeFiles/ryansullivan_quadcopter_flightcontroller.elf.dir/lib/src/stm32f3-hal/stm32f3xx_ll_spi.c.obj
 .comment       0x0000004d       0x4e CMakeFiles/ryansullivan_quadcopter_flightcontroller.elf.dir/lib/src/stm32f3-hal/stm32f3xx_ll_usart.c.obj

.ARM.attributes
                0x00000000       0x2a
 .ARM.attributes
                0x00000000       0x1e c:/progra~2/gnuarm~1/102020~1/bin/../lib/gcc/arm-none-eabi/10.2.1/thumb/v7e-m/nofp/crti.o
 .ARM.attributes
                0x0000001e       0x2e c:/progra~2/gnuarm~1/102020~1/bin/../lib/gcc/arm-none-eabi/10.2.1/thumb/v7e-m/nofp/crtbegin.o
 .ARM.attributes
                0x0000004c       0x2e CMakeFiles/ryansullivan_quadcopter_flightcontroller.elf.dir/src/commonio.c.obj
 .ARM.attributes
                0x0000007a       0x2e CMakeFiles/ryansullivan_quadcopter_flightcontroller.elf.dir/src/debug.c.obj
 .ARM.attributes
                0x000000a8       0x2e CMakeFiles/ryansullivan_quadcopter_flightcontroller.elf.dir/src/i2c.c.obj
 .ARM.attributes
                0x000000d6       0x2e CMakeFiles/ryansullivan_quadcopter_flightcontroller.elf.dir/src/io.c.obj
 .ARM.attributes
                0x00000104       0x2e CMakeFiles/ryansullivan_quadcopter_flightcontroller.elf.dir/src/main.c.obj
 .ARM.attributes
                0x00000132       0x2e CMakeFiles/ryansullivan_quadcopter_flightcontroller.elf.dir/src/port.c.obj
 .ARM.attributes
                0x00000160       0x2e CMakeFiles/ryansullivan_quadcopter_flightcontroller.elf.dir/src/spi.c.obj
 .ARM.attributes
                0x0000018e       0x2e CMakeFiles/ryansullivan_quadcopter_flightcontroller.elf.dir/src/startup.c.obj
 .ARM.attributes
                0x000001bc       0x2e CMakeFiles/ryansullivan_quadcopter_flightcontroller.elf.dir/src/usart.c.obj
 .ARM.attributes
                0x000001ea       0x2e CMakeFiles/ryansullivan_quadcopter_flightcontroller.elf.dir/src/utils.c.obj
 .ARM.attributes
                0x00000218       0x2e CMakeFiles/ryansullivan_quadcopter_flightcontroller.elf.dir/lib/src/cmsis/system_stm32f3xx.c.obj
 .ARM.attributes
                0x00000246       0x2e CMakeFiles/ryansullivan_quadcopter_flightcontroller.elf.dir/lib/src/stm32f3-hal/stm32f3xx_ll_dma.c.obj
 .ARM.attributes
                0x00000274       0x2e CMakeFiles/ryansullivan_quadcopter_flightcontroller.elf.dir/lib/src/stm32f3-hal/stm32f3xx_ll_exti.c.obj
 .ARM.attributes
                0x000002a2       0x2e CMakeFiles/ryansullivan_quadcopter_flightcontroller.elf.dir/lib/src/stm32f3-hal/stm32f3xx_ll_gpio.c.obj
 .ARM.attributes
                0x000002d0       0x2e CMakeFiles/ryansullivan_quadcopter_flightcontroller.elf.dir/lib/src/stm32f3-hal/stm32f3xx_ll_i2c.c.obj
 .ARM.attributes
                0x000002fe       0x2e CMakeFiles/ryansullivan_quadcopter_flightcontroller.elf.dir/lib/src/stm32f3-hal/stm32f3xx_ll_rcc.c.obj
 .ARM.attributes
                0x0000032c       0x2e CMakeFiles/ryansullivan_quadcopter_flightcontroller.elf.dir/lib/src/stm32f3-hal/stm32f3xx_ll_spi.c.obj
 .ARM.attributes
                0x0000035a       0x2e CMakeFiles/ryansullivan_quadcopter_flightcontroller.elf.dir/lib/src/stm32f3-hal/stm32f3xx_ll_usart.c.obj
 .ARM.attributes
                0x00000388       0x2e c:/progra~2/gnuarm~1/102020~1/bin/../lib/gcc/arm-none-eabi/10.2.1/../../../../arm-none-eabi/lib/thumb/v7e-m/nofp\libm.a(lib_a-s_atan.o)
 .ARM.attributes
                0x000003b6       0x2e c:/progra~2/gnuarm~1/102020~1/bin/../lib/gcc/arm-none-eabi/10.2.1/../../../../arm-none-eabi/lib/thumb/v7e-m/nofp\libm.a(lib_a-s_cos.o)
 .ARM.attributes
                0x000003e4       0x2e c:/progra~2/gnuarm~1/102020~1/bin/../lib/gcc/arm-none-eabi/10.2.1/../../../../arm-none-eabi/lib/thumb/v7e-m/nofp\libm.a(lib_a-s_fabs.o)
 .ARM.attributes
                0x00000412       0x2e c:/progra~2/gnuarm~1/102020~1/bin/../lib/gcc/arm-none-eabi/10.2.1/../../../../arm-none-eabi/lib/thumb/v7e-m/nofp\libm.a(lib_a-s_sin.o)
 .ARM.attributes
                0x00000440       0x2e c:/progra~2/gnuarm~1/102020~1/bin/../lib/gcc/arm-none-eabi/10.2.1/../../../../arm-none-eabi/lib/thumb/v7e-m/nofp\libm.a(lib_a-w_atan2.o)
 .ARM.attributes
                0x0000046e       0x2e c:/progra~2/gnuarm~1/102020~1/bin/../lib/gcc/arm-none-eabi/10.2.1/../../../../arm-none-eabi/lib/thumb/v7e-m/nofp\libm.a(lib_a-w_pow.o)
 .ARM.attributes
                0x0000049c       0x2e c:/progra~2/gnuarm~1/102020~1/bin/../lib/gcc/arm-none-eabi/10.2.1/../../../../arm-none-eabi/lib/thumb/v7e-m/nofp\libm.a(lib_a-w_sqrt.o)
 .ARM.attributes
                0x000004ca       0x2e c:/progra~2/gnuarm~1/102020~1/bin/../lib/gcc/arm-none-eabi/10.2.1/../../../../arm-none-eabi/lib/thumb/v7e-m/nofp\libm.a(lib_a-e_atan2.o)
 .ARM.attributes
                0x000004f8       0x2e c:/progra~2/gnuarm~1/102020~1/bin/../lib/gcc/arm-none-eabi/10.2.1/../../../../arm-none-eabi/lib/thumb/v7e-m/nofp\libm.a(lib_a-e_pow.o)
 .ARM.attributes
                0x00000526       0x2e c:/progra~2/gnuarm~1/102020~1/bin/../lib/gcc/arm-none-eabi/10.2.1/../../../../arm-none-eabi/lib/thumb/v7e-m/nofp\libm.a(lib_a-e_rem_pio2.o)
 .ARM.attributes
                0x00000554       0x2e c:/progra~2/gnuarm~1/102020~1/bin/../lib/gcc/arm-none-eabi/10.2.1/../../../../arm-none-eabi/lib/thumb/v7e-m/nofp\libm.a(lib_a-e_sqrt.o)
 .ARM.attributes
                0x00000582       0x2e c:/progra~2/gnuarm~1/102020~1/bin/../lib/gcc/arm-none-eabi/10.2.1/../../../../arm-none-eabi/lib/thumb/v7e-m/nofp\libm.a(lib_a-k_cos.o)
 .ARM.attributes
                0x000005b0       0x2e c:/progra~2/gnuarm~1/102020~1/bin/../lib/gcc/arm-none-eabi/10.2.1/../../../../arm-none-eabi/lib/thumb/v7e-m/nofp\libm.a(lib_a-k_rem_pio2.o)
 .ARM.attributes
                0x000005de       0x2e c:/progra~2/gnuarm~1/102020~1/bin/../lib/gcc/arm-none-eabi/10.2.1/../../../../arm-none-eabi/lib/thumb/v7e-m/nofp\libm.a(lib_a-k_sin.o)
 .ARM.attributes
                0x0000060c       0x2e c:/progra~2/gnuarm~1/102020~1/bin/../lib/gcc/arm-none-eabi/10.2.1/../../../../arm-none-eabi/lib/thumb/v7e-m/nofp\libm.a(lib_a-s_finite.o)
 .ARM.attributes
                0x0000063a       0x2e c:/progra~2/gnuarm~1/102020~1/bin/../lib/gcc/arm-none-eabi/10.2.1/../../../../arm-none-eabi/lib/thumb/v7e-m/nofp\libm.a(lib_a-s_floor.o)
 .ARM.attributes
                0x00000668       0x2e c:/progra~2/gnuarm~1/102020~1/bin/../lib/gcc/arm-none-eabi/10.2.1/../../../../arm-none-eabi/lib/thumb/v7e-m/nofp\libm.a(lib_a-s_lib_ver.o)
 .ARM.attributes
                0x00000696       0x2e c:/progra~2/gnuarm~1/102020~1/bin/../lib/gcc/arm-none-eabi/10.2.1/../../../../arm-none-eabi/lib/thumb/v7e-m/nofp\libm.a(lib_a-s_nan.o)
 .ARM.attributes
                0x000006c4       0x2e c:/progra~2/gnuarm~1/102020~1/bin/../lib/gcc/arm-none-eabi/10.2.1/../../../../arm-none-eabi/lib/thumb/v7e-m/nofp\libm.a(lib_a-s_rint.o)
 .ARM.attributes
                0x000006f2       0x2e c:/progra~2/gnuarm~1/102020~1/bin/../lib/gcc/arm-none-eabi/10.2.1/../../../../arm-none-eabi/lib/thumb/v7e-m/nofp\libm.a(lib_a-s_scalbn.o)
 .ARM.attributes
                0x00000720       0x1e c:/progra~2/gnuarm~1/102020~1/bin/../lib/gcc/arm-none-eabi/10.2.1/thumb/v7e-m/nofp\libgcc.a(_arm_addsubdf3.o)
 .ARM.attributes
                0x0000073e       0x1e c:/progra~2/gnuarm~1/102020~1/bin/../lib/gcc/arm-none-eabi/10.2.1/thumb/v7e-m/nofp\libgcc.a(_arm_muldivdf3.o)
 .ARM.attributes
                0x0000075c       0x1e c:/progra~2/gnuarm~1/102020~1/bin/../lib/gcc/arm-none-eabi/10.2.1/thumb/v7e-m/nofp\libgcc.a(_arm_cmpdf2.o)
 .ARM.attributes
                0x0000077a       0x1e c:/progra~2/gnuarm~1/102020~1/bin/../lib/gcc/arm-none-eabi/10.2.1/thumb/v7e-m/nofp\libgcc.a(_arm_unorddf2.o)
 .ARM.attributes
                0x00000798       0x1e c:/progra~2/gnuarm~1/102020~1/bin/../lib/gcc/arm-none-eabi/10.2.1/thumb/v7e-m/nofp\libgcc.a(_arm_fixdfsi.o)
 .ARM.attributes
                0x000007b6       0x2e c:/progra~2/gnuarm~1/102020~1/bin/../lib/gcc/arm-none-eabi/10.2.1/../../../../arm-none-eabi/lib/thumb/v7e-m/nofp\libg.a(lib_a-errno.o)
 .ARM.attributes
                0x000007e4       0x2e c:/progra~2/gnuarm~1/102020~1/bin/../lib/gcc/arm-none-eabi/10.2.1/../../../../arm-none-eabi/lib/thumb/v7e-m/nofp\libg.a(lib_a-impure.o)
 .ARM.attributes
                0x00000812       0x2e c:/progra~2/gnuarm~1/102020~1/bin/../lib/gcc/arm-none-eabi/10.2.1/../../../../arm-none-eabi/lib/thumb/v7e-m/nofp\libg.a(lib_a-__call_atexit.o)
 .ARM.attributes
                0x00000840       0x2e c:/progra~2/gnuarm~1/102020~1/bin/../lib/gcc/arm-none-eabi/10.2.1/../../../../arm-none-eabi/lib/thumb/v7e-m/nofp\libg.a(lib_a-atexit.o)
 .ARM.attributes
                0x0000086e       0x2e c:/progra~2/gnuarm~1/102020~1/bin/../lib/gcc/arm-none-eabi/10.2.1/../../../../arm-none-eabi/lib/thumb/v7e-m/nofp\libg.a(lib_a-fini.o)
 .ARM.attributes
                0x0000089c       0x2e c:/progra~2/gnuarm~1/102020~1/bin/../lib/gcc/arm-none-eabi/10.2.1/../../../../arm-none-eabi/lib/thumb/v7e-m/nofp\libg.a(lib_a-lock.o)
 .ARM.attributes
                0x000008ca       0x2e c:/progra~2/gnuarm~1/102020~1/bin/../lib/gcc/arm-none-eabi/10.2.1/../../../../arm-none-eabi/lib/thumb/v7e-m/nofp\libg.a(lib_a-__atexit.o)
 .ARM.attributes
                0x000008f8       0x2e c:/progra~2/gnuarm~1/102020~1/bin/../lib/gcc/arm-none-eabi/10.2.1/thumb/v7e-m/nofp/crtend.o
 .ARM.attributes
                0x00000926       0x1e c:/progra~2/gnuarm~1/102020~1/bin/../lib/gcc/arm-none-eabi/10.2.1/thumb/v7e-m/nofp/crtn.o

.debug
 *(.debug)

.line
 *(.line)

.debug_srcinfo
 *(.debug_srcinfo)

.debug_sfnames
 *(.debug_sfnames)

.debug_aranges  0x00000000      0x538
 *(.debug_aranges)
 .debug_aranges
                0x00000000       0x48 CMakeFiles/ryansullivan_quadcopter_flightcontroller.elf.dir/src/commonio.c.obj
 .debug_aranges
                0x00000048       0x48 CMakeFiles/ryansullivan_quadcopter_flightcontroller.elf.dir/src/debug.c.obj
 .debug_aranges
                0x00000090       0x68 CMakeFiles/ryansullivan_quadcopter_flightcontroller.elf.dir/src/i2c.c.obj
 .debug_aranges
                0x000000f8       0xb8 CMakeFiles/ryansullivan_quadcopter_flightcontroller.elf.dir/src/io.c.obj
 .debug_aranges
                0x000001b0       0x30 CMakeFiles/ryansullivan_quadcopter_flightcontroller.elf.dir/src/main.c.obj
 .debug_aranges
                0x000001e0       0x38 CMakeFiles/ryansullivan_quadcopter_flightcontroller.elf.dir/src/port.c.obj
 .debug_aranges
                0x00000218       0x58 CMakeFiles/ryansullivan_quadcopter_flightcontroller.elf.dir/src/spi.c.obj
 .debug_aranges
                0x00000270       0x60 CMakeFiles/ryansullivan_quadcopter_flightcontroller.elf.dir/src/startup.c.obj
 .debug_aranges
                0x000002d0       0x38 CMakeFiles/ryansullivan_quadcopter_flightcontroller.elf.dir/src/usart.c.obj
 .debug_aranges
                0x00000308       0x28 CMakeFiles/ryansullivan_quadcopter_flightcontroller.elf.dir/src/utils.c.obj
 .debug_aranges
                0x00000330       0x28 CMakeFiles/ryansullivan_quadcopter_flightcontroller.elf.dir/lib/src/cmsis/system_stm32f3xx.c.obj
 .debug_aranges
                0x00000358       0x30 CMakeFiles/ryansullivan_quadcopter_flightcontroller.elf.dir/lib/src/stm32f3-hal/stm32f3xx_ll_dma.c.obj
 .debug_aranges
                0x00000388       0x30 CMakeFiles/ryansullivan_quadcopter_flightcontroller.elf.dir/lib/src/stm32f3-hal/stm32f3xx_ll_exti.c.obj
 .debug_aranges
                0x000003b8       0x30 CMakeFiles/ryansullivan_quadcopter_flightcontroller.elf.dir/lib/src/stm32f3-hal/stm32f3xx_ll_gpio.c.obj
 .debug_aranges
                0x000003e8       0x30 CMakeFiles/ryansullivan_quadcopter_flightcontroller.elf.dir/lib/src/stm32f3-hal/stm32f3xx_ll_i2c.c.obj
 .debug_aranges
                0x00000418       0x88 CMakeFiles/ryansullivan_quadcopter_flightcontroller.elf.dir/lib/src/stm32f3-hal/stm32f3xx_ll_rcc.c.obj
 .debug_aranges
                0x000004a0       0x58 CMakeFiles/ryansullivan_quadcopter_flightcontroller.elf.dir/lib/src/stm32f3-hal/stm32f3xx_ll_spi.c.obj
 .debug_aranges
                0x000004f8       0x40 CMakeFiles/ryansullivan_quadcopter_flightcontroller.elf.dir/lib/src/stm32f3-hal/stm32f3xx_ll_usart.c.obj

.debug_pubnames
 *(.debug_pubnames)

.debug_info     0x00000000     0xc291
 *(.debug_info .gnu.linkonce.wi.*)
 .debug_info    0x00000000     0x1182 CMakeFiles/ryansullivan_quadcopter_flightcontroller.elf.dir/src/commonio.c.obj
 .debug_info    0x00001182      0x4d2 CMakeFiles/ryansullivan_quadcopter_flightcontroller.elf.dir/src/debug.c.obj
 .debug_info    0x00001654     0x144e CMakeFiles/ryansullivan_quadcopter_flightcontroller.elf.dir/src/i2c.c.obj
 .debug_info    0x00002aa2     0x18bb CMakeFiles/ryansullivan_quadcopter_flightcontroller.elf.dir/src/io.c.obj
 .debug_info    0x0000435d     0x10d1 CMakeFiles/ryansullivan_quadcopter_flightcontroller.elf.dir/src/main.c.obj
 .debug_info    0x0000542e      0x410 CMakeFiles/ryansullivan_quadcopter_flightcontroller.elf.dir/src/port.c.obj
 .debug_info    0x0000583e     0x12b5 CMakeFiles/ryansullivan_quadcopter_flightcontroller.elf.dir/src/spi.c.obj
 .debug_info    0x00006af3      0x48c CMakeFiles/ryansullivan_quadcopter_flightcontroller.elf.dir/src/startup.c.obj
 .debug_info    0x00006f7f      0xe12 CMakeFiles/ryansullivan_quadcopter_flightcontroller.elf.dir/src/usart.c.obj
 .debug_info    0x00007d91       0xc5 CMakeFiles/ryansullivan_quadcopter_flightcontroller.elf.dir/src/utils.c.obj
 .debug_info    0x00007e56      0x40b CMakeFiles/ryansullivan_quadcopter_flightcontroller.elf.dir/lib/src/cmsis/system_stm32f3xx.c.obj
 .debug_info    0x00008261      0x67e CMakeFiles/ryansullivan_quadcopter_flightcontroller.elf.dir/lib/src/stm32f3-hal/stm32f3xx_ll_dma.c.obj
 .debug_info    0x000088df      0x889 CMakeFiles/ryansullivan_quadcopter_flightcontroller.elf.dir/lib/src/stm32f3-hal/stm32f3xx_ll_exti.c.obj
 .debug_info    0x00009168      0xaba CMakeFiles/ryansullivan_quadcopter_flightcontroller.elf.dir/lib/src/stm32f3-hal/stm32f3xx_ll_gpio.c.obj
 .debug_info    0x00009c22      0x716 CMakeFiles/ryansullivan_quadcopter_flightcontroller.elf.dir/lib/src/stm32f3-hal/stm32f3xx_ll_i2c.c.obj
 .debug_info    0x0000a338      0xdbe CMakeFiles/ryansullivan_quadcopter_flightcontroller.elf.dir/lib/src/stm32f3-hal/stm32f3xx_ll_rcc.c.obj
 .debug_info    0x0000b0f6      0x8a3 CMakeFiles/ryansullivan_quadcopter_flightcontroller.elf.dir/lib/src/stm32f3-hal/stm32f3xx_ll_spi.c.obj
 .debug_info    0x0000b999      0x8f8 CMakeFiles/ryansullivan_quadcopter_flightcontroller.elf.dir/lib/src/stm32f3-hal/stm32f3xx_ll_usart.c.obj

.debug_abbrev   0x00000000     0x25d6
 *(.debug_abbrev)
 .debug_abbrev  0x00000000      0x2b2 CMakeFiles/ryansullivan_quadcopter_flightcontroller.elf.dir/src/commonio.c.obj
 .debug_abbrev  0x000002b2      0x1b7 CMakeFiles/ryansullivan_quadcopter_flightcontroller.elf.dir/src/debug.c.obj
 .debug_abbrev  0x00000469      0x2c1 CMakeFiles/ryansullivan_quadcopter_flightcontroller.elf.dir/src/i2c.c.obj
 .debug_abbrev  0x0000072a      0x2bf CMakeFiles/ryansullivan_quadcopter_flightcontroller.elf.dir/src/io.c.obj
 .debug_abbrev  0x000009e9      0x191 CMakeFiles/ryansullivan_quadcopter_flightcontroller.elf.dir/src/main.c.obj
 .debug_abbrev  0x00000b7a      0x1f5 CMakeFiles/ryansullivan_quadcopter_flightcontroller.elf.dir/src/port.c.obj
 .debug_abbrev  0x00000d6f      0x2a6 CMakeFiles/ryansullivan_quadcopter_flightcontroller.elf.dir/src/spi.c.obj
 .debug_abbrev  0x00001015      0x14b CMakeFiles/ryansullivan_quadcopter_flightcontroller.elf.dir/src/startup.c.obj
 .debug_abbrev  0x00001160      0x271 CMakeFiles/ryansullivan_quadcopter_flightcontroller.elf.dir/src/usart.c.obj
 .debug_abbrev  0x000013d1       0x99 CMakeFiles/ryansullivan_quadcopter_flightcontroller.elf.dir/src/utils.c.obj
 .debug_abbrev  0x0000146a      0x11c CMakeFiles/ryansullivan_quadcopter_flightcontroller.elf.dir/lib/src/cmsis/system_stm32f3xx.c.obj
 .debug_abbrev  0x00001586      0x221 CMakeFiles/ryansullivan_quadcopter_flightcontroller.elf.dir/lib/src/stm32f3-hal/stm32f3xx_ll_dma.c.obj
 .debug_abbrev  0x000017a7      0x1f2 CMakeFiles/ryansullivan_quadcopter_flightcontroller.elf.dir/lib/src/stm32f3-hal/stm32f3xx_ll_exti.c.obj
 .debug_abbrev  0x00001999      0x269 CMakeFiles/ryansullivan_quadcopter_flightcontroller.elf.dir/lib/src/stm32f3-hal/stm32f3xx_ll_gpio.c.obj
 .debug_abbrev  0x00001c02      0x1db CMakeFiles/ryansullivan_quadcopter_flightcontroller.elf.dir/lib/src/stm32f3-hal/stm32f3xx_ll_i2c.c.obj
 .debug_abbrev  0x00001ddd      0x2aa CMakeFiles/ryansullivan_quadcopter_flightcontroller.elf.dir/lib/src/stm32f3-hal/stm32f3xx_ll_rcc.c.obj
 .debug_abbrev  0x00002087      0x2a5 CMakeFiles/ryansullivan_quadcopter_flightcontroller.elf.dir/lib/src/stm32f3-hal/stm32f3xx_ll_spi.c.obj
 .debug_abbrev  0x0000232c      0x2aa CMakeFiles/ryansullivan_quadcopter_flightcontroller.elf.dir/lib/src/stm32f3-hal/stm32f3xx_ll_usart.c.obj

.debug_line     0x00000000     0x6fe0
 *(.debug_line)
 .debug_line    0x00000000      0x807 CMakeFiles/ryansullivan_quadcopter_flightcontroller.elf.dir/src/commonio.c.obj
 .debug_line    0x00000807      0x3f0 CMakeFiles/ryansullivan_quadcopter_flightcontroller.elf.dir/src/debug.c.obj
 .debug_line    0x00000bf7      0x802 CMakeFiles/ryansullivan_quadcopter_flightcontroller.elf.dir/src/i2c.c.obj
 .debug_line    0x000013f9      0xa4a CMakeFiles/ryansullivan_quadcopter_flightcontroller.elf.dir/src/io.c.obj
 .debug_line    0x00001e43      0x853 CMakeFiles/ryansullivan_quadcopter_flightcontroller.elf.dir/src/main.c.obj
 .debug_line    0x00002696      0x47b CMakeFiles/ryansullivan_quadcopter_flightcontroller.elf.dir/src/port.c.obj
 .debug_line    0x00002b11      0x7f7 CMakeFiles/ryansullivan_quadcopter_flightcontroller.elf.dir/src/spi.c.obj
 .debug_line    0x00003308      0x36c CMakeFiles/ryansullivan_quadcopter_flightcontroller.elf.dir/src/startup.c.obj
 .debug_line    0x00003674      0x5cf CMakeFiles/ryansullivan_quadcopter_flightcontroller.elf.dir/src/usart.c.obj
 .debug_line    0x00003c43      0x156 CMakeFiles/ryansullivan_quadcopter_flightcontroller.elf.dir/src/utils.c.obj
 .debug_line    0x00003d99      0x2c0 CMakeFiles/ryansullivan_quadcopter_flightcontroller.elf.dir/lib/src/cmsis/system_stm32f3xx.c.obj
 .debug_line    0x00004059      0x5b1 CMakeFiles/ryansullivan_quadcopter_flightcontroller.elf.dir/lib/src/stm32f3-hal/stm32f3xx_ll_dma.c.obj
 .debug_line    0x0000460a      0x626 CMakeFiles/ryansullivan_quadcopter_flightcontroller.elf.dir/lib/src/stm32f3-hal/stm32f3xx_ll_exti.c.obj
 .debug_line    0x00004c30      0x71d CMakeFiles/ryansullivan_quadcopter_flightcontroller.elf.dir/lib/src/stm32f3-hal/stm32f3xx_ll_gpio.c.obj
 .debug_line    0x0000534d      0x472 CMakeFiles/ryansullivan_quadcopter_flightcontroller.elf.dir/lib/src/stm32f3-hal/stm32f3xx_ll_i2c.c.obj
 .debug_line    0x000057bf      0xb01 CMakeFiles/ryansullivan_quadcopter_flightcontroller.elf.dir/lib/src/stm32f3-hal/stm32f3xx_ll_rcc.c.obj
 .debug_line    0x000062c0      0x67e CMakeFiles/ryansullivan_quadcopter_flightcontroller.elf.dir/lib/src/stm32f3-hal/stm32f3xx_ll_spi.c.obj
 .debug_line    0x0000693e      0x6a2 CMakeFiles/ryansullivan_quadcopter_flightcontroller.elf.dir/lib/src/stm32f3-hal/stm32f3xx_ll_usart.c.obj

.debug_frame    0x00000000     0x1358
 *(.debug_frame)
 .debug_frame   0x00000000       0x84 CMakeFiles/ryansullivan_quadcopter_flightcontroller.elf.dir/src/commonio.c.obj
 .debug_frame   0x00000084       0xb8 CMakeFiles/ryansullivan_quadcopter_flightcontroller.elf.dir/src/debug.c.obj
 .debug_frame   0x0000013c       0xf4 CMakeFiles/ryansullivan_quadcopter_flightcontroller.elf.dir/src/i2c.c.obj
 .debug_frame   0x00000230      0x1e0 CMakeFiles/ryansullivan_quadcopter_flightcontroller.elf.dir/src/io.c.obj
 .debug_frame   0x00000410       0x88 CMakeFiles/ryansullivan_quadcopter_flightcontroller.elf.dir/src/main.c.obj
 .debug_frame   0x00000498       0x60 CMakeFiles/ryansullivan_quadcopter_flightcontroller.elf.dir/src/port.c.obj
 .debug_frame   0x000004f8       0xc8 CMakeFiles/ryansullivan_quadcopter_flightcontroller.elf.dir/src/spi.c.obj
 .debug_frame   0x000005c0      0x108 CMakeFiles/ryansullivan_quadcopter_flightcontroller.elf.dir/src/startup.c.obj
 .debug_frame   0x000006c8       0x60 CMakeFiles/ryansullivan_quadcopter_flightcontroller.elf.dir/src/usart.c.obj
 .debug_frame   0x00000728       0x30 CMakeFiles/ryansullivan_quadcopter_flightcontroller.elf.dir/src/utils.c.obj
 .debug_frame   0x00000758       0x30 CMakeFiles/ryansullivan_quadcopter_flightcontroller.elf.dir/lib/src/cmsis/system_stm32f3xx.c.obj
 .debug_frame   0x00000788       0x48 CMakeFiles/ryansullivan_quadcopter_flightcontroller.elf.dir/lib/src/stm32f3-hal/stm32f3xx_ll_dma.c.obj
 .debug_frame   0x000007d0       0x4c CMakeFiles/ryansullivan_quadcopter_flightcontroller.elf.dir/lib/src/stm32f3-hal/stm32f3xx_ll_exti.c.obj
 .debug_frame   0x0000081c       0x68 CMakeFiles/ryansullivan_quadcopter_flightcontroller.elf.dir/lib/src/stm32f3-hal/stm32f3xx_ll_gpio.c.obj
 .debug_frame   0x00000884       0x4c CMakeFiles/ryansullivan_quadcopter_flightcontroller.elf.dir/lib/src/stm32f3-hal/stm32f3xx_ll_i2c.c.obj
 .debug_frame   0x000008d0      0x144 CMakeFiles/ryansullivan_quadcopter_flightcontroller.elf.dir/lib/src/stm32f3-hal/stm32f3xx_ll_rcc.c.obj
 .debug_frame   0x00000a14       0xcc CMakeFiles/ryansullivan_quadcopter_flightcontroller.elf.dir/lib/src/stm32f3-hal/stm32f3xx_ll_spi.c.obj
 .debug_frame   0x00000ae0       0x78 CMakeFiles/ryansullivan_quadcopter_flightcontroller.elf.dir/lib/src/stm32f3-hal/stm32f3xx_ll_usart.c.obj
 .debug_frame   0x00000b58       0x38 c:/progra~2/gnuarm~1/102020~1/bin/../lib/gcc/arm-none-eabi/10.2.1/../../../../arm-none-eabi/lib/thumb/v7e-m/nofp\libm.a(lib_a-s_atan.o)
 .debug_frame   0x00000b90       0x3c c:/progra~2/gnuarm~1/102020~1/bin/../lib/gcc/arm-none-eabi/10.2.1/../../../../arm-none-eabi/lib/thumb/v7e-m/nofp\libm.a(lib_a-s_cos.o)
 .debug_frame   0x00000bcc       0x20 c:/progra~2/gnuarm~1/102020~1/bin/../lib/gcc/arm-none-eabi/10.2.1/../../../../arm-none-eabi/lib/thumb/v7e-m/nofp\libm.a(lib_a-s_fabs.o)
 .debug_frame   0x00000bec       0x38 c:/progra~2/gnuarm~1/102020~1/bin/../lib/gcc/arm-none-eabi/10.2.1/../../../../arm-none-eabi/lib/thumb/v7e-m/nofp\libm.a(lib_a-s_sin.o)
 .debug_frame   0x00000c24       0x20 c:/progra~2/gnuarm~1/102020~1/bin/../lib/gcc/arm-none-eabi/10.2.1/../../../../arm-none-eabi/lib/thumb/v7e-m/nofp\libm.a(lib_a-w_atan2.o)
 .debug_frame   0x00000c44       0x34 c:/progra~2/gnuarm~1/102020~1/bin/../lib/gcc/arm-none-eabi/10.2.1/../../../../arm-none-eabi/lib/thumb/v7e-m/nofp\libm.a(lib_a-w_pow.o)
 .debug_frame   0x00000c78       0x30 c:/progra~2/gnuarm~1/102020~1/bin/../lib/gcc/arm-none-eabi/10.2.1/../../../../arm-none-eabi/lib/thumb/v7e-m/nofp\libm.a(lib_a-w_sqrt.o)
 .debug_frame   0x00000ca8       0x48 c:/progra~2/gnuarm~1/102020~1/bin/../lib/gcc/arm-none-eabi/10.2.1/../../../../arm-none-eabi/lib/thumb/v7e-m/nofp\libm.a(lib_a-e_atan2.o)
 .debug_frame   0x00000cf0       0x64 c:/progra~2/gnuarm~1/102020~1/bin/../lib/gcc/arm-none-eabi/10.2.1/../../../../arm-none-eabi/lib/thumb/v7e-m/nofp\libm.a(lib_a-e_pow.o)
 .debug_frame   0x00000d54       0x4c c:/progra~2/gnuarm~1/102020~1/bin/../lib/gcc/arm-none-eabi/10.2.1/../../../../arm-none-eabi/lib/thumb/v7e-m/nofp\libm.a(lib_a-e_rem_pio2.o)
 .debug_frame   0x00000da0       0x34 c:/progra~2/gnuarm~1/102020~1/bin/../lib/gcc/arm-none-eabi/10.2.1/../../../../arm-none-eabi/lib/thumb/v7e-m/nofp\libm.a(lib_a-e_sqrt.o)
 .debug_frame   0x00000dd4       0x4c c:/progra~2/gnuarm~1/102020~1/bin/../lib/gcc/arm-none-eabi/10.2.1/../../../../arm-none-eabi/lib/thumb/v7e-m/nofp\libm.a(lib_a-k_cos.o)
 .debug_frame   0x00000e20       0x58 c:/progra~2/gnuarm~1/102020~1/bin/../lib/gcc/arm-none-eabi/10.2.1/../../../../arm-none-eabi/lib/thumb/v7e-m/nofp\libm.a(lib_a-k_rem_pio2.o)
 .debug_frame   0x00000e78       0x48 c:/progra~2/gnuarm~1/102020~1/bin/../lib/gcc/arm-none-eabi/10.2.1/../../../../arm-none-eabi/lib/thumb/v7e-m/nofp\libm.a(lib_a-k_sin.o)
 .debug_frame   0x00000ec0       0x20 c:/progra~2/gnuarm~1/102020~1/bin/../lib/gcc/arm-none-eabi/10.2.1/../../../../arm-none-eabi/lib/thumb/v7e-m/nofp\libm.a(lib_a-s_finite.o)
 .debug_frame   0x00000ee0       0x30 c:/progra~2/gnuarm~1/102020~1/bin/../lib/gcc/arm-none-eabi/10.2.1/../../../../arm-none-eabi/lib/thumb/v7e-m/nofp\libm.a(lib_a-s_floor.o)
 .debug_frame   0x00000f10       0x20 c:/progra~2/gnuarm~1/102020~1/bin/../lib/gcc/arm-none-eabi/10.2.1/../../../../arm-none-eabi/lib/thumb/v7e-m/nofp\libm.a(lib_a-s_nan.o)
 .debug_frame   0x00000f30       0x44 c:/progra~2/gnuarm~1/102020~1/bin/../lib/gcc/arm-none-eabi/10.2.1/../../../../arm-none-eabi/lib/thumb/v7e-m/nofp\libm.a(lib_a-s_rint.o)
 .debug_frame   0x00000f74       0x2c c:/progra~2/gnuarm~1/102020~1/bin/../lib/gcc/arm-none-eabi/10.2.1/../../../../arm-none-eabi/lib/thumb/v7e-m/nofp\libm.a(lib_a-s_scalbn.o)
 .debug_frame   0x00000fa0       0xac c:/progra~2/gnuarm~1/102020~1/bin/../lib/gcc/arm-none-eabi/10.2.1/thumb/v7e-m/nofp\libgcc.a(_arm_addsubdf3.o)
 .debug_frame   0x0000104c       0x50 c:/progra~2/gnuarm~1/102020~1/bin/../lib/gcc/arm-none-eabi/10.2.1/thumb/v7e-m/nofp\libgcc.a(_arm_muldivdf3.o)
 .debug_frame   0x0000109c       0xc4 c:/progra~2/gnuarm~1/102020~1/bin/../lib/gcc/arm-none-eabi/10.2.1/thumb/v7e-m/nofp\libgcc.a(_arm_cmpdf2.o)
 .debug_frame   0x00001160       0x20 c:/progra~2/gnuarm~1/102020~1/bin/../lib/gcc/arm-none-eabi/10.2.1/thumb/v7e-m/nofp\libgcc.a(_arm_unorddf2.o)
 .debug_frame   0x00001180       0x24 c:/progra~2/gnuarm~1/102020~1/bin/../lib/gcc/arm-none-eabi/10.2.1/thumb/v7e-m/nofp\libgcc.a(_arm_fixdfsi.o)
 .debug_frame   0x000011a4       0x20 c:/progra~2/gnuarm~1/102020~1/bin/../lib/gcc/arm-none-eabi/10.2.1/../../../../arm-none-eabi/lib/thumb/v7e-m/nofp\libg.a(lib_a-errno.o)
 .debug_frame   0x000011c4       0x5c c:/progra~2/gnuarm~1/102020~1/bin/../lib/gcc/arm-none-eabi/10.2.1/../../../../arm-none-eabi/lib/thumb/v7e-m/nofp\libg.a(lib_a-__call_atexit.o)
 .debug_frame   0x00001220       0x20 c:/progra~2/gnuarm~1/102020~1/bin/../lib/gcc/arm-none-eabi/10.2.1/../../../../arm-none-eabi/lib/thumb/v7e-m/nofp\libg.a(lib_a-atexit.o)
 .debug_frame   0x00001240       0x34 c:/progra~2/gnuarm~1/102020~1/bin/../lib/gcc/arm-none-eabi/10.2.1/../../../../arm-none-eabi/lib/thumb/v7e-m/nofp\libg.a(lib_a-fini.o)
 .debug_frame   0x00001274       0xb0 c:/progra~2/gnuarm~1/102020~1/bin/../lib/gcc/arm-none-eabi/10.2.1/../../../../arm-none-eabi/lib/thumb/v7e-m/nofp\libg.a(lib_a-lock.o)
 .debug_frame   0x00001324       0x34 c:/progra~2/gnuarm~1/102020~1/bin/../lib/gcc/arm-none-eabi/10.2.1/../../../../arm-none-eabi/lib/thumb/v7e-m/nofp\libg.a(lib_a-__atexit.o)

.debug_str      0x00000000    0x87b58
 *(.debug_str)
 .debug_str     0x00000000    0x77ac5 CMakeFiles/ryansullivan_quadcopter_flightcontroller.elf.dir/src/commonio.c.obj
                              0x77db1 (size before relaxing)
 .debug_str     0x00077ac5      0x330 CMakeFiles/ryansullivan_quadcopter_flightcontroller.elf.dir/src/debug.c.obj
                              0x723b0 (size before relaxing)
 .debug_str     0x00077df5     0x2bb2 CMakeFiles/ryansullivan_quadcopter_flightcontroller.elf.dir/src/i2c.c.obj
                              0x75112 (size before relaxing)
 .debug_str     0x0007a9a7     0x34d5 CMakeFiles/ryansullivan_quadcopter_flightcontroller.elf.dir/src/io.c.obj
                              0x7732d (size before relaxing)
 .debug_str     0x0007de7c     0x388a CMakeFiles/ryansullivan_quadcopter_flightcontroller.elf.dir/src/main.c.obj
                               0x8ff8 (size before relaxing)
 .debug_str     0x00081706      0x168 CMakeFiles/ryansullivan_quadcopter_flightcontroller.elf.dir/src/port.c.obj
                              0x72cf4 (size before relaxing)
 .debug_str     0x0008186e     0x1542 CMakeFiles/ryansullivan_quadcopter_flightcontroller.elf.dir/src/spi.c.obj
                              0x7533d (size before relaxing)
 .debug_str     0x00082db0      0x139 CMakeFiles/ryansullivan_quadcopter_flightcontroller.elf.dir/src/startup.c.obj
                              0x721a5 (size before relaxing)
 .debug_str     0x00082ee9     0x133a CMakeFiles/ryansullivan_quadcopter_flightcontroller.elf.dir/src/usart.c.obj
                              0x7537e (size before relaxing)
 .debug_str     0x00084223       0x68 CMakeFiles/ryansullivan_quadcopter_flightcontroller.elf.dir/src/utils.c.obj
                               0x388e (size before relaxing)
 .debug_str     0x0008428b      0x139 CMakeFiles/ryansullivan_quadcopter_flightcontroller.elf.dir/lib/src/cmsis/system_stm32f3xx.c.obj
                              0x72187 (size before relaxing)
 .debug_str     0x000843c4      0x854 CMakeFiles/ryansullivan_quadcopter_flightcontroller.elf.dir/lib/src/stm32f3-hal/stm32f3xx_ll_dma.c.obj
                              0x74716 (size before relaxing)
 .debug_str     0x00084c18      0x487 CMakeFiles/ryansullivan_quadcopter_flightcontroller.elf.dir/lib/src/stm32f3-hal/stm32f3xx_ll_exti.c.obj
                              0x72b5c (size before relaxing)
 .debug_str     0x0008509f      0x675 CMakeFiles/ryansullivan_quadcopter_flightcontroller.elf.dir/lib/src/stm32f3-hal/stm32f3xx_ll_gpio.c.obj
                              0x73617 (size before relaxing)
 .debug_str     0x00085714      0x44a CMakeFiles/ryansullivan_quadcopter_flightcontroller.elf.dir/lib/src/stm32f3-hal/stm32f3xx_ll_i2c.c.obj
                              0x73c9b (size before relaxing)
 .debug_str     0x00085b5e      0x773 CMakeFiles/ryansullivan_quadcopter_flightcontroller.elf.dir/lib/src/stm32f3-hal/stm32f3xx_ll_rcc.c.obj
                              0x75b16 (size before relaxing)
 .debug_str     0x000862d1     0x1032 CMakeFiles/ryansullivan_quadcopter_flightcontroller.elf.dir/lib/src/stm32f3-hal/stm32f3xx_ll_spi.c.obj
                              0x77d97 (size before relaxing)
 .debug_str     0x00087303      0x855 CMakeFiles/ryansullivan_quadcopter_flightcontroller.elf.dir/lib/src/stm32f3-hal/stm32f3xx_ll_usart.c.obj
                              0x774b9 (size before relaxing)

.debug_loc      0x00000000     0x4466
 *(.debug_loc)
 .debug_loc     0x00000000      0x407 CMakeFiles/ryansullivan_quadcopter_flightcontroller.elf.dir/src/commonio.c.obj
 .debug_loc     0x00000407      0x112 CMakeFiles/ryansullivan_quadcopter_flightcontroller.elf.dir/src/debug.c.obj
 .debug_loc     0x00000519      0x68b CMakeFiles/ryansullivan_quadcopter_flightcontroller.elf.dir/src/i2c.c.obj
 .debug_loc     0x00000ba4      0x41c CMakeFiles/ryansullivan_quadcopter_flightcontroller.elf.dir/src/io.c.obj
 .debug_loc     0x00000fc0      0x28a CMakeFiles/ryansullivan_quadcopter_flightcontroller.elf.dir/src/main.c.obj
 .debug_loc     0x0000124a      0x1b5 CMakeFiles/ryansullivan_quadcopter_flightcontroller.elf.dir/src/port.c.obj
 .debug_loc     0x000013ff      0x472 CMakeFiles/ryansullivan_quadcopter_flightcontroller.elf.dir/src/spi.c.obj
 .debug_loc     0x00001871       0xb0 CMakeFiles/ryansullivan_quadcopter_flightcontroller.elf.dir/src/startup.c.obj
 .debug_loc     0x00001921      0x294 CMakeFiles/ryansullivan_quadcopter_flightcontroller.elf.dir/src/usart.c.obj
 .debug_loc     0x00001bb5      0x123 CMakeFiles/ryansullivan_quadcopter_flightcontroller.elf.dir/lib/src/cmsis/system_stm32f3xx.c.obj
 .debug_loc     0x00001cd8      0x482 CMakeFiles/ryansullivan_quadcopter_flightcontroller.elf.dir/lib/src/stm32f3-hal/stm32f3xx_ll_dma.c.obj
 .debug_loc     0x0000215a      0x47a CMakeFiles/ryansullivan_quadcopter_flightcontroller.elf.dir/lib/src/stm32f3-hal/stm32f3xx_ll_exti.c.obj
 .debug_loc     0x000025d4      0x663 CMakeFiles/ryansullivan_quadcopter_flightcontroller.elf.dir/lib/src/stm32f3-hal/stm32f3xx_ll_gpio.c.obj
 .debug_loc     0x00002c37      0x287 CMakeFiles/ryansullivan_quadcopter_flightcontroller.elf.dir/lib/src/stm32f3-hal/stm32f3xx_ll_i2c.c.obj
 .debug_loc     0x00002ebe      0x8e0 CMakeFiles/ryansullivan_quadcopter_flightcontroller.elf.dir/lib/src/stm32f3-hal/stm32f3xx_ll_rcc.c.obj
 .debug_loc     0x0000379e      0x644 CMakeFiles/ryansullivan_quadcopter_flightcontroller.elf.dir/lib/src/stm32f3-hal/stm32f3xx_ll_spi.c.obj
 .debug_loc     0x00003de2      0x684 CMakeFiles/ryansullivan_quadcopter_flightcontroller.elf.dir/lib/src/stm32f3-hal/stm32f3xx_ll_usart.c.obj

.debug_macinfo
 *(.debug_macinfo)

.debug_weaknames
 *(.debug_weaknames)

.debug_funcnames
 *(.debug_funcnames)

.debug_typenames
 *(.debug_typenames)

.debug_varnames
 *(.debug_varnames)
OUTPUT(ryansullivan_quadcopter_flightcontroller.elf elf32-littlearm)
LOAD linker stubs

.debug_ranges   0x00000000      0x6a0
 .debug_ranges  0x00000000       0x38 CMakeFiles/ryansullivan_quadcopter_flightcontroller.elf.dir/src/commonio.c.obj
 .debug_ranges  0x00000038       0x38 CMakeFiles/ryansullivan_quadcopter_flightcontroller.elf.dir/src/debug.c.obj
 .debug_ranges  0x00000070       0x58 CMakeFiles/ryansullivan_quadcopter_flightcontroller.elf.dir/src/i2c.c.obj
 .debug_ranges  0x000000c8       0xa8 CMakeFiles/ryansullivan_quadcopter_flightcontroller.elf.dir/src/io.c.obj
 .debug_ranges  0x00000170       0x50 CMakeFiles/ryansullivan_quadcopter_flightcontroller.elf.dir/src/main.c.obj
 .debug_ranges  0x000001c0       0x28 CMakeFiles/ryansullivan_quadcopter_flightcontroller.elf.dir/src/port.c.obj
 .debug_ranges  0x000001e8       0x48 CMakeFiles/ryansullivan_quadcopter_flightcontroller.elf.dir/src/spi.c.obj
 .debug_ranges  0x00000230       0x50 CMakeFiles/ryansullivan_quadcopter_flightcontroller.elf.dir/src/startup.c.obj
 .debug_ranges  0x00000280       0x28 CMakeFiles/ryansullivan_quadcopter_flightcontroller.elf.dir/src/usart.c.obj
 .debug_ranges  0x000002a8       0x18 CMakeFiles/ryansullivan_quadcopter_flightcontroller.elf.dir/src/utils.c.obj
 .debug_ranges  0x000002c0       0x18 CMakeFiles/ryansullivan_quadcopter_flightcontroller.elf.dir/lib/src/cmsis/system_stm32f3xx.c.obj
 .debug_ranges  0x000002d8       0xc8 CMakeFiles/ryansullivan_quadcopter_flightcontroller.elf.dir/lib/src/stm32f3-hal/stm32f3xx_ll_dma.c.obj
 .debug_ranges  0x000003a0       0x50 CMakeFiles/ryansullivan_quadcopter_flightcontroller.elf.dir/lib/src/stm32f3-hal/stm32f3xx_ll_exti.c.obj
 .debug_ranges  0x000003f0       0xb0 CMakeFiles/ryansullivan_quadcopter_flightcontroller.elf.dir/lib/src/stm32f3-hal/stm32f3xx_ll_gpio.c.obj
 .debug_ranges  0x000004a0       0x50 CMakeFiles/ryansullivan_quadcopter_flightcontroller.elf.dir/lib/src/stm32f3-hal/stm32f3xx_ll_i2c.c.obj
 .debug_ranges  0x000004f0       0x78 CMakeFiles/ryansullivan_quadcopter_flightcontroller.elf.dir/lib/src/stm32f3-hal/stm32f3xx_ll_rcc.c.obj
 .debug_ranges  0x00000568       0x60 CMakeFiles/ryansullivan_quadcopter_flightcontroller.elf.dir/lib/src/stm32f3-hal/stm32f3xx_ll_spi.c.obj
 .debug_ranges  0x000005c8       0xd8 CMakeFiles/ryansullivan_quadcopter_flightcontroller.elf.dir/lib/src/stm32f3-hal/stm32f3xx_ll_usart.c.obj

.debug_macro    0x00000000    0x18cc3
 .debug_macro   0x00000000       0xf4 CMakeFiles/ryansullivan_quadcopter_flightcontroller.elf.dir/src/commonio.c.obj
 .debug_macro   0x000000f4      0xa78 CMakeFiles/ryansullivan_quadcopter_flightcontroller.elf.dir/src/commonio.c.obj
 .debug_macro   0x00000b6c       0x22 CMakeFiles/ryansullivan_quadcopter_flightcontroller.elf.dir/src/commonio.c.obj
 .debug_macro   0x00000b8e      0x34e CMakeFiles/ryansullivan_quadcopter_flightcontroller.elf.dir/src/commonio.c.obj
 .debug_macro   0x00000edc       0x2e CMakeFiles/ryansullivan_quadcopter_flightcontroller.elf.dir/src/commonio.c.obj
 .debug_macro   0x00000f0a       0x28 CMakeFiles/ryansullivan_quadcopter_flightcontroller.elf.dir/src/commonio.c.obj
 .debug_macro   0x00000f32       0x1c CMakeFiles/ryansullivan_quadcopter_flightcontroller.elf.dir/src/commonio.c.obj
 .debug_macro   0x00000f4e       0x22 CMakeFiles/ryansullivan_quadcopter_flightcontroller.elf.dir/src/commonio.c.obj
 .debug_macro   0x00000f70       0xd9 CMakeFiles/ryansullivan_quadcopter_flightcontroller.elf.dir/src/commonio.c.obj
 .debug_macro   0x00001049     0x102d CMakeFiles/ryansullivan_quadcopter_flightcontroller.elf.dir/src/commonio.c.obj
 .debug_macro   0x00002076      0x11f CMakeFiles/ryansullivan_quadcopter_flightcontroller.elf.dir/src/commonio.c.obj
 .debug_macro   0x00002195    0x12a33 CMakeFiles/ryansullivan_quadcopter_flightcontroller.elf.dir/src/commonio.c.obj
 .debug_macro   0x00014bc8       0x43 CMakeFiles/ryansullivan_quadcopter_flightcontroller.elf.dir/src/commonio.c.obj
 .debug_macro   0x00014c0b      0x27b CMakeFiles/ryansullivan_quadcopter_flightcontroller.elf.dir/src/commonio.c.obj
 .debug_macro   0x00014e86      0x123 CMakeFiles/ryansullivan_quadcopter_flightcontroller.elf.dir/src/commonio.c.obj
 .debug_macro   0x00014fa9      0x5e6 CMakeFiles/ryansullivan_quadcopter_flightcontroller.elf.dir/src/commonio.c.obj
 .debug_macro   0x0001558f       0x34 CMakeFiles/ryansullivan_quadcopter_flightcontroller.elf.dir/src/commonio.c.obj
 .debug_macro   0x000155c3       0xb3 CMakeFiles/ryansullivan_quadcopter_flightcontroller.elf.dir/src/debug.c.obj
 .debug_macro   0x00015676       0x58 CMakeFiles/ryansullivan_quadcopter_flightcontroller.elf.dir/src/debug.c.obj
 .debug_macro   0x000156ce       0xc4 CMakeFiles/ryansullivan_quadcopter_flightcontroller.elf.dir/src/i2c.c.obj
 .debug_macro   0x00015792      0x240 CMakeFiles/ryansullivan_quadcopter_flightcontroller.elf.dir/src/i2c.c.obj
 .debug_macro   0x000159d2      0x287 CMakeFiles/ryansullivan_quadcopter_flightcontroller.elf.dir/src/i2c.c.obj
 .debug_macro   0x00015c59      0x173 CMakeFiles/ryansullivan_quadcopter_flightcontroller.elf.dir/src/io.c.obj
 .debug_macro   0x00015dcc      0x16d CMakeFiles/ryansullivan_quadcopter_flightcontroller.elf.dir/src/io.c.obj
 .debug_macro   0x00015f39      0x13c CMakeFiles/ryansullivan_quadcopter_flightcontroller.elf.dir/src/io.c.obj
 .debug_macro   0x00016075      0x141 CMakeFiles/ryansullivan_quadcopter_flightcontroller.elf.dir/src/io.c.obj
 .debug_macro   0x000161b6      0x281 CMakeFiles/ryansullivan_quadcopter_flightcontroller.elf.dir/src/io.c.obj
 .debug_macro   0x00016437      0x306 CMakeFiles/ryansullivan_quadcopter_flightcontroller.elf.dir/src/io.c.obj
 .debug_macro   0x0001673d      0x15a CMakeFiles/ryansullivan_quadcopter_flightcontroller.elf.dir/src/io.c.obj
 .debug_macro   0x00016897       0x11 CMakeFiles/ryansullivan_quadcopter_flightcontroller.elf.dir/src/io.c.obj
 .debug_macro   0x000168a8      0x127 CMakeFiles/ryansullivan_quadcopter_flightcontroller.elf.dir/src/main.c.obj
 .debug_macro   0x000169cf       0x22 CMakeFiles/ryansullivan_quadcopter_flightcontroller.elf.dir/src/main.c.obj
 .debug_macro   0x000169f1       0x5e CMakeFiles/ryansullivan_quadcopter_flightcontroller.elf.dir/src/main.c.obj
 .debug_macro   0x00016a4f       0x18 CMakeFiles/ryansullivan_quadcopter_flightcontroller.elf.dir/src/main.c.obj
 .debug_macro   0x00016a67       0x94 CMakeFiles/ryansullivan_quadcopter_flightcontroller.elf.dir/src/main.c.obj
 .debug_macro   0x00016afb       0x35 CMakeFiles/ryansullivan_quadcopter_flightcontroller.elf.dir/src/main.c.obj
 .debug_macro   0x00016b30       0x34 CMakeFiles/ryansullivan_quadcopter_flightcontroller.elf.dir/src/main.c.obj
 .debug_macro   0x00016b64       0x16 CMakeFiles/ryansullivan_quadcopter_flightcontroller.elf.dir/src/main.c.obj
 .debug_macro   0x00016b7a       0x43 CMakeFiles/ryansullivan_quadcopter_flightcontroller.elf.dir/src/main.c.obj
 .debug_macro   0x00016bbd       0x57 CMakeFiles/ryansullivan_quadcopter_flightcontroller.elf.dir/src/main.c.obj
 .debug_macro   0x00016c14       0x34 CMakeFiles/ryansullivan_quadcopter_flightcontroller.elf.dir/src/main.c.obj
 .debug_macro   0x00016c48       0x10 CMakeFiles/ryansullivan_quadcopter_flightcontroller.elf.dir/src/main.c.obj
 .debug_macro   0x00016c58       0x58 CMakeFiles/ryansullivan_quadcopter_flightcontroller.elf.dir/src/main.c.obj
 .debug_macro   0x00016cb0      0x182 CMakeFiles/ryansullivan_quadcopter_flightcontroller.elf.dir/src/main.c.obj
 .debug_macro   0x00016e32      0x356 CMakeFiles/ryansullivan_quadcopter_flightcontroller.elf.dir/src/main.c.obj
 .debug_macro   0x00017188      0x1a9 CMakeFiles/ryansullivan_quadcopter_flightcontroller.elf.dir/src/main.c.obj
 .debug_macro   0x00017331       0xb9 CMakeFiles/ryansullivan_quadcopter_flightcontroller.elf.dir/src/port.c.obj
 .debug_macro   0x000173ea       0xcd CMakeFiles/ryansullivan_quadcopter_flightcontroller.elf.dir/src/spi.c.obj
 .debug_macro   0x000174b7      0x2e5 CMakeFiles/ryansullivan_quadcopter_flightcontroller.elf.dir/src/spi.c.obj
 .debug_macro   0x0001779c       0xb4 CMakeFiles/ryansullivan_quadcopter_flightcontroller.elf.dir/src/startup.c.obj
 .debug_macro   0x00017850       0xc9 CMakeFiles/ryansullivan_quadcopter_flightcontroller.elf.dir/src/usart.c.obj
 .debug_macro   0x00017919      0x2ea CMakeFiles/ryansullivan_quadcopter_flightcontroller.elf.dir/src/usart.c.obj
 .debug_macro   0x00017c03       0x31 CMakeFiles/ryansullivan_quadcopter_flightcontroller.elf.dir/src/utils.c.obj
 .debug_macro   0x00017c34       0xa1 CMakeFiles/ryansullivan_quadcopter_flightcontroller.elf.dir/lib/src/cmsis/system_stm32f3xx.c.obj
 .debug_macro   0x00017cd5       0xe3 CMakeFiles/ryansullivan_quadcopter_flightcontroller.elf.dir/lib/src/stm32f3-hal/stm32f3xx_ll_dma.c.obj
 .debug_macro   0x00017db8      0x281 CMakeFiles/ryansullivan_quadcopter_flightcontroller.elf.dir/lib/src/stm32f3-hal/stm32f3xx_ll_dma.c.obj
 .debug_macro   0x00018039       0xbc CMakeFiles/ryansullivan_quadcopter_flightcontroller.elf.dir/lib/src/stm32f3-hal/stm32f3xx_ll_exti.c.obj
 .debug_macro   0x000180f5      0x13b CMakeFiles/ryansullivan_quadcopter_flightcontroller.elf.dir/lib/src/stm32f3-hal/stm32f3xx_ll_exti.c.obj
 .debug_macro   0x00018230       0xd1 CMakeFiles/ryansullivan_quadcopter_flightcontroller.elf.dir/lib/src/stm32f3-hal/stm32f3xx_ll_gpio.c.obj
 .debug_macro   0x00018301       0xd1 CMakeFiles/ryansullivan_quadcopter_flightcontroller.elf.dir/lib/src/stm32f3-hal/stm32f3xx_ll_i2c.c.obj
 .debug_macro   0x000183d2       0xcf CMakeFiles/ryansullivan_quadcopter_flightcontroller.elf.dir/lib/src/stm32f3-hal/stm32f3xx_ll_rcc.c.obj
 .debug_macro   0x000184a1      0x5e0 CMakeFiles/ryansullivan_quadcopter_flightcontroller.elf.dir/lib/src/stm32f3-hal/stm32f3xx_ll_rcc.c.obj
 .debug_macro   0x00018a81      0x13e CMakeFiles/ryansullivan_quadcopter_flightcontroller.elf.dir/lib/src/stm32f3-hal/stm32f3xx_ll_spi.c.obj
 .debug_macro   0x00018bbf      0x104 CMakeFiles/ryansullivan_quadcopter_flightcontroller.elf.dir/lib/src/stm32f3-hal/stm32f3xx_ll_usart.c.obj
