
Discarded input sections

 .text          0x0000000000000000        0x0 ./src/commonio.o
 .data          0x0000000000000000        0x0 ./src/commonio.o
 .bss           0x0000000000000000        0x0 ./src/commonio.o
 .text          0x0000000000000000        0x0 ./src/comms.o
 .data          0x0000000000000000        0x0 ./src/comms.o
 .bss           0x0000000000000000        0x0 ./src/comms.o
 .text.comms_usart1_isr
                0x0000000000000000       0x12 ./src/comms.o
 .text          0x0000000000000000        0x0 ./src/io.o
 .data          0x0000000000000000        0x0 ./src/io.o
 .bss           0x0000000000000000        0x0 ./src/io.o
 .text.initialise_gpio
                0x0000000000000000        0x2 ./src/io.o
 .text          0x0000000000000000        0x0 ./src/main.o
 .data          0x0000000000000000        0x0 ./src/main.o
 .bss           0x0000000000000000        0x0 ./src/main.o
 .text.main_1ms_timer_isr
                0x0000000000000000       0x12 ./src/main.o
 .text          0x0000000000000000        0x0 ./src/startup.o
 .data          0x0000000000000000        0x0 ./src/startup.o
 .bss           0x0000000000000000        0x0 ./src/startup.o
 .text.dummy_isr
                0x0000000000000000        0xa ./src/startup.o
 .vectors       0x0000000000000000      0x130 ./src/startup.o
 .text          0x0000000000000000        0x0 ./STlib/src/stm32f3-hal/stm32f3xx_ll_adc.o
 .data          0x0000000000000000        0x0 ./STlib/src/stm32f3-hal/stm32f3xx_ll_adc.o
 .bss           0x0000000000000000        0x0 ./STlib/src/stm32f3-hal/stm32f3xx_ll_adc.o
 .text.LL_ADC_CommonDeInit
                0x0000000000000000       0x34 ./STlib/src/stm32f3-hal/stm32f3xx_ll_adc.o
 .text.LL_ADC_CommonInit
                0x0000000000000000       0x5c ./STlib/src/stm32f3-hal/stm32f3xx_ll_adc.o
 .text.LL_ADC_CommonStructInit
                0x0000000000000000       0x10 ./STlib/src/stm32f3-hal/stm32f3xx_ll_adc.o
 .text.LL_ADC_DeInit
                0x0000000000000000      0x1e0 ./STlib/src/stm32f3-hal/stm32f3xx_ll_adc.o
 .text.LL_ADC_Init
                0x0000000000000000       0x2a ./STlib/src/stm32f3-hal/stm32f3xx_ll_adc.o
 .text.LL_ADC_StructInit
                0x0000000000000000        0xa ./STlib/src/stm32f3-hal/stm32f3xx_ll_adc.o
 .text.LL_ADC_REG_Init
                0x0000000000000000       0x48 ./STlib/src/stm32f3-hal/stm32f3xx_ll_adc.o
 .text.LL_ADC_REG_StructInit
                0x0000000000000000       0x14 ./STlib/src/stm32f3-hal/stm32f3xx_ll_adc.o
 .text.LL_ADC_INJ_Init
                0x0000000000000000       0x32 ./STlib/src/stm32f3-hal/stm32f3xx_ll_adc.o
 .text.LL_ADC_INJ_StructInit
                0x0000000000000000        0xc ./STlib/src/stm32f3-hal/stm32f3xx_ll_adc.o
 .debug_info    0x0000000000000000      0xdea ./STlib/src/stm32f3-hal/stm32f3xx_ll_adc.o
 .debug_abbrev  0x0000000000000000      0x255 ./STlib/src/stm32f3-hal/stm32f3xx_ll_adc.o
 .debug_loc     0x0000000000000000      0x4e3 ./STlib/src/stm32f3-hal/stm32f3xx_ll_adc.o
 .debug_aranges
                0x0000000000000000       0x68 ./STlib/src/stm32f3-hal/stm32f3xx_ll_adc.o
 .debug_ranges  0x0000000000000000      0x180 ./STlib/src/stm32f3-hal/stm32f3xx_ll_adc.o
 .debug_line    0x0000000000000000      0x649 ./STlib/src/stm32f3-hal/stm32f3xx_ll_adc.o
 .debug_str     0x0000000000000000      0x78d ./STlib/src/stm32f3-hal/stm32f3xx_ll_adc.o
 .comment       0x0000000000000000       0x5a ./STlib/src/stm32f3-hal/stm32f3xx_ll_adc.o
 .debug_frame   0x0000000000000000       0xf0 ./STlib/src/stm32f3-hal/stm32f3xx_ll_adc.o
 .ARM.attributes
                0x0000000000000000       0x2e ./STlib/src/stm32f3-hal/stm32f3xx_ll_adc.o
 .text          0x0000000000000000        0x0 ./STlib/src/stm32f3-hal/stm32f3xx_ll_comp.o
 .data          0x0000000000000000        0x0 ./STlib/src/stm32f3-hal/stm32f3xx_ll_comp.o
 .bss           0x0000000000000000        0x0 ./STlib/src/stm32f3-hal/stm32f3xx_ll_comp.o
 .text.LL_COMP_DeInit
                0x0000000000000000       0x10 ./STlib/src/stm32f3-hal/stm32f3xx_ll_comp.o
 .text.LL_COMP_Init
                0x0000000000000000       0x38 ./STlib/src/stm32f3-hal/stm32f3xx_ll_comp.o
 .text.LL_COMP_StructInit
                0x0000000000000000       0x14 ./STlib/src/stm32f3-hal/stm32f3xx_ll_comp.o
 .debug_info    0x0000000000000000      0x2ea ./STlib/src/stm32f3-hal/stm32f3xx_ll_comp.o
 .debug_abbrev  0x0000000000000000      0x1aa ./STlib/src/stm32f3-hal/stm32f3xx_ll_comp.o
 .debug_loc     0x0000000000000000       0xe2 ./STlib/src/stm32f3-hal/stm32f3xx_ll_comp.o
 .debug_aranges
                0x0000000000000000       0x30 ./STlib/src/stm32f3-hal/stm32f3xx_ll_comp.o
 .debug_ranges  0x0000000000000000       0x20 ./STlib/src/stm32f3-hal/stm32f3xx_ll_comp.o
 .debug_line    0x0000000000000000      0x1e5 ./STlib/src/stm32f3-hal/stm32f3xx_ll_comp.o
 .debug_str     0x0000000000000000      0x32f ./STlib/src/stm32f3-hal/stm32f3xx_ll_comp.o
 .comment       0x0000000000000000       0x5a ./STlib/src/stm32f3-hal/stm32f3xx_ll_comp.o
 .debug_frame   0x0000000000000000       0x48 ./STlib/src/stm32f3-hal/stm32f3xx_ll_comp.o
 .ARM.attributes
                0x0000000000000000       0x2e ./STlib/src/stm32f3-hal/stm32f3xx_ll_comp.o
 .text          0x0000000000000000        0x0 ./STlib/src/stm32f3-hal/stm32f3xx_ll_crc.o
 .data          0x0000000000000000        0x0 ./STlib/src/stm32f3-hal/stm32f3xx_ll_crc.o
 .bss           0x0000000000000000        0x0 ./STlib/src/stm32f3-hal/stm32f3xx_ll_crc.o
 .text.LL_CRC_DeInit
                0x0000000000000000       0x44 ./STlib/src/stm32f3-hal/stm32f3xx_ll_crc.o
 .debug_info    0x0000000000000000      0x45b ./STlib/src/stm32f3-hal/stm32f3xx_ll_crc.o
 .debug_abbrev  0x0000000000000000      0x1b7 ./STlib/src/stm32f3-hal/stm32f3xx_ll_crc.o
 .debug_loc     0x0000000000000000      0x1a4 ./STlib/src/stm32f3-hal/stm32f3xx_ll_crc.o
 .debug_aranges
                0x0000000000000000       0x20 ./STlib/src/stm32f3-hal/stm32f3xx_ll_crc.o
 .debug_ranges  0x0000000000000000       0x28 ./STlib/src/stm32f3-hal/stm32f3xx_ll_crc.o
 .debug_line    0x0000000000000000      0x1e1 ./STlib/src/stm32f3-hal/stm32f3xx_ll_crc.o
 .debug_str     0x0000000000000000      0x386 ./STlib/src/stm32f3-hal/stm32f3xx_ll_crc.o
 .comment       0x0000000000000000       0x5a ./STlib/src/stm32f3-hal/stm32f3xx_ll_crc.o
 .debug_frame   0x0000000000000000       0x20 ./STlib/src/stm32f3-hal/stm32f3xx_ll_crc.o
 .ARM.attributes
                0x0000000000000000       0x2e ./STlib/src/stm32f3-hal/stm32f3xx_ll_crc.o
 .text          0x0000000000000000        0x0 ./STlib/src/stm32f3-hal/stm32f3xx_ll_dac.o
 .data          0x0000000000000000        0x0 ./STlib/src/stm32f3-hal/stm32f3xx_ll_dac.o
 .bss           0x0000000000000000        0x0 ./STlib/src/stm32f3-hal/stm32f3xx_ll_dac.o
 .text.LL_DAC_DeInit
                0x0000000000000000       0x24 ./STlib/src/stm32f3-hal/stm32f3xx_ll_dac.o
 .text.LL_DAC_Init
                0x0000000000000000       0x52 ./STlib/src/stm32f3-hal/stm32f3xx_ll_dac.o
 .text.LL_DAC_StructInit
                0x0000000000000000        0xe ./STlib/src/stm32f3-hal/stm32f3xx_ll_dac.o
 .debug_info    0x0000000000000000      0x4b6 ./STlib/src/stm32f3-hal/stm32f3xx_ll_dac.o
 .debug_abbrev  0x0000000000000000      0x1fa ./STlib/src/stm32f3-hal/stm32f3xx_ll_dac.o
 .debug_loc     0x0000000000000000      0x156 ./STlib/src/stm32f3-hal/stm32f3xx_ll_dac.o
 .debug_aranges
                0x0000000000000000       0x30 ./STlib/src/stm32f3-hal/stm32f3xx_ll_dac.o
 .debug_ranges  0x0000000000000000       0x40 ./STlib/src/stm32f3-hal/stm32f3xx_ll_dac.o
 .debug_line    0x0000000000000000      0x20f ./STlib/src/stm32f3-hal/stm32f3xx_ll_dac.o
 .debug_str     0x0000000000000000      0x3fb ./STlib/src/stm32f3-hal/stm32f3xx_ll_dac.o
 .comment       0x0000000000000000       0x5a ./STlib/src/stm32f3-hal/stm32f3xx_ll_dac.o
 .debug_frame   0x0000000000000000       0x4c ./STlib/src/stm32f3-hal/stm32f3xx_ll_dac.o
 .ARM.attributes
                0x0000000000000000       0x2e ./STlib/src/stm32f3-hal/stm32f3xx_ll_dac.o
 .text          0x0000000000000000        0x0 ./STlib/src/stm32f3-hal/stm32f3xx_ll_dma.o
 .data          0x0000000000000000        0x0 ./STlib/src/stm32f3-hal/stm32f3xx_ll_dma.o
 .bss           0x0000000000000000        0x0 ./STlib/src/stm32f3-hal/stm32f3xx_ll_dma.o
 .text.LL_DMA_DeInit
                0x0000000000000000       0xf8 ./STlib/src/stm32f3-hal/stm32f3xx_ll_dma.o
 .text.LL_DMA_Init
                0x0000000000000000       0x50 ./STlib/src/stm32f3-hal/stm32f3xx_ll_dma.o
 .text.LL_DMA_StructInit
                0x0000000000000000       0x18 ./STlib/src/stm32f3-hal/stm32f3xx_ll_dma.o
 .rodata.CHANNEL_OFFSET_TAB
                0x0000000000000000        0x7 ./STlib/src/stm32f3-hal/stm32f3xx_ll_dma.o
 .debug_info    0x0000000000000000      0x6fa ./STlib/src/stm32f3-hal/stm32f3xx_ll_dma.o
 .debug_abbrev  0x0000000000000000      0x274 ./STlib/src/stm32f3-hal/stm32f3xx_ll_dma.o
 .debug_loc     0x0000000000000000      0x2ff ./STlib/src/stm32f3-hal/stm32f3xx_ll_dma.o
 .debug_aranges
                0x0000000000000000       0x30 ./STlib/src/stm32f3-hal/stm32f3xx_ll_dma.o
 .debug_ranges  0x0000000000000000       0x68 ./STlib/src/stm32f3-hal/stm32f3xx_ll_dma.o
 .debug_line    0x0000000000000000      0x39d ./STlib/src/stm32f3-hal/stm32f3xx_ll_dma.o
 .debug_str     0x0000000000000000      0x4b4 ./STlib/src/stm32f3-hal/stm32f3xx_ll_dma.o
 .comment       0x0000000000000000       0x5a ./STlib/src/stm32f3-hal/stm32f3xx_ll_dma.o
 .debug_frame   0x0000000000000000       0x4c ./STlib/src/stm32f3-hal/stm32f3xx_ll_dma.o
 .ARM.attributes
                0x0000000000000000       0x2e ./STlib/src/stm32f3-hal/stm32f3xx_ll_dma.o
 .text          0x0000000000000000        0x0 ./STlib/src/stm32f3-hal/stm32f3xx_ll_exti.o
 .data          0x0000000000000000        0x0 ./STlib/src/stm32f3-hal/stm32f3xx_ll_exti.o
 .bss           0x0000000000000000        0x0 ./STlib/src/stm32f3-hal/stm32f3xx_ll_exti.o
 .text.LL_EXTI_DeInit
                0x0000000000000000       0x34 ./STlib/src/stm32f3-hal/stm32f3xx_ll_exti.o
 .text.LL_EXTI_Init
                0x0000000000000000      0x140 ./STlib/src/stm32f3-hal/stm32f3xx_ll_exti.o
 .text.LL_EXTI_StructInit
                0x0000000000000000        0xe ./STlib/src/stm32f3-hal/stm32f3xx_ll_exti.o
 .debug_info    0x0000000000000000      0x7ce ./STlib/src/stm32f3-hal/stm32f3xx_ll_exti.o
 .debug_abbrev  0x0000000000000000      0x235 ./STlib/src/stm32f3-hal/stm32f3xx_ll_exti.o
 .debug_loc     0x0000000000000000      0x1e6 ./STlib/src/stm32f3-hal/stm32f3xx_ll_exti.o
 .debug_aranges
                0x0000000000000000       0x30 ./STlib/src/stm32f3-hal/stm32f3xx_ll_exti.o
 .debug_ranges  0x0000000000000000       0x98 ./STlib/src/stm32f3-hal/stm32f3xx_ll_exti.o
 .debug_line    0x0000000000000000      0x437 ./STlib/src/stm32f3-hal/stm32f3xx_ll_exti.o
 .debug_str     0x0000000000000000      0x50c ./STlib/src/stm32f3-hal/stm32f3xx_ll_exti.o
 .comment       0x0000000000000000       0x5a ./STlib/src/stm32f3-hal/stm32f3xx_ll_exti.o
 .debug_frame   0x0000000000000000       0x4c ./STlib/src/stm32f3-hal/stm32f3xx_ll_exti.o
 .ARM.attributes
                0x0000000000000000       0x2e ./STlib/src/stm32f3-hal/stm32f3xx_ll_exti.o
 .text          0x0000000000000000        0x0 ./STlib/src/stm32f3-hal/stm32f3xx_ll_gpio.o
 .data          0x0000000000000000        0x0 ./STlib/src/stm32f3-hal/stm32f3xx_ll_gpio.o
 .bss           0x0000000000000000        0x0 ./STlib/src/stm32f3-hal/stm32f3xx_ll_gpio.o
 .text.LL_GPIO_DeInit
                0x0000000000000000       0xd0 ./STlib/src/stm32f3-hal/stm32f3xx_ll_gpio.o
 .text.LL_GPIO_Init
                0x0000000000000000      0x140 ./STlib/src/stm32f3-hal/stm32f3xx_ll_gpio.o
 .text.LL_GPIO_StructInit
                0x0000000000000000       0x16 ./STlib/src/stm32f3-hal/stm32f3xx_ll_gpio.o
 .debug_info    0x0000000000000000      0xb23 ./STlib/src/stm32f3-hal/stm32f3xx_ll_gpio.o
 .debug_abbrev  0x0000000000000000      0x27d ./STlib/src/stm32f3-hal/stm32f3xx_ll_gpio.o
 .debug_loc     0x0000000000000000      0x5ae ./STlib/src/stm32f3-hal/stm32f3xx_ll_gpio.o
 .debug_aranges
                0x0000000000000000       0x30 ./STlib/src/stm32f3-hal/stm32f3xx_ll_gpio.o
 .debug_ranges  0x0000000000000000       0x90 ./STlib/src/stm32f3-hal/stm32f3xx_ll_gpio.o
 .debug_line    0x0000000000000000      0x52e ./STlib/src/stm32f3-hal/stm32f3xx_ll_gpio.o
 .debug_str     0x0000000000000000      0x43e ./STlib/src/stm32f3-hal/stm32f3xx_ll_gpio.o
 .comment       0x0000000000000000       0x5a ./STlib/src/stm32f3-hal/stm32f3xx_ll_gpio.o
 .debug_frame   0x0000000000000000       0x58 ./STlib/src/stm32f3-hal/stm32f3xx_ll_gpio.o
 .ARM.attributes
                0x0000000000000000       0x2e ./STlib/src/stm32f3-hal/stm32f3xx_ll_gpio.o
 .text          0x0000000000000000        0x0 ./STlib/src/stm32f3-hal/stm32f3xx_ll_hrtim.o
 .data          0x0000000000000000        0x0 ./STlib/src/stm32f3-hal/stm32f3xx_ll_hrtim.o
 .bss           0x0000000000000000        0x0 ./STlib/src/stm32f3-hal/stm32f3xx_ll_hrtim.o
 .debug_info    0x0000000000000000       0xed ./STlib/src/stm32f3-hal/stm32f3xx_ll_hrtim.o
 .debug_abbrev  0x0000000000000000       0x7b ./STlib/src/stm32f3-hal/stm32f3xx_ll_hrtim.o
 .debug_aranges
                0x0000000000000000       0x18 ./STlib/src/stm32f3-hal/stm32f3xx_ll_hrtim.o
 .debug_line    0x0000000000000000       0x8d ./STlib/src/stm32f3-hal/stm32f3xx_ll_hrtim.o
 .debug_str     0x0000000000000000      0x235 ./STlib/src/stm32f3-hal/stm32f3xx_ll_hrtim.o
 .comment       0x0000000000000000       0x5a ./STlib/src/stm32f3-hal/stm32f3xx_ll_hrtim.o
 .ARM.attributes
                0x0000000000000000       0x33 ./STlib/src/stm32f3-hal/stm32f3xx_ll_hrtim.o
 .text          0x0000000000000000        0x0 ./STlib/src/stm32f3-hal/stm32f3xx_ll_i2c.o
 .data          0x0000000000000000        0x0 ./STlib/src/stm32f3-hal/stm32f3xx_ll_i2c.o
 .bss           0x0000000000000000        0x0 ./STlib/src/stm32f3-hal/stm32f3xx_ll_i2c.o
 .text.LL_I2C_DeInit
                0x0000000000000000       0x44 ./STlib/src/stm32f3-hal/stm32f3xx_ll_i2c.o
 .text.LL_I2C_Init
                0x0000000000000000       0x6a ./STlib/src/stm32f3-hal/stm32f3xx_ll_i2c.o
 .text.LL_I2C_StructInit
                0x0000000000000000       0x16 ./STlib/src/stm32f3-hal/stm32f3xx_ll_i2c.o
 .debug_info    0x0000000000000000      0x78f ./STlib/src/stm32f3-hal/stm32f3xx_ll_i2c.o
 .debug_abbrev  0x0000000000000000      0x1fa ./STlib/src/stm32f3-hal/stm32f3xx_ll_i2c.o
 .debug_loc     0x0000000000000000      0x23f ./STlib/src/stm32f3-hal/stm32f3xx_ll_i2c.o
 .debug_aranges
                0x0000000000000000       0x30 ./STlib/src/stm32f3-hal/stm32f3xx_ll_i2c.o
 .debug_ranges  0x0000000000000000       0x70 ./STlib/src/stm32f3-hal/stm32f3xx_ll_i2c.o
 .debug_line    0x0000000000000000      0x2e9 ./STlib/src/stm32f3-hal/stm32f3xx_ll_i2c.o
 .debug_str     0x0000000000000000      0x479 ./STlib/src/stm32f3-hal/stm32f3xx_ll_i2c.o
 .comment       0x0000000000000000       0x5a ./STlib/src/stm32f3-hal/stm32f3xx_ll_i2c.o
 .debug_frame   0x0000000000000000       0x48 ./STlib/src/stm32f3-hal/stm32f3xx_ll_i2c.o
 .ARM.attributes
                0x0000000000000000       0x2e ./STlib/src/stm32f3-hal/stm32f3xx_ll_i2c.o
 .text          0x0000000000000000        0x0 ./STlib/src/stm32f3-hal/stm32f3xx_ll_opamp.o
 .data          0x0000000000000000        0x0 ./STlib/src/stm32f3-hal/stm32f3xx_ll_opamp.o
 .bss           0x0000000000000000        0x0 ./STlib/src/stm32f3-hal/stm32f3xx_ll_opamp.o
 .text.LL_OPAMP_DeInit
                0x0000000000000000       0x10 ./STlib/src/stm32f3-hal/stm32f3xx_ll_opamp.o
 .text.LL_OPAMP_Init
                0x0000000000000000       0x38 ./STlib/src/stm32f3-hal/stm32f3xx_ll_opamp.o
 .text.LL_OPAMP_StructInit
                0x0000000000000000        0xe ./STlib/src/stm32f3-hal/stm32f3xx_ll_opamp.o
 .debug_info    0x0000000000000000      0x2a3 ./STlib/src/stm32f3-hal/stm32f3xx_ll_opamp.o
 .debug_abbrev  0x0000000000000000      0x1a8 ./STlib/src/stm32f3-hal/stm32f3xx_ll_opamp.o
 .debug_loc     0x0000000000000000       0xff ./STlib/src/stm32f3-hal/stm32f3xx_ll_opamp.o
 .debug_aranges
                0x0000000000000000       0x30 ./STlib/src/stm32f3-hal/stm32f3xx_ll_opamp.o
 .debug_ranges  0x0000000000000000       0x50 ./STlib/src/stm32f3-hal/stm32f3xx_ll_opamp.o
 .debug_line    0x0000000000000000      0x1f4 ./STlib/src/stm32f3-hal/stm32f3xx_ll_opamp.o
 .debug_str     0x0000000000000000      0x305 ./STlib/src/stm32f3-hal/stm32f3xx_ll_opamp.o
 .comment       0x0000000000000000       0x5a ./STlib/src/stm32f3-hal/stm32f3xx_ll_opamp.o
 .debug_frame   0x0000000000000000       0x4c ./STlib/src/stm32f3-hal/stm32f3xx_ll_opamp.o
 .ARM.attributes
                0x0000000000000000       0x2e ./STlib/src/stm32f3-hal/stm32f3xx_ll_opamp.o
 .text          0x0000000000000000        0x0 ./STlib/src/stm32f3-hal/stm32f3xx_ll_pwr.o
 .data          0x0000000000000000        0x0 ./STlib/src/stm32f3-hal/stm32f3xx_ll_pwr.o
 .bss           0x0000000000000000        0x0 ./STlib/src/stm32f3-hal/stm32f3xx_ll_pwr.o
 .text.LL_PWR_DeInit
                0x0000000000000000       0x1c ./STlib/src/stm32f3-hal/stm32f3xx_ll_pwr.o
 .debug_info    0x0000000000000000      0x287 ./STlib/src/stm32f3-hal/stm32f3xx_ll_pwr.o
 .debug_abbrev  0x0000000000000000      0x166 ./STlib/src/stm32f3-hal/stm32f3xx_ll_pwr.o
 .debug_loc     0x0000000000000000       0x30 ./STlib/src/stm32f3-hal/stm32f3xx_ll_pwr.o
 .debug_aranges
                0x0000000000000000       0x20 ./STlib/src/stm32f3-hal/stm32f3xx_ll_pwr.o
 .debug_ranges  0x0000000000000000       0x10 ./STlib/src/stm32f3-hal/stm32f3xx_ll_pwr.o
 .debug_line    0x0000000000000000      0x14f ./STlib/src/stm32f3-hal/stm32f3xx_ll_pwr.o
 .debug_str     0x0000000000000000      0x2e8 ./STlib/src/stm32f3-hal/stm32f3xx_ll_pwr.o
 .comment       0x0000000000000000       0x5a ./STlib/src/stm32f3-hal/stm32f3xx_ll_pwr.o
 .debug_frame   0x0000000000000000       0x20 ./STlib/src/stm32f3-hal/stm32f3xx_ll_pwr.o
 .ARM.attributes
                0x0000000000000000       0x2e ./STlib/src/stm32f3-hal/stm32f3xx_ll_pwr.o
 .text          0x0000000000000000        0x0 ./STlib/src/stm32f3-hal/stm32f3xx_ll_rcc.o
 .data          0x0000000000000000        0x0 ./STlib/src/stm32f3-hal/stm32f3xx_ll_rcc.o
 .bss           0x0000000000000000        0x0 ./STlib/src/stm32f3-hal/stm32f3xx_ll_rcc.o
 .text.RCC_GetHCLKClockFreq
                0x0000000000000000       0x18 ./STlib/src/stm32f3-hal/stm32f3xx_ll_rcc.o
 .text.RCC_GetPCLK1ClockFreq
                0x0000000000000000       0x18 ./STlib/src/stm32f3-hal/stm32f3xx_ll_rcc.o
 .text.RCC_GetPCLK2ClockFreq
                0x0000000000000000       0x18 ./STlib/src/stm32f3-hal/stm32f3xx_ll_rcc.o
 .text.RCC_PLL_GetFreqDomain_SYS
                0x0000000000000000       0x44 ./STlib/src/stm32f3-hal/stm32f3xx_ll_rcc.o
 .text.LL_RCC_GetUSBClockFreq
                0x0000000000000000       0x34 ./STlib/src/stm32f3-hal/stm32f3xx_ll_rcc.o
 .text.RCC_GetSystemClockFreq
                0x0000000000000000       0x1c ./STlib/src/stm32f3-hal/stm32f3xx_ll_rcc.o
 .text.LL_RCC_GetSystemClocksFreq
                0x0000000000000000       0x20 ./STlib/src/stm32f3-hal/stm32f3xx_ll_rcc.o
 .text.LL_RCC_GetUSARTClockFreq
                0x0000000000000000       0xdc ./STlib/src/stm32f3-hal/stm32f3xx_ll_rcc.o
 .text.LL_RCC_GetUARTClockFreq
                0x0000000000000000       0x98 ./STlib/src/stm32f3-hal/stm32f3xx_ll_rcc.o
 .text.LL_RCC_GetI2CClockFreq
                0x0000000000000000       0x3c ./STlib/src/stm32f3-hal/stm32f3xx_ll_rcc.o
 .text.LL_RCC_GetI2SClockFreq
                0x0000000000000000       0x18 ./STlib/src/stm32f3-hal/stm32f3xx_ll_rcc.o
 .text.LL_RCC_GetADCClockFreq
                0x0000000000000000       0x48 ./STlib/src/stm32f3-hal/stm32f3xx_ll_rcc.o
 .text.LL_RCC_GetTIMClockFreq
                0x0000000000000000       0x3c ./STlib/src/stm32f3-hal/stm32f3xx_ll_rcc.o
 .rodata.aADCPrescTable
                0x0000000000000000       0x20 ./STlib/src/stm32f3-hal/stm32f3xx_ll_rcc.o
 .text          0x0000000000000000        0x0 ./STlib/src/stm32f3-hal/stm32f3xx_ll_rtc.o
 .data          0x0000000000000000        0x0 ./STlib/src/stm32f3-hal/stm32f3xx_ll_rtc.o
 .bss           0x0000000000000000        0x0 ./STlib/src/stm32f3-hal/stm32f3xx_ll_rtc.o
 .text.LL_RTC_StructInit
                0x0000000000000000        0xe ./STlib/src/stm32f3-hal/stm32f3xx_ll_rtc.o
 .text.LL_RTC_TIME_StructInit
                0x0000000000000000        0xa ./STlib/src/stm32f3-hal/stm32f3xx_ll_rtc.o
 .text.LL_RTC_DATE_StructInit
                0x0000000000000000        0xe ./STlib/src/stm32f3-hal/stm32f3xx_ll_rtc.o
 .text.LL_RTC_ALMA_Init
                0x0000000000000000       0xe4 ./STlib/src/stm32f3-hal/stm32f3xx_ll_rtc.o
 .text.LL_RTC_ALMB_Init
                0x0000000000000000       0xe4 ./STlib/src/stm32f3-hal/stm32f3xx_ll_rtc.o
 .text.LL_RTC_ALMA_StructInit
                0x0000000000000000       0x12 ./STlib/src/stm32f3-hal/stm32f3xx_ll_rtc.o
 .text.LL_RTC_ALMB_StructInit
                0x0000000000000000        0x4 ./STlib/src/stm32f3-hal/stm32f3xx_ll_rtc.o
 .text.LL_RTC_EnterInitMode
                0x0000000000000000       0x50 ./STlib/src/stm32f3-hal/stm32f3xx_ll_rtc.o
 .text.LL_RTC_Init
                0x0000000000000000       0x4e ./STlib/src/stm32f3-hal/stm32f3xx_ll_rtc.o
 .text.LL_RTC_ExitInitMode
                0x0000000000000000        0xa ./STlib/src/stm32f3-hal/stm32f3xx_ll_rtc.o
 .text.LL_RTC_WaitForSynchro
                0x0000000000000000       0x88 ./STlib/src/stm32f3-hal/stm32f3xx_ll_rtc.o
 .text.LL_RTC_DeInit
                0x0000000000000000       0x50 ./STlib/src/stm32f3-hal/stm32f3xx_ll_rtc.o
 .text.LL_RTC_TIME_Init
                0x0000000000000000       0xb0 ./STlib/src/stm32f3-hal/stm32f3xx_ll_rtc.o
 .text.LL_RTC_DATE_Init
                0x0000000000000000       0xb8 ./STlib/src/stm32f3-hal/stm32f3xx_ll_rtc.o
 .debug_info    0x0000000000000000     0x1857 ./STlib/src/stm32f3-hal/stm32f3xx_ll_rtc.o
 .debug_abbrev  0x0000000000000000      0x389 ./STlib/src/stm32f3-hal/stm32f3xx_ll_rtc.o
 .debug_loc     0x0000000000000000     0x1580 ./STlib/src/stm32f3-hal/stm32f3xx_ll_rtc.o
 .debug_aranges
                0x0000000000000000       0x80 ./STlib/src/stm32f3-hal/stm32f3xx_ll_rtc.o
 .debug_ranges  0x0000000000000000      0x370 ./STlib/src/stm32f3-hal/stm32f3xx_ll_rtc.o
 .debug_line    0x0000000000000000      0xcfc ./STlib/src/stm32f3-hal/stm32f3xx_ll_rtc.o
 .debug_str     0x0000000000000000      0x81f ./STlib/src/stm32f3-hal/stm32f3xx_ll_rtc.o
 .comment       0x0000000000000000       0x5a ./STlib/src/stm32f3-hal/stm32f3xx_ll_rtc.o
 .debug_frame   0x0000000000000000      0x164 ./STlib/src/stm32f3-hal/stm32f3xx_ll_rtc.o
 .ARM.attributes
                0x0000000000000000       0x2e ./STlib/src/stm32f3-hal/stm32f3xx_ll_rtc.o
 .text          0x0000000000000000        0x0 ./STlib/src/stm32f3-hal/stm32f3xx_ll_spi.o
 .data          0x0000000000000000        0x0 ./STlib/src/stm32f3-hal/stm32f3xx_ll_spi.o
 .bss           0x0000000000000000        0x0 ./STlib/src/stm32f3-hal/stm32f3xx_ll_spi.o
 .text.LL_SPI_DeInit
                0x0000000000000000       0x64 ./STlib/src/stm32f3-hal/stm32f3xx_ll_spi.o
 .text.LL_SPI_Init
                0x0000000000000000       0x64 ./STlib/src/stm32f3-hal/stm32f3xx_ll_spi.o
 .text.LL_SPI_StructInit
                0x0000000000000000       0x1e ./STlib/src/stm32f3-hal/stm32f3xx_ll_spi.o
 .text.LL_I2S_DeInit
                0x0000000000000000        0x4 ./STlib/src/stm32f3-hal/stm32f3xx_ll_spi.o
 .text.LL_I2S_Init
                0x0000000000000000       0x98 ./STlib/src/stm32f3-hal/stm32f3xx_ll_spi.o
 .text.LL_I2S_StructInit
                0x0000000000000000       0x12 ./STlib/src/stm32f3-hal/stm32f3xx_ll_spi.o
 .text.LL_I2S_ConfigPrescaler
                0x0000000000000000       0x14 ./STlib/src/stm32f3-hal/stm32f3xx_ll_spi.o
 .text.LL_I2S_InitFullDuplex
                0x0000000000000000       0x40 ./STlib/src/stm32f3-hal/stm32f3xx_ll_spi.o
 .debug_info    0x0000000000000000      0x94d ./STlib/src/stm32f3-hal/stm32f3xx_ll_spi.o
 .debug_abbrev  0x0000000000000000      0x359 ./STlib/src/stm32f3-hal/stm32f3xx_ll_spi.o
 .debug_loc     0x0000000000000000      0x692 ./STlib/src/stm32f3-hal/stm32f3xx_ll_spi.o
 .debug_aranges
                0x0000000000000000       0x58 ./STlib/src/stm32f3-hal/stm32f3xx_ll_spi.o
 .debug_ranges  0x0000000000000000       0xf8 ./STlib/src/stm32f3-hal/stm32f3xx_ll_spi.o
 .debug_line    0x0000000000000000      0x4c7 ./STlib/src/stm32f3-hal/stm32f3xx_ll_spi.o
 .debug_str     0x0000000000000000      0x5ad ./STlib/src/stm32f3-hal/stm32f3xx_ll_spi.o
 .comment       0x0000000000000000       0x5a ./STlib/src/stm32f3-hal/stm32f3xx_ll_spi.o
 .debug_frame   0x0000000000000000       0xc4 ./STlib/src/stm32f3-hal/stm32f3xx_ll_spi.o
 .ARM.attributes
                0x0000000000000000       0x2e ./STlib/src/stm32f3-hal/stm32f3xx_ll_spi.o
 .text          0x0000000000000000        0x0 ./STlib/src/stm32f3-hal/stm32f3xx_ll_tim.o
 .data          0x0000000000000000        0x0 ./STlib/src/stm32f3-hal/stm32f3xx_ll_tim.o
 .bss           0x0000000000000000        0x0 ./STlib/src/stm32f3-hal/stm32f3xx_ll_tim.o
 .text.LL_TIM_DeInit
                0x0000000000000000      0x134 ./STlib/src/stm32f3-hal/stm32f3xx_ll_tim.o
 .text.LL_TIM_StructInit
                0x0000000000000000       0x12 ./STlib/src/stm32f3-hal/stm32f3xx_ll_tim.o
 .text.LL_TIM_Init
                0x0000000000000000       0xb8 ./STlib/src/stm32f3-hal/stm32f3xx_ll_tim.o
 .text.LL_TIM_OC_StructInit
                0x0000000000000000       0x14 ./STlib/src/stm32f3-hal/stm32f3xx_ll_tim.o
 .text.LL_TIM_OC_Init
                0x0000000000000000      0x304 ./STlib/src/stm32f3-hal/stm32f3xx_ll_tim.o
 .text.LL_TIM_IC_StructInit
                0x0000000000000000       0x10 ./STlib/src/stm32f3-hal/stm32f3xx_ll_tim.o
 .text.LL_TIM_IC_Init
                0x0000000000000000       0xde ./STlib/src/stm32f3-hal/stm32f3xx_ll_tim.o
 .text.LL_TIM_ENCODER_StructInit
                0x0000000000000000       0x1c ./STlib/src/stm32f3-hal/stm32f3xx_ll_tim.o
 .text.LL_TIM_ENCODER_Init
                0x0000000000000000       0x5e ./STlib/src/stm32f3-hal/stm32f3xx_ll_tim.o
 .text.LL_TIM_HALLSENSOR_StructInit
                0x0000000000000000        0xc ./STlib/src/stm32f3-hal/stm32f3xx_ll_tim.o
 .text.LL_TIM_HALLSENSOR_Init
                0x0000000000000000       0x5a ./STlib/src/stm32f3-hal/stm32f3xx_ll_tim.o
 .text.LL_TIM_BDTR_StructInit
                0x0000000000000000       0x1a ./STlib/src/stm32f3-hal/stm32f3xx_ll_tim.o
 .text.LL_TIM_BDTR_Init
                0x0000000000000000       0x78 ./STlib/src/stm32f3-hal/stm32f3xx_ll_tim.o
 .debug_info    0x0000000000000000     0x1794 ./STlib/src/stm32f3-hal/stm32f3xx_ll_tim.o
 .debug_abbrev  0x0000000000000000      0x2d1 ./STlib/src/stm32f3-hal/stm32f3xx_ll_tim.o
 .debug_loc     0x0000000000000000     0x1331 ./STlib/src/stm32f3-hal/stm32f3xx_ll_tim.o
 .debug_aranges
                0x0000000000000000       0x80 ./STlib/src/stm32f3-hal/stm32f3xx_ll_tim.o
 .debug_ranges  0x0000000000000000       0xf0 ./STlib/src/stm32f3-hal/stm32f3xx_ll_tim.o
 .debug_line    0x0000000000000000      0xb80 ./STlib/src/stm32f3-hal/stm32f3xx_ll_tim.o
 .debug_str     0x0000000000000000      0x970 ./STlib/src/stm32f3-hal/stm32f3xx_ll_tim.o
 .comment       0x0000000000000000       0x5a ./STlib/src/stm32f3-hal/stm32f3xx_ll_tim.o
 .debug_frame   0x0000000000000000      0x118 ./STlib/src/stm32f3-hal/stm32f3xx_ll_tim.o
 .ARM.attributes
                0x0000000000000000       0x2e ./STlib/src/stm32f3-hal/stm32f3xx_ll_tim.o
 .text          0x0000000000000000        0x0 ./STlib/src/stm32f3-hal/stm32f3xx_ll_usart.o
 .data          0x0000000000000000        0x0 ./STlib/src/stm32f3-hal/stm32f3xx_ll_usart.o
 .bss           0x0000000000000000        0x0 ./STlib/src/stm32f3-hal/stm32f3xx_ll_usart.o
 .text.LL_USART_DeInit
                0x0000000000000000       0xa0 ./STlib/src/stm32f3-hal/stm32f3xx_ll_usart.o
 .text.LL_USART_Init
                0x0000000000000000       0xd0 ./STlib/src/stm32f3-hal/stm32f3xx_ll_usart.o
 .text.LL_USART_StructInit
                0x0000000000000000       0x18 ./STlib/src/stm32f3-hal/stm32f3xx_ll_usart.o
 .text.LL_USART_ClockInit
                0x0000000000000000       0x3a ./STlib/src/stm32f3-hal/stm32f3xx_ll_usart.o
 .text.LL_USART_ClockStructInit
                0x0000000000000000        0xc ./STlib/src/stm32f3-hal/stm32f3xx_ll_usart.o
 .debug_info    0x0000000000000000      0x934 ./STlib/src/stm32f3-hal/stm32f3xx_ll_usart.o
 .debug_abbrev  0x0000000000000000      0x2b0 ./STlib/src/stm32f3-hal/stm32f3xx_ll_usart.o
 .debug_loc     0x0000000000000000      0x47f ./STlib/src/stm32f3-hal/stm32f3xx_ll_usart.o
 .debug_aranges
                0x0000000000000000       0x40 ./STlib/src/stm32f3-hal/stm32f3xx_ll_usart.o
 .debug_ranges  0x0000000000000000       0x90 ./STlib/src/stm32f3-hal/stm32f3xx_ll_usart.o
 .debug_line    0x0000000000000000      0x49d ./STlib/src/stm32f3-hal/stm32f3xx_ll_usart.o
 .debug_str     0x0000000000000000      0x55d ./STlib/src/stm32f3-hal/stm32f3xx_ll_usart.o
 .comment       0x0000000000000000       0x5a ./STlib/src/stm32f3-hal/stm32f3xx_ll_usart.o
 .debug_frame   0x0000000000000000       0x78 ./STlib/src/stm32f3-hal/stm32f3xx_ll_usart.o
 .ARM.attributes
                0x0000000000000000       0x2e ./STlib/src/stm32f3-hal/stm32f3xx_ll_usart.o
 .text          0x0000000000000000        0x0 ./STlib/src/stm32f3-hal/stm32f3xx_ll_utils.o
 .data          0x0000000000000000        0x0 ./STlib/src/stm32f3-hal/stm32f3xx_ll_utils.o
 .bss           0x0000000000000000        0x0 ./STlib/src/stm32f3-hal/stm32f3xx_ll_utils.o
 .text.UTILS_SetFlashLatency.part.0
                0x0000000000000000       0x3c ./STlib/src/stm32f3-hal/stm32f3xx_ll_utils.o
 .text.UTILS_EnablePLLAndSwitchSystem
                0x0000000000000000       0xb4 ./STlib/src/stm32f3-hal/stm32f3xx_ll_utils.o
 .text.LL_Init1msTick
                0x0000000000000000       0x1c ./STlib/src/stm32f3-hal/stm32f3xx_ll_utils.o
 .text.LL_mDelay
                0x0000000000000000       0x28 ./STlib/src/stm32f3-hal/stm32f3xx_ll_utils.o
 .text.LL_SetSystemCoreClock
                0x0000000000000000        0xc ./STlib/src/stm32f3-hal/stm32f3xx_ll_utils.o
 .text.LL_PLL_ConfigSystemClock_HSI
                0x0000000000000000       0x64 ./STlib/src/stm32f3-hal/stm32f3xx_ll_utils.o
 .text.LL_PLL_ConfigSystemClock_HSE
                0x0000000000000000       0x80 ./STlib/src/stm32f3-hal/stm32f3xx_ll_utils.o
 .debug_info    0x0000000000000000      0xc6f ./STlib/src/stm32f3-hal/stm32f3xx_ll_utils.o
 .debug_abbrev  0x0000000000000000      0x3d4 ./STlib/src/stm32f3-hal/stm32f3xx_ll_utils.o
 .debug_loc     0x0000000000000000      0x658 ./STlib/src/stm32f3-hal/stm32f3xx_ll_utils.o
 .debug_aranges
                0x0000000000000000       0x50 ./STlib/src/stm32f3-hal/stm32f3xx_ll_utils.o
 .debug_ranges  0x0000000000000000      0x1d0 ./STlib/src/stm32f3-hal/stm32f3xx_ll_utils.o
 .debug_line    0x0000000000000000      0x75f ./STlib/src/stm32f3-hal/stm32f3xx_ll_utils.o
 .debug_str     0x0000000000000000      0x67d ./STlib/src/stm32f3-hal/stm32f3xx_ll_utils.o
 .comment       0x0000000000000000       0x5a ./STlib/src/stm32f3-hal/stm32f3xx_ll_utils.o
 .debug_frame   0x0000000000000000       0xc8 ./STlib/src/stm32f3-hal/stm32f3xx_ll_utils.o
 .ARM.attributes
                0x0000000000000000       0x2e ./STlib/src/stm32f3-hal/stm32f3xx_ll_utils.o
 .text          0x0000000000000000        0x0 ./STlib/src/cmsis/system_stm32f3xx.o
 .data          0x0000000000000000        0x0 ./STlib/src/cmsis/system_stm32f3xx.o
 .bss           0x0000000000000000        0x0 ./STlib/src/cmsis/system_stm32f3xx.o
 .text.SystemInit
                0x0000000000000000       0x10 ./STlib/src/cmsis/system_stm32f3xx.o
 .text.SystemCoreClockUpdate
                0x0000000000000000       0x64 ./STlib/src/cmsis/system_stm32f3xx.o
 .data.SystemCoreClock
                0x0000000000000000        0x4 ./STlib/src/cmsis/system_stm32f3xx.o
 .rodata.AHBPrescTable
                0x0000000000000000       0x10 ./STlib/src/cmsis/system_stm32f3xx.o
 .rodata.APBPrescTable
                0x0000000000000000        0x8 ./STlib/src/cmsis/system_stm32f3xx.o
 .debug_info    0x0000000000000000      0x425 ./STlib/src/cmsis/system_stm32f3xx.o
 .debug_abbrev  0x0000000000000000      0x12c ./STlib/src/cmsis/system_stm32f3xx.o
 .debug_loc     0x0000000000000000       0xfe ./STlib/src/cmsis/system_stm32f3xx.o
 .debug_aranges
                0x0000000000000000       0x28 ./STlib/src/cmsis/system_stm32f3xx.o
 .debug_ranges  0x0000000000000000       0x18 ./STlib/src/cmsis/system_stm32f3xx.o
 .debug_line    0x0000000000000000      0x187 ./STlib/src/cmsis/system_stm32f3xx.o
 .debug_str     0x0000000000000000      0x31e ./STlib/src/cmsis/system_stm32f3xx.o
 .comment       0x0000000000000000       0x5a ./STlib/src/cmsis/system_stm32f3xx.o
 .debug_frame   0x0000000000000000       0x38 ./STlib/src/cmsis/system_stm32f3xx.o
 .ARM.attributes
                0x0000000000000000       0x2e ./STlib/src/cmsis/system_stm32f3xx.o

Memory Configuration

Name             Origin             Length             Attributes
FLASH            0x0000000008000000 0x0000000000040000 xr
RAM              0x0000000020000000 0x000000000000a000 xrw
MEMORY_B1        0x0000000060000000 0x0000000000000000 xr
*default*        0x0000000000000000 0xffffffffffffffff

Linker script and memory map

LOAD ./src/commonio.o
LOAD ./src/comms.o
LOAD ./src/io.o
LOAD ./src/main.o
LOAD ./src/startup.o
LOAD ./STlib/src/stm32f3-hal/stm32f3xx_ll_adc.o
LOAD ./STlib/src/stm32f3-hal/stm32f3xx_ll_comp.o
LOAD ./STlib/src/stm32f3-hal/stm32f3xx_ll_crc.o
LOAD ./STlib/src/stm32f3-hal/stm32f3xx_ll_dac.o
LOAD ./STlib/src/stm32f3-hal/stm32f3xx_ll_dma.o
LOAD ./STlib/src/stm32f3-hal/stm32f3xx_ll_exti.o
LOAD ./STlib/src/stm32f3-hal/stm32f3xx_ll_gpio.o
LOAD ./STlib/src/stm32f3-hal/stm32f3xx_ll_hrtim.o
LOAD ./STlib/src/stm32f3-hal/stm32f3xx_ll_i2c.o
LOAD ./STlib/src/stm32f3-hal/stm32f3xx_ll_opamp.o
LOAD ./STlib/src/stm32f3-hal/stm32f3xx_ll_pwr.o
LOAD ./STlib/src/stm32f3-hal/stm32f3xx_ll_rcc.o
LOAD ./STlib/src/stm32f3-hal/stm32f3xx_ll_rtc.o
LOAD ./STlib/src/stm32f3-hal/stm32f3xx_ll_spi.o
LOAD ./STlib/src/stm32f3-hal/stm32f3xx_ll_tim.o
LOAD ./STlib/src/stm32f3-hal/stm32f3xx_ll_usart.o
LOAD ./STlib/src/stm32f3-hal/stm32f3xx_ll_utils.o
LOAD ./STlib/src/cmsis/system_stm32f3xx.o
LOAD /usr/lib/gcc/arm-none-eabi/9.2.1/../../../arm-none-eabi/lib/thumb/v7e-m/nofp/libstdc++_nano.a
LOAD /usr/lib/gcc/arm-none-eabi/9.2.1/../../../arm-none-eabi/lib/thumb/v7e-m/nofp/libm.a
START GROUP
LOAD /usr/lib/gcc/arm-none-eabi/9.2.1/thumb/v7e-m/nofp/libgcc.a
LOAD /usr/lib/gcc/arm-none-eabi/9.2.1/../../../arm-none-eabi/lib/thumb/v7e-m/nofp/libg_nano.a
LOAD /usr/lib/gcc/arm-none-eabi/9.2.1/../../../arm-none-eabi/lib/thumb/v7e-m/nofp/libc_nano.a
END GROUP
START GROUP
LOAD /usr/lib/gcc/arm-none-eabi/9.2.1/thumb/v7e-m/nofp/libgcc.a
LOAD /usr/lib/gcc/arm-none-eabi/9.2.1/../../../arm-none-eabi/lib/thumb/v7e-m/nofp/libc_nano.a
END GROUP
                0x000000002000a000                _estack = 0x2000a000
                0x0000000000000200                _Min_Heap_Size = 0x200
                0x0000000000000400                _Min_Stack_Size = 0x400

.isr_vector     0x0000000008000000        0x0
                0x0000000008000000                . = ALIGN (0x4)
 *(.isr_vector)
                0x0000000008000000                . = ALIGN (0x4)

.text           0x0000000008000000      0x3a0
                0x0000000008000000                . = ALIGN (0x4)
 *(.text)
 *(.text*)
 .text.commonio_initialise_clocks
                0x0000000008000000       0xb0 ./src/commonio.o
                0x0000000008000000                commonio_initialise_clocks
 .text.comms_initialise
                0x00000000080000b0        0x6 ./src/comms.o
                0x00000000080000b0                comms_initialise
 .text.LL_GPIO_SetPinPull
                0x00000000080000b6       0x2c ./src/io.o
 .text.LL_GPIO_SetPinMode
                0x00000000080000e2       0x2c ./src/io.o
 .text.LL_GPIO_SetAFPin_8_15
                0x000000000800010e       0x2e ./src/io.o
 .text.LL_GPIO_SetPinSpeed.constprop.0
                0x000000000800013c       0x2c ./src/io.o
 .text.initialise_io_pin
                0x0000000008000168      0x120 ./src/io.o
                0x0000000008000168                initialise_io_pin
 .text.initialise_usart
                0x0000000008000288       0x1a ./src/io.o
                0x0000000008000288                initialise_usart
 .text.io_initialise
                0x00000000080002a2       0x12 ./src/io.o
                0x00000000080002a2                io_initialise
 .text.startup.main
                0x00000000080002b4        0xa ./src/main.o
                0x00000000080002b4                main
 *fill*         0x00000000080002be        0x2 
 .text.reset_isr
                0x00000000080002c0       0x48 ./src/startup.o
                0x00000000080002c0                reset_isr
 .text.LL_RCC_HSI_IsReady
                0x0000000008000308       0x10 ./STlib/src/stm32f3-hal/stm32f3xx_ll_rcc.o
 .text.LL_RCC_DeInit
                0x0000000008000318       0x88 ./STlib/src/stm32f3-hal/stm32f3xx_ll_rcc.o
                0x0000000008000318                LL_RCC_DeInit
 *(.rodata)
 *(.rodata*)
 *(.glue_7)
 .glue_7        0x00000000080003a0        0x0 linker stubs
 *(.glue_7t)
 .glue_7t       0x00000000080003a0        0x0 linker stubs
 *(.init)
 *(.fini)
                0x00000000080003a0                . = ALIGN (0x4)
                0x00000000080003a0                _etext = .

.vfp11_veneer   0x00000000080003a0        0x0
 .vfp11_veneer  0x00000000080003a0        0x0 linker stubs

.v4_bx          0x00000000080003a0        0x0
 .v4_bx         0x00000000080003a0        0x0 linker stubs

.iplt           0x00000000080003a0        0x0
 .iplt          0x00000000080003a0        0x0 ./src/commonio.o

.rel.dyn        0x00000000080003a0        0x0
 .rel.iplt      0x00000000080003a0        0x0 ./src/commonio.o

.ARM.extab
 *(.ARM.extab* .gnu.linkonce.armextab.*)

.ARM            0x00000000080003a0        0x0
                0x00000000080003a0                __exidx_start = .
 *(.ARM.exidx*)
                0x00000000080003a0                __exidx_end = .

.preinit_array  0x00000000080003a0        0x0
                [!provide]                        PROVIDE (__preinit_array_start = .)
 *(.preinit_array*)
                [!provide]                        PROVIDE (__preinit_array_end = .)

.init_array     0x00000000080003a0        0x0
                [!provide]                        PROVIDE (__init_array_start = .)
 *(SORT_BY_NAME(.init_array.*))
 *(.init_array*)
                [!provide]                        PROVIDE (__init_array_end = .)

.fini_array     0x00000000080003a0        0x0
                [!provide]                        PROVIDE (__fini_array_start = .)
 *(.fini_array*)
 *(SORT_BY_NAME(.fini_array.*))
                [!provide]                        PROVIDE (__fini_array_end = .)
                0x00000000080003a0                _sidata = .

.data           0x0000000020000000        0x0 load address 0x00000000080003a0
                0x0000000020000000                . = ALIGN (0x4)
                0x0000000020000000                _sdata = .
 *(.data)
 *(.data*)
                0x0000000020000000                . = ALIGN (0x4)
                0x0000000020000000                _edata = .

.igot.plt       0x0000000020000000        0x0
 .igot.plt      0x0000000020000000        0x0 ./src/commonio.o
                0x0000000020000000                . = ALIGN (0x4)

.bss            0x0000000020000000        0x0
                0x0000000020000000                _sbss = .
                0x0000000020000000                __bss_start__ = _sbss
 *(.bss)
 *(.bss*)
 *(COMMON)
                0x0000000020000000                . = ALIGN (0x4)
                0x0000000020000000                _ebss = .
                0x0000000020000000                __bss_end__ = _ebss
                [!provide]                        PROVIDE (end = _ebss)
                [!provide]                        PROVIDE (_end = _ebss)

._user_heap_stack
                0x0000000020000000      0x600
                0x0000000020000000                . = ALIGN (0x4)
                0x0000000020000200                . = (. + _Min_Heap_Size)
 *fill*         0x0000000020000000      0x200 
                0x0000000020000600                . = (. + _Min_Stack_Size)
 *fill*         0x0000000020000200      0x400 
                0x0000000020000600                . = ALIGN (0x4)

.memory_b1_text
 *(.mb1text)
 *(.mb1text*)
 *(.mb1rodata)
 *(.mb1rodata*)

/DISCARD/
 libc.a(*)
 libm.a(*)
 libgcc.a(*)

.ARM.attributes
                0x0000000000000000       0x2e
 *(.ARM.attributes)
 .ARM.attributes
                0x0000000000000000       0x2e ./src/commonio.o
 .ARM.attributes
                0x000000000000002e       0x2e ./src/comms.o
 .ARM.attributes
                0x000000000000005c       0x2e ./src/io.o
 .ARM.attributes
                0x000000000000008a       0x2e ./src/main.o
 .ARM.attributes
                0x00000000000000b8       0x2e ./src/startup.o
 .ARM.attributes
                0x00000000000000e6       0x2e ./STlib/src/stm32f3-hal/stm32f3xx_ll_rcc.o
OUTPUT(ryansullivan-quadcopter-firmware.elf elf32-littlearm)
LOAD linker stubs
LOAD /usr/lib/gcc/arm-none-eabi/9.2.1/../../../arm-none-eabi/lib/thumb/v7e-m/nofp/libc.a
LOAD /usr/lib/gcc/arm-none-eabi/9.2.1/../../../arm-none-eabi/lib/thumb/v7e-m/nofp/libm.a
LOAD /usr/lib/gcc/arm-none-eabi/9.2.1/thumb/v7e-m/nofp/libgcc.a

.debug_info     0x0000000000000000     0x21d3
 .debug_info    0x0000000000000000      0x535 ./src/commonio.o
 .debug_info    0x0000000000000535      0x2c7 ./src/comms.o
 .debug_info    0x00000000000007fc      0xb8c ./src/io.o
 .debug_info    0x0000000000001388       0xae ./src/main.o
 .debug_info    0x0000000000001436      0x11b ./src/startup.o
 .debug_info    0x0000000000001551      0xc82 ./STlib/src/stm32f3-hal/stm32f3xx_ll_rcc.o

.debug_abbrev   0x0000000000000000      0xa58
 .debug_abbrev  0x0000000000000000      0x191 ./src/commonio.o
 .debug_abbrev  0x0000000000000191      0x162 ./src/comms.o
 .debug_abbrev  0x00000000000002f3      0x2de ./src/io.o
 .debug_abbrev  0x00000000000005d1       0x80 ./src/main.o
 .debug_abbrev  0x0000000000000651       0xd6 ./src/startup.o
 .debug_abbrev  0x0000000000000727      0x331 ./STlib/src/stm32f3-hal/stm32f3xx_ll_rcc.o

.debug_loc      0x0000000000000000      0xf68
 .debug_loc     0x0000000000000000       0xcf ./src/commonio.o
 .debug_loc     0x00000000000000cf      0x714 ./src/io.o
 .debug_loc     0x00000000000007e3       0xa5 ./src/startup.o
 .debug_loc     0x0000000000000888      0x6e0 ./STlib/src/stm32f3-hal/stm32f3xx_ll_rcc.o

.debug_aranges  0x0000000000000000      0x180
 .debug_aranges
                0x0000000000000000       0x20 ./src/commonio.o
 .debug_aranges
                0x0000000000000020       0x28 ./src/comms.o
 .debug_aranges
                0x0000000000000048       0x58 ./src/io.o
 .debug_aranges
                0x00000000000000a0       0x28 ./src/main.o
 .debug_aranges
                0x00000000000000c8       0x28 ./src/startup.o
 .debug_aranges
                0x00000000000000f0       0x90 ./STlib/src/stm32f3-hal/stm32f3xx_ll_rcc.o

.debug_ranges   0x0000000000000000      0x2b8
 .debug_ranges  0x0000000000000000       0x10 ./src/commonio.o
 .debug_ranges  0x0000000000000010       0x18 ./src/comms.o
 .debug_ranges  0x0000000000000028       0x78 ./src/io.o
 .debug_ranges  0x00000000000000a0       0x18 ./src/main.o
 .debug_ranges  0x00000000000000b8       0x18 ./src/startup.o
 .debug_ranges  0x00000000000000d0      0x1e8 ./STlib/src/stm32f3-hal/stm32f3xx_ll_rcc.o

.debug_line     0x0000000000000000     0x130a
 .debug_line    0x0000000000000000      0x2d6 ./src/commonio.o
 .debug_line    0x00000000000002d6      0x114 ./src/comms.o
 .debug_line    0x00000000000003ea      0x452 ./src/io.o
 .debug_line    0x000000000000083c       0x6c ./src/main.o
 .debug_line    0x00000000000008a8       0xd7 ./src/startup.o
 .debug_line    0x000000000000097f      0x98b ./STlib/src/stm32f3-hal/stm32f3xx_ll_rcc.o

.debug_str      0x0000000000000000      0xf08
 .debug_str     0x0000000000000000      0x3c4 ./src/commonio.o
                                        0x411 (size before relaxing)
 .debug_str     0x00000000000003c4      0x124 ./src/comms.o
                                        0x32b (size before relaxing)
 .debug_str     0x00000000000004e8      0x4f1 ./src/io.o
                                        0x74b (size before relaxing)
 .debug_str     0x00000000000009d9       0x26 ./src/main.o
                                        0x1e9 (size before relaxing)
 .debug_str     0x00000000000009ff       0x7a ./src/startup.o
                                        0x1cf (size before relaxing)
 .debug_str     0x0000000000000a79      0x48f ./STlib/src/stm32f3-hal/stm32f3xx_ll_rcc.o
                                        0x774 (size before relaxing)

.comment        0x0000000000000000       0x59
 .comment       0x0000000000000000       0x59 ./src/commonio.o
                                         0x5a (size before relaxing)
 .comment       0x0000000000000059       0x5a ./src/comms.o
 .comment       0x0000000000000059       0x5a ./src/io.o
 .comment       0x0000000000000059       0x5a ./src/main.o
 .comment       0x0000000000000059       0x5a ./src/startup.o
 .comment       0x0000000000000059       0x5a ./STlib/src/stm32f3-hal/stm32f3xx_ll_rcc.o

.debug_frame    0x0000000000000000      0x380
 .debug_frame   0x0000000000000000       0x2c ./src/commonio.o
 .debug_frame   0x000000000000002c       0x40 ./src/comms.o
 .debug_frame   0x000000000000006c       0xf4 ./src/io.o
 .debug_frame   0x0000000000000160       0x48 ./src/main.o
 .debug_frame   0x00000000000001a8       0x40 ./src/startup.o
 .debug_frame   0x00000000000001e8      0x198 ./STlib/src/stm32f3-hal/stm32f3xx_ll_rcc.o
