Archive member included to satisfy reference by file (symbol)

/usr/lib/gcc/arm-none-eabi/9.2.1/../../../arm-none-eabi/lib/thumb/v7e-m/nofp/libg_nano.a(lib_a-errno.o)
                              ./system/src/newlib/sbrk.o (__errno)
/usr/lib/gcc/arm-none-eabi/9.2.1/../../../arm-none-eabi/lib/thumb/v7e-m/nofp/libg_nano.a(lib_a-impure.o)
                              /usr/lib/gcc/arm-none-eabi/9.2.1/../../../arm-none-eabi/lib/thumb/v7e-m/nofp/libg_nano.a(lib_a-errno.o) (_impure_ptr)

Allocating common symbols
Common symbol       size              file

timer_delayCount    0x4               ./src/timer.o
errno               0x4               ./system/src/newlib/syscalls.o
uwTick              0x4               ./system/src/stm32f3-hal/stm32f3xx_hal.o
pFlash              0x20              ./system/src/stm32f3-hal/stm32f3xx_hal_flash.o

Discarded input sections

 .text          0x0000000000000000        0x0 ./system/src/stm32f3-hal/stm32f3xx_hal.o
 .data          0x0000000000000000        0x0 ./system/src/stm32f3-hal/stm32f3xx_hal.o
 .bss           0x0000000000000000        0x0 ./system/src/stm32f3-hal/stm32f3xx_hal.o
 .text.HAL_MspInit
                0x0000000000000000        0x2 ./system/src/stm32f3-hal/stm32f3xx_hal.o
 .text.HAL_MspDeInit
                0x0000000000000000        0x2 ./system/src/stm32f3-hal/stm32f3xx_hal.o
 .text.HAL_DeInit
                0x0000000000000000       0x24 ./system/src/stm32f3-hal/stm32f3xx_hal.o
 .text.HAL_GetTick
                0x0000000000000000        0xc ./system/src/stm32f3-hal/stm32f3xx_hal.o
 .text.HAL_GetTickPrio
                0x0000000000000000        0xc ./system/src/stm32f3-hal/stm32f3xx_hal.o
 .text.HAL_SetTickFreq
                0x0000000000000000       0x28 ./system/src/stm32f3-hal/stm32f3xx_hal.o
 .text.HAL_GetTickFreq
                0x0000000000000000        0xc ./system/src/stm32f3-hal/stm32f3xx_hal.o
 .text.HAL_Delay
                0x0000000000000000       0x28 ./system/src/stm32f3-hal/stm32f3xx_hal.o
 .text.HAL_SuspendTick
                0x0000000000000000       0x10 ./system/src/stm32f3-hal/stm32f3xx_hal.o
 .text.HAL_ResumeTick
                0x0000000000000000       0x10 ./system/src/stm32f3-hal/stm32f3xx_hal.o
 .text.HAL_GetHalVersion
                0x0000000000000000        0x8 ./system/src/stm32f3-hal/stm32f3xx_hal.o
 .text.HAL_GetREVID
                0x0000000000000000        0xc ./system/src/stm32f3-hal/stm32f3xx_hal.o
 .text.HAL_GetDEVID
                0x0000000000000000       0x10 ./system/src/stm32f3-hal/stm32f3xx_hal.o
 .text.HAL_GetUIDw0
                0x0000000000000000        0xc ./system/src/stm32f3-hal/stm32f3xx_hal.o
 .text.HAL_GetUIDw1
                0x0000000000000000        0xc ./system/src/stm32f3-hal/stm32f3xx_hal.o
 .text.HAL_GetUIDw2
                0x0000000000000000        0xc ./system/src/stm32f3-hal/stm32f3xx_hal.o
 .text.HAL_DBGMCU_EnableDBGSleepMode
                0x0000000000000000       0x10 ./system/src/stm32f3-hal/stm32f3xx_hal.o
 .text.HAL_DBGMCU_DisableDBGSleepMode
                0x0000000000000000       0x10 ./system/src/stm32f3-hal/stm32f3xx_hal.o
 .text.HAL_DBGMCU_EnableDBGStopMode
                0x0000000000000000       0x10 ./system/src/stm32f3-hal/stm32f3xx_hal.o
 .text.HAL_DBGMCU_DisableDBGStopMode
                0x0000000000000000       0x10 ./system/src/stm32f3-hal/stm32f3xx_hal.o
 .text.HAL_DBGMCU_EnableDBGStandbyMode
                0x0000000000000000       0x10 ./system/src/stm32f3-hal/stm32f3xx_hal.o
 .text.HAL_DBGMCU_DisableDBGStandbyMode
                0x0000000000000000       0x10 ./system/src/stm32f3-hal/stm32f3xx_hal.o
 .text          0x0000000000000000        0x0 ./system/src/stm32f3-hal/stm32f3xx_hal_cortex.o
 .data          0x0000000000000000        0x0 ./system/src/stm32f3-hal/stm32f3xx_hal_cortex.o
 .bss           0x0000000000000000        0x0 ./system/src/stm32f3-hal/stm32f3xx_hal_cortex.o
 .text.HAL_NVIC_EnableIRQ
                0x0000000000000000       0x1c ./system/src/stm32f3-hal/stm32f3xx_hal_cortex.o
 .text.HAL_NVIC_DisableIRQ
                0x0000000000000000       0x28 ./system/src/stm32f3-hal/stm32f3xx_hal_cortex.o
 .text.HAL_NVIC_SystemReset
                0x0000000000000000       0x24 ./system/src/stm32f3-hal/stm32f3xx_hal_cortex.o
 .text.HAL_MPU_Disable
                0x0000000000000000       0x1c ./system/src/stm32f3-hal/stm32f3xx_hal_cortex.o
 .text.HAL_MPU_Enable
                0x0000000000000000       0x1c ./system/src/stm32f3-hal/stm32f3xx_hal_cortex.o
 .text.HAL_MPU_ConfigRegion
                0x0000000000000000       0x50 ./system/src/stm32f3-hal/stm32f3xx_hal_cortex.o
 .text.HAL_NVIC_GetPriorityGrouping
                0x0000000000000000       0x10 ./system/src/stm32f3-hal/stm32f3xx_hal_cortex.o
 .text.HAL_NVIC_GetPriority
                0x0000000000000000       0x5c ./system/src/stm32f3-hal/stm32f3xx_hal_cortex.o
 .text.HAL_NVIC_SetPendingIRQ
                0x0000000000000000       0x20 ./system/src/stm32f3-hal/stm32f3xx_hal_cortex.o
 .text.HAL_NVIC_GetPendingIRQ
                0x0000000000000000       0x24 ./system/src/stm32f3-hal/stm32f3xx_hal_cortex.o
 .text.HAL_NVIC_ClearPendingIRQ
                0x0000000000000000       0x20 ./system/src/stm32f3-hal/stm32f3xx_hal_cortex.o
 .text.HAL_NVIC_GetActive
                0x0000000000000000       0x24 ./system/src/stm32f3-hal/stm32f3xx_hal_cortex.o
 .text.HAL_SYSTICK_Callback
                0x0000000000000000        0x2 ./system/src/stm32f3-hal/stm32f3xx_hal_cortex.o
 .text.HAL_SYSTICK_IRQHandler
                0x0000000000000000        0x8 ./system/src/stm32f3-hal/stm32f3xx_hal_cortex.o
 .text          0x0000000000000000        0x0 ./system/src/stm32f3-hal/stm32f3xx_hal_flash.o
 .data          0x0000000000000000        0x0 ./system/src/stm32f3-hal/stm32f3xx_hal_flash.o
 .bss           0x0000000000000000        0x0 ./system/src/stm32f3-hal/stm32f3xx_hal_flash.o
 .text.FLASH_SetErrorCode
                0x0000000000000000       0x38 ./system/src/stm32f3-hal/stm32f3xx_hal_flash.o
 .text.HAL_FLASH_Program_IT
                0x0000000000000000       0x5c ./system/src/stm32f3-hal/stm32f3xx_hal_flash.o
 .text.HAL_FLASH_EndOfOperationCallback
                0x0000000000000000        0x2 ./system/src/stm32f3-hal/stm32f3xx_hal_flash.o
 .text.HAL_FLASH_OperationErrorCallback
                0x0000000000000000        0x2 ./system/src/stm32f3-hal/stm32f3xx_hal_flash.o
 .text.HAL_FLASH_IRQHandler
                0x0000000000000000      0x114 ./system/src/stm32f3-hal/stm32f3xx_hal_flash.o
 .text.HAL_FLASH_Unlock
                0x0000000000000000       0x24 ./system/src/stm32f3-hal/stm32f3xx_hal_flash.o
 .text.HAL_FLASH_Lock
                0x0000000000000000       0x14 ./system/src/stm32f3-hal/stm32f3xx_hal_flash.o
 .text.HAL_FLASH_OB_Unlock
                0x0000000000000000       0x24 ./system/src/stm32f3-hal/stm32f3xx_hal_flash.o
 .text.HAL_FLASH_OB_Lock
                0x0000000000000000       0x14 ./system/src/stm32f3-hal/stm32f3xx_hal_flash.o
 .text.HAL_FLASH_GetError
                0x0000000000000000        0xc ./system/src/stm32f3-hal/stm32f3xx_hal_flash.o
 .text.FLASH_WaitForLastOperation
                0x0000000000000000       0x50 ./system/src/stm32f3-hal/stm32f3xx_hal_flash.o
 .text.HAL_FLASH_Program
                0x0000000000000000       0xa4 ./system/src/stm32f3-hal/stm32f3xx_hal_flash.o
 .text.HAL_FLASH_OB_Launch
                0x0000000000000000       0x18 ./system/src/stm32f3-hal/stm32f3xx_hal_flash.o
 .debug_info    0x0000000000000000      0x73c ./system/src/stm32f3-hal/stm32f3xx_hal_flash.o
 .debug_abbrev  0x0000000000000000      0x32b ./system/src/stm32f3-hal/stm32f3xx_hal_flash.o
 .debug_loc     0x0000000000000000      0x392 ./system/src/stm32f3-hal/stm32f3xx_hal_flash.o
 .debug_aranges
                0x0000000000000000       0x78 ./system/src/stm32f3-hal/stm32f3xx_hal_flash.o
 .debug_ranges  0x0000000000000000       0xc8 ./system/src/stm32f3-hal/stm32f3xx_hal_flash.o
 .debug_line    0x0000000000000000      0x694 ./system/src/stm32f3-hal/stm32f3xx_hal_flash.o
 .debug_str     0x0000000000000000      0x5fd ./system/src/stm32f3-hal/stm32f3xx_hal_flash.o
 .comment       0x0000000000000000       0x5a ./system/src/stm32f3-hal/stm32f3xx_hal_flash.o
 .debug_frame   0x0000000000000000      0x120 ./system/src/stm32f3-hal/stm32f3xx_hal_flash.o
 .ARM.attributes
                0x0000000000000000       0x2e ./system/src/stm32f3-hal/stm32f3xx_hal_flash.o
 COMMON         0x0000000000000000       0x20 ./system/src/stm32f3-hal/stm32f3xx_hal_flash.o
 .text          0x0000000000000000        0x0 ./system/src/stm32f3-hal/stm32f3xx_hal_flash_ex.o
 .data          0x0000000000000000        0x0 ./system/src/stm32f3-hal/stm32f3xx_hal_flash_ex.o
 .bss           0x0000000000000000        0x0 ./system/src/stm32f3-hal/stm32f3xx_hal_flash_ex.o
 .text.FLASH_MassErase
                0x0000000000000000       0x24 ./system/src/stm32f3-hal/stm32f3xx_hal_flash_ex.o
 .text.FLASH_OB_RDP_LevelConfig
                0x0000000000000000       0x64 ./system/src/stm32f3-hal/stm32f3xx_hal_flash_ex.o
 .text.HAL_FLASHEx_OBErase
                0x0000000000000000       0x60 ./system/src/stm32f3-hal/stm32f3xx_hal_flash_ex.o
 .text.HAL_FLASHEx_OBProgram
                0x0000000000000000      0x1ec ./system/src/stm32f3-hal/stm32f3xx_hal_flash_ex.o
 .text.HAL_FLASHEx_OBGetConfig
                0x0000000000000000       0x40 ./system/src/stm32f3-hal/stm32f3xx_hal_flash_ex.o
 .text.HAL_FLASHEx_OBGetUserData
                0x0000000000000000       0x38 ./system/src/stm32f3-hal/stm32f3xx_hal_flash_ex.o
 .text.FLASH_PageErase
                0x0000000000000000       0x24 ./system/src/stm32f3-hal/stm32f3xx_hal_flash_ex.o
 .text.HAL_FLASHEx_Erase
                0x0000000000000000       0x98 ./system/src/stm32f3-hal/stm32f3xx_hal_flash_ex.o
 .text.HAL_FLASHEx_Erase_IT
                0x0000000000000000       0x54 ./system/src/stm32f3-hal/stm32f3xx_hal_flash_ex.o
 .debug_info    0x0000000000000000      0xcf4 ./system/src/stm32f3-hal/stm32f3xx_hal_flash_ex.o
 .debug_abbrev  0x0000000000000000      0x31b ./system/src/stm32f3-hal/stm32f3xx_hal_flash_ex.o
 .debug_loc     0x0000000000000000      0x864 ./system/src/stm32f3-hal/stm32f3xx_hal_flash_ex.o
 .debug_aranges
                0x0000000000000000       0x60 ./system/src/stm32f3-hal/stm32f3xx_hal_flash_ex.o
 .debug_ranges  0x0000000000000000      0x120 ./system/src/stm32f3-hal/stm32f3xx_hal_flash_ex.o
 .debug_line    0x0000000000000000      0x87d ./system/src/stm32f3-hal/stm32f3xx_hal_flash_ex.o
 .debug_str     0x0000000000000000      0x725 ./system/src/stm32f3-hal/stm32f3xx_hal_flash_ex.o
 .comment       0x0000000000000000       0x5a ./system/src/stm32f3-hal/stm32f3xx_hal_flash_ex.o
 .debug_frame   0x0000000000000000       0xf0 ./system/src/stm32f3-hal/stm32f3xx_hal_flash_ex.o
 .ARM.attributes
                0x0000000000000000       0x2e ./system/src/stm32f3-hal/stm32f3xx_hal_flash_ex.o
 .text          0x0000000000000000        0x0 ./system/src/stm32f3-hal/stm32f3xx_hal_gpio.o
 .data          0x0000000000000000        0x0 ./system/src/stm32f3-hal/stm32f3xx_hal_gpio.o
 .bss           0x0000000000000000        0x0 ./system/src/stm32f3-hal/stm32f3xx_hal_gpio.o
 .text.HAL_GPIO_DeInit
                0x0000000000000000       0xf4 ./system/src/stm32f3-hal/stm32f3xx_hal_gpio.o
 .text.HAL_GPIO_ReadPin
                0x0000000000000000        0xc ./system/src/stm32f3-hal/stm32f3xx_hal_gpio.o
 .text.HAL_GPIO_TogglePin
                0x0000000000000000       0x12 ./system/src/stm32f3-hal/stm32f3xx_hal_gpio.o
 .text.HAL_GPIO_LockPin
                0x0000000000000000       0x2a ./system/src/stm32f3-hal/stm32f3xx_hal_gpio.o
 .text.HAL_GPIO_EXTI_Callback
                0x0000000000000000        0x2 ./system/src/stm32f3-hal/stm32f3xx_hal_gpio.o
 .text.HAL_GPIO_EXTI_IRQHandler
                0x0000000000000000       0x18 ./system/src/stm32f3-hal/stm32f3xx_hal_gpio.o
 .text          0x0000000000000000        0x0 ./system/src/stm32f3-hal/stm32f3xx_hal_iwdg.o
 .data          0x0000000000000000        0x0 ./system/src/stm32f3-hal/stm32f3xx_hal_iwdg.o
 .bss           0x0000000000000000        0x0 ./system/src/stm32f3-hal/stm32f3xx_hal_iwdg.o
 .text.HAL_IWDG_Init
                0x0000000000000000       0x4c ./system/src/stm32f3-hal/stm32f3xx_hal_iwdg.o
 .text.HAL_IWDG_Refresh
                0x0000000000000000        0xc ./system/src/stm32f3-hal/stm32f3xx_hal_iwdg.o
 .debug_info    0x0000000000000000      0x2f3 ./system/src/stm32f3-hal/stm32f3xx_hal_iwdg.o
 .debug_abbrev  0x0000000000000000      0x168 ./system/src/stm32f3-hal/stm32f3xx_hal_iwdg.o
 .debug_loc     0x0000000000000000       0x90 ./system/src/stm32f3-hal/stm32f3xx_hal_iwdg.o
 .debug_aranges
                0x0000000000000000       0x28 ./system/src/stm32f3-hal/stm32f3xx_hal_iwdg.o
 .debug_ranges  0x0000000000000000       0x18 ./system/src/stm32f3-hal/stm32f3xx_hal_iwdg.o
 .debug_line    0x0000000000000000      0x1d9 ./system/src/stm32f3-hal/stm32f3xx_hal_iwdg.o
 .debug_str     0x0000000000000000      0x392 ./system/src/stm32f3-hal/stm32f3xx_hal_iwdg.o
 .comment       0x0000000000000000       0x5a ./system/src/stm32f3-hal/stm32f3xx_hal_iwdg.o
 .debug_frame   0x0000000000000000       0x3c ./system/src/stm32f3-hal/stm32f3xx_hal_iwdg.o
 .ARM.attributes
                0x0000000000000000       0x2e ./system/src/stm32f3-hal/stm32f3xx_hal_iwdg.o
 .text          0x0000000000000000        0x0 ./system/src/stm32f3-hal/stm32f3xx_hal_pwr.o
 .data          0x0000000000000000        0x0 ./system/src/stm32f3-hal/stm32f3xx_hal_pwr.o
 .bss           0x0000000000000000        0x0 ./system/src/stm32f3-hal/stm32f3xx_hal_pwr.o
 .text.HAL_PWR_DeInit
                0x0000000000000000       0x18 ./system/src/stm32f3-hal/stm32f3xx_hal_pwr.o
 .text.HAL_PWR_EnableBkUpAccess
                0x0000000000000000       0x10 ./system/src/stm32f3-hal/stm32f3xx_hal_pwr.o
 .text.HAL_PWR_DisableBkUpAccess
                0x0000000000000000       0x10 ./system/src/stm32f3-hal/stm32f3xx_hal_pwr.o
 .text.HAL_PWR_EnableWakeUpPin
                0x0000000000000000       0x10 ./system/src/stm32f3-hal/stm32f3xx_hal_pwr.o
 .text.HAL_PWR_DisableWakeUpPin
                0x0000000000000000       0x10 ./system/src/stm32f3-hal/stm32f3xx_hal_pwr.o
 .text.HAL_PWR_EnterSLEEPMode
                0x0000000000000000       0x20 ./system/src/stm32f3-hal/stm32f3xx_hal_pwr.o
 .text.HAL_PWR_EnterSTOPMode
                0x0000000000000000       0x38 ./system/src/stm32f3-hal/stm32f3xx_hal_pwr.o
 .text.HAL_PWR_EnterSTANDBYMode
                0x0000000000000000       0x20 ./system/src/stm32f3-hal/stm32f3xx_hal_pwr.o
 .text.HAL_PWR_EnableSleepOnExit
                0x0000000000000000       0x10 ./system/src/stm32f3-hal/stm32f3xx_hal_pwr.o
 .text.HAL_PWR_DisableSleepOnExit
                0x0000000000000000       0x10 ./system/src/stm32f3-hal/stm32f3xx_hal_pwr.o
 .text.HAL_PWR_EnableSEVOnPend
                0x0000000000000000       0x10 ./system/src/stm32f3-hal/stm32f3xx_hal_pwr.o
 .text.HAL_PWR_DisableSEVOnPend
                0x0000000000000000       0x10 ./system/src/stm32f3-hal/stm32f3xx_hal_pwr.o
 .debug_info    0x0000000000000000      0x578 ./system/src/stm32f3-hal/stm32f3xx_hal_pwr.o
 .debug_abbrev  0x0000000000000000      0x17d ./system/src/stm32f3-hal/stm32f3xx_hal_pwr.o
 .debug_loc     0x0000000000000000       0x42 ./system/src/stm32f3-hal/stm32f3xx_hal_pwr.o
 .debug_aranges
                0x0000000000000000       0x78 ./system/src/stm32f3-hal/stm32f3xx_hal_pwr.o
 .debug_ranges  0x0000000000000000       0x68 ./system/src/stm32f3-hal/stm32f3xx_hal_pwr.o
 .debug_line    0x0000000000000000      0x2a0 ./system/src/stm32f3-hal/stm32f3xx_hal_pwr.o
 .debug_str     0x0000000000000000      0x4cf ./system/src/stm32f3-hal/stm32f3xx_hal_pwr.o
 .comment       0x0000000000000000       0x5a ./system/src/stm32f3-hal/stm32f3xx_hal_pwr.o
 .debug_frame   0x0000000000000000       0xd0 ./system/src/stm32f3-hal/stm32f3xx_hal_pwr.o
 .ARM.attributes
                0x0000000000000000       0x2e ./system/src/stm32f3-hal/stm32f3xx_hal_pwr.o
 .text          0x0000000000000000        0x0 ./system/src/stm32f3-hal/stm32f3xx_hal_rcc.o
 .data          0x0000000000000000        0x0 ./system/src/stm32f3-hal/stm32f3xx_hal_rcc.o
 .bss           0x0000000000000000        0x0 ./system/src/stm32f3-hal/stm32f3xx_hal_rcc.o
 .text.HAL_RCC_DeInit
                0x0000000000000000       0xe0 ./system/src/stm32f3-hal/stm32f3xx_hal_rcc.o
 .text.HAL_RCC_OscConfig
                0x0000000000000000      0x508 ./system/src/stm32f3-hal/stm32f3xx_hal_rcc.o
 .text.HAL_RCC_MCOConfig
                0x0000000000000000       0x4c ./system/src/stm32f3-hal/stm32f3xx_hal_rcc.o
 .text.HAL_RCC_EnableCSS
                0x0000000000000000       0x1c ./system/src/stm32f3-hal/stm32f3xx_hal_rcc.o
 .text.HAL_RCC_DisableCSS
                0x0000000000000000       0x1c ./system/src/stm32f3-hal/stm32f3xx_hal_rcc.o
 .text.HAL_RCC_GetSysClockFreq
                0x0000000000000000       0x64 ./system/src/stm32f3-hal/stm32f3xx_hal_rcc.o
 .text.HAL_RCC_ClockConfig
                0x0000000000000000      0x158 ./system/src/stm32f3-hal/stm32f3xx_hal_rcc.o
 .text.HAL_RCC_GetPCLK1Freq
                0x0000000000000000       0x30 ./system/src/stm32f3-hal/stm32f3xx_hal_rcc.o
 .text.HAL_RCC_GetPCLK2Freq
                0x0000000000000000       0x30 ./system/src/stm32f3-hal/stm32f3xx_hal_rcc.o
 .text.HAL_RCC_GetOscConfig
                0x0000000000000000       0x88 ./system/src/stm32f3-hal/stm32f3xx_hal_rcc.o
 .text.HAL_RCC_GetClockConfig
                0x0000000000000000       0x3c ./system/src/stm32f3-hal/stm32f3xx_hal_rcc.o
 .text.HAL_RCC_CSSCallback
                0x0000000000000000        0x2 ./system/src/stm32f3-hal/stm32f3xx_hal_rcc.o
 .text.HAL_RCC_NMI_IRQHandler
                0x0000000000000000       0x20 ./system/src/stm32f3-hal/stm32f3xx_hal_rcc.o
 .rodata.aPLLMULFactorTable
                0x0000000000000000       0x10 ./system/src/stm32f3-hal/stm32f3xx_hal_rcc.o
 .rodata.aPredivFactorTable
                0x0000000000000000       0x10 ./system/src/stm32f3-hal/stm32f3xx_hal_rcc.o
 .text          0x0000000000000000        0x0 ./system/src/newlib/assert.o
 .data          0x0000000000000000        0x0 ./system/src/newlib/assert.o
 .bss           0x0000000000000000        0x0 ./system/src/newlib/assert.o
 .text.__assert_func
                0x0000000000000000        0x6 ./system/src/newlib/assert.o
 .debug_info    0x0000000000000000      0x9ff ./system/src/newlib/assert.o
 .debug_abbrev  0x0000000000000000      0x231 ./system/src/newlib/assert.o
 .debug_loc     0x0000000000000000       0x94 ./system/src/newlib/assert.o
 .debug_aranges
                0x0000000000000000       0x20 ./system/src/newlib/assert.o
 .debug_ranges  0x0000000000000000       0x10 ./system/src/newlib/assert.o
 .debug_line    0x0000000000000000      0x130 ./system/src/newlib/assert.o
 .debug_str     0x0000000000000000      0x63c ./system/src/newlib/assert.o
 .comment       0x0000000000000000       0x5a ./system/src/newlib/assert.o
 .debug_frame   0x0000000000000000       0x28 ./system/src/newlib/assert.o
 .ARM.attributes
                0x0000000000000000       0x2e ./system/src/newlib/assert.o
 .text          0x0000000000000000        0x0 ./system/src/newlib/cxx.o
 .data          0x0000000000000000        0x0 ./system/src/newlib/cxx.o
 .bss           0x0000000000000000        0x0 ./system/src/newlib/cxx.o
 .text._ZN9__gnu_cxx27__verbose_terminate_handlerEv
                0x0000000000000000        0x6 ./system/src/newlib/cxx.o
 .text.__cxa_pure_virtual
                0x0000000000000000        0x6 ./system/src/newlib/cxx.o
 .debug_info    0x0000000000000000     0x1073 ./system/src/newlib/cxx.o
 .debug_abbrev  0x0000000000000000      0x32c ./system/src/newlib/cxx.o
 .debug_aranges
                0x0000000000000000       0x20 ./system/src/newlib/cxx.o
 .debug_ranges  0x0000000000000000       0x10 ./system/src/newlib/cxx.o
 .debug_line    0x0000000000000000      0x1dc ./system/src/newlib/cxx.o
 .debug_str     0x0000000000000000      0x846 ./system/src/newlib/cxx.o
 .comment       0x0000000000000000       0x5a ./system/src/newlib/cxx.o
 .debug_frame   0x0000000000000000       0x40 ./system/src/newlib/cxx.o
 .ARM.attributes
                0x0000000000000000       0x2e ./system/src/newlib/cxx.o
 .text          0x0000000000000000        0x0 ./system/src/newlib/exit.o
 .data          0x0000000000000000        0x0 ./system/src/newlib/exit.o
 .bss           0x0000000000000000        0x0 ./system/src/newlib/exit.o
 .text.abort    0x0000000000000000        0x8 ./system/src/newlib/exit.o
 .text          0x0000000000000000        0x0 ./system/src/newlib/sbrk.o
 .data          0x0000000000000000        0x0 ./system/src/newlib/sbrk.o
 .bss           0x0000000000000000        0x0 ./system/src/newlib/sbrk.o
 .text._sbrk    0x0000000000000000       0x3c ./system/src/newlib/sbrk.o
 .bss.current_heap_end.3965
                0x0000000000000000        0x4 ./system/src/newlib/sbrk.o
 .debug_info    0x0000000000000000      0x9c5 ./system/src/newlib/sbrk.o
 .debug_abbrev  0x0000000000000000      0x22f ./system/src/newlib/sbrk.o
 .debug_loc     0x0000000000000000       0x78 ./system/src/newlib/sbrk.o
 .debug_aranges
                0x0000000000000000       0x20 ./system/src/newlib/sbrk.o
 .debug_ranges  0x0000000000000000       0x10 ./system/src/newlib/sbrk.o
 .debug_line    0x0000000000000000      0x136 ./system/src/newlib/sbrk.o
 .debug_str     0x0000000000000000      0x632 ./system/src/newlib/sbrk.o
 .comment       0x0000000000000000       0x5a ./system/src/newlib/sbrk.o
 .debug_frame   0x0000000000000000       0x28 ./system/src/newlib/sbrk.o
 .ARM.attributes
                0x0000000000000000       0x2e ./system/src/newlib/sbrk.o
 .text          0x0000000000000000        0x0 ./system/src/newlib/startup.o
 .data          0x0000000000000000        0x0 ./system/src/newlib/startup.o
 .bss           0x0000000000000000        0x0 ./system/src/newlib/startup.o
 .text.__initialize_data
                0x0000000000000000       0x10 ./system/src/newlib/startup.o
 .text.__initialize_bss
                0x0000000000000000        0xe ./system/src/newlib/startup.o
 .text.__run_init_array
                0x0000000000000000       0x44 ./system/src/newlib/startup.o
 .text.__run_fini_array
                0x0000000000000000       0x24 ./system/src/newlib/startup.o
 .text          0x0000000000000000        0x0 ./system/src/newlib/syscalls.o
 .data          0x0000000000000000        0x0 ./system/src/newlib/syscalls.o
 .bss           0x0000000000000000        0x0 ./system/src/newlib/syscalls.o
 .text.raise    0x0000000000000000       0x10 ./system/src/newlib/syscalls.o
 .text.kill     0x0000000000000000       0x10 ./system/src/newlib/syscalls.o
 .bss.__dso_handle
                0x0000000000000000        0x4 ./system/src/newlib/syscalls.o
 COMMON         0x0000000000000000        0x4 ./system/src/newlib/syscalls.o
 .text          0x0000000000000000        0x0 ./system/src/diag/trace-impl.o
 .data          0x0000000000000000        0x0 ./system/src/diag/trace-impl.o
 .bss           0x0000000000000000        0x0 ./system/src/diag/trace-impl.o
 .debug_line    0x0000000000000000        0x0 ./system/src/diag/trace-impl.o
 .debug_str     0x0000000000000000      0x151 ./system/src/diag/trace-impl.o
 .comment       0x0000000000000000       0x5a ./system/src/diag/trace-impl.o
 .ARM.attributes
                0x0000000000000000       0x33 ./system/src/diag/trace-impl.o
 .text          0x0000000000000000        0x0 ./system/src/diag/trace.o
 .data          0x0000000000000000        0x0 ./system/src/diag/trace.o
 .bss           0x0000000000000000        0x0 ./system/src/diag/trace.o
 .debug_line    0x0000000000000000        0x0 ./system/src/diag/trace.o
 .debug_str     0x0000000000000000      0x14c ./system/src/diag/trace.o
 .comment       0x0000000000000000       0x5a ./system/src/diag/trace.o
 .ARM.attributes
                0x0000000000000000       0x33 ./system/src/diag/trace.o
 .text          0x0000000000000000        0x0 ./system/src/cortexm/exception-handlers.o
 .data          0x0000000000000000        0x0 ./system/src/cortexm/exception-handlers.o
 .bss           0x0000000000000000        0x0 ./system/src/cortexm/exception-handlers.o
 .text          0x0000000000000000        0x0 ./system/src/cortexm/initialize-hardware.o
 .data          0x0000000000000000        0x0 ./system/src/cortexm/initialize-hardware.o
 .bss           0x0000000000000000        0x0 ./system/src/cortexm/initialize-hardware.o
 .text.__initialize_hardware
                0x0000000000000000        0x4 ./system/src/cortexm/initialize-hardware.o
 .text          0x0000000000000000        0x0 ./system/src/cortexm/reset-hardware.o
 .data          0x0000000000000000        0x0 ./system/src/cortexm/reset-hardware.o
 .bss           0x0000000000000000        0x0 ./system/src/cortexm/reset-hardware.o
 .text          0x0000000000000000        0x0 ./system/src/cmsis/system_stm32f3xx.o
 .data          0x0000000000000000        0x0 ./system/src/cmsis/system_stm32f3xx.o
 .bss           0x0000000000000000        0x0 ./system/src/cmsis/system_stm32f3xx.o
 .rodata.APBPrescTable
                0x0000000000000000        0x8 ./system/src/cmsis/system_stm32f3xx.o
 .text          0x0000000000000000        0x0 ./system/src/cmsis/vectors_stm32f303xc.o
 .data          0x0000000000000000        0x0 ./system/src/cmsis/vectors_stm32f303xc.o
 .bss           0x0000000000000000        0x0 ./system/src/cmsis/vectors_stm32f303xc.o
 .text          0x0000000000000000        0x0 ./src/initialize-hardware.o
 .data          0x0000000000000000        0x0 ./src/initialize-hardware.o
 .bss           0x0000000000000000        0x0 ./src/initialize-hardware.o
 .text          0x0000000000000000        0x0 ./src/led.o
 .data          0x0000000000000000        0x0 ./src/led.o
 .bss           0x0000000000000000        0x0 ./src/led.o
 .text          0x0000000000000000        0x0 ./src/main.o
 .data          0x0000000000000000        0x0 ./src/main.o
 .bss           0x0000000000000000        0x0 ./src/main.o
 .text          0x0000000000000000        0x0 ./src/stm32f3xx_hal_msp.o
 .data          0x0000000000000000        0x0 ./src/stm32f3xx_hal_msp.o
 .bss           0x0000000000000000        0x0 ./src/stm32f3xx_hal_msp.o
 .text.HAL_MspDeInit
                0x0000000000000000        0x2 ./src/stm32f3xx_hal_msp.o
 .text.HAL_PPP_MspInit
                0x0000000000000000        0x2 ./src/stm32f3xx_hal_msp.o
 .text.HAL_PPP_MspDeInit
                0x0000000000000000        0x2 ./src/stm32f3xx_hal_msp.o
 .text          0x0000000000000000        0x0 ./src/timer.o
 .data          0x0000000000000000        0x0 ./src/timer.o
 .bss           0x0000000000000000        0x0 ./src/timer.o
 .text          0x0000000000000000        0x0 ./src/write.o
 .data          0x0000000000000000        0x0 ./src/write.o
 .bss           0x0000000000000000        0x0 ./src/write.o
 .debug_line    0x0000000000000000        0x0 ./src/write.o
 .debug_str     0x0000000000000000      0x140 ./src/write.o
 .comment       0x0000000000000000       0x5a ./src/write.o
 .ARM.attributes
                0x0000000000000000       0x33 ./src/write.o
 .text          0x0000000000000000        0xc /usr/lib/gcc/arm-none-eabi/9.2.1/../../../arm-none-eabi/lib/thumb/v7e-m/nofp/libg_nano.a(lib_a-errno.o)
 .data          0x0000000000000000        0x0 /usr/lib/gcc/arm-none-eabi/9.2.1/../../../arm-none-eabi/lib/thumb/v7e-m/nofp/libg_nano.a(lib_a-errno.o)
 .bss           0x0000000000000000        0x0 /usr/lib/gcc/arm-none-eabi/9.2.1/../../../arm-none-eabi/lib/thumb/v7e-m/nofp/libg_nano.a(lib_a-errno.o)
 .debug_info    0x0000000000000000      0x953 /usr/lib/gcc/arm-none-eabi/9.2.1/../../../arm-none-eabi/lib/thumb/v7e-m/nofp/libg_nano.a(lib_a-errno.o)
 .debug_abbrev  0x0000000000000000      0x198 /usr/lib/gcc/arm-none-eabi/9.2.1/../../../arm-none-eabi/lib/thumb/v7e-m/nofp/libg_nano.a(lib_a-errno.o)
 .debug_aranges
                0x0000000000000000       0x20 /usr/lib/gcc/arm-none-eabi/9.2.1/../../../arm-none-eabi/lib/thumb/v7e-m/nofp/libg_nano.a(lib_a-errno.o)
 .debug_line    0x0000000000000000      0x108 /usr/lib/gcc/arm-none-eabi/9.2.1/../../../arm-none-eabi/lib/thumb/v7e-m/nofp/libg_nano.a(lib_a-errno.o)
 .debug_str     0x0000000000000000      0x5ee /usr/lib/gcc/arm-none-eabi/9.2.1/../../../arm-none-eabi/lib/thumb/v7e-m/nofp/libg_nano.a(lib_a-errno.o)
 .comment       0x0000000000000000       0x4f /usr/lib/gcc/arm-none-eabi/9.2.1/../../../arm-none-eabi/lib/thumb/v7e-m/nofp/libg_nano.a(lib_a-errno.o)
 .debug_frame   0x0000000000000000       0x20 /usr/lib/gcc/arm-none-eabi/9.2.1/../../../arm-none-eabi/lib/thumb/v7e-m/nofp/libg_nano.a(lib_a-errno.o)
 .ARM.attributes
                0x0000000000000000       0x2e /usr/lib/gcc/arm-none-eabi/9.2.1/../../../arm-none-eabi/lib/thumb/v7e-m/nofp/libg_nano.a(lib_a-errno.o)
 .text          0x0000000000000000        0x0 /usr/lib/gcc/arm-none-eabi/9.2.1/../../../arm-none-eabi/lib/thumb/v7e-m/nofp/libg_nano.a(lib_a-impure.o)
 .data          0x0000000000000000       0x64 /usr/lib/gcc/arm-none-eabi/9.2.1/../../../arm-none-eabi/lib/thumb/v7e-m/nofp/libg_nano.a(lib_a-impure.o)
 .bss           0x0000000000000000        0x0 /usr/lib/gcc/arm-none-eabi/9.2.1/../../../arm-none-eabi/lib/thumb/v7e-m/nofp/libg_nano.a(lib_a-impure.o)
 .rodata        0x0000000000000000        0x4 /usr/lib/gcc/arm-none-eabi/9.2.1/../../../arm-none-eabi/lib/thumb/v7e-m/nofp/libg_nano.a(lib_a-impure.o)
 .debug_info    0x0000000000000000      0x92a /usr/lib/gcc/arm-none-eabi/9.2.1/../../../arm-none-eabi/lib/thumb/v7e-m/nofp/libg_nano.a(lib_a-impure.o)
 .debug_abbrev  0x0000000000000000      0x17a /usr/lib/gcc/arm-none-eabi/9.2.1/../../../arm-none-eabi/lib/thumb/v7e-m/nofp/libg_nano.a(lib_a-impure.o)
 .debug_aranges
                0x0000000000000000       0x18 /usr/lib/gcc/arm-none-eabi/9.2.1/../../../arm-none-eabi/lib/thumb/v7e-m/nofp/libg_nano.a(lib_a-impure.o)
 .debug_line    0x0000000000000000       0xe3 /usr/lib/gcc/arm-none-eabi/9.2.1/../../../arm-none-eabi/lib/thumb/v7e-m/nofp/libg_nano.a(lib_a-impure.o)
 .debug_str     0x0000000000000000      0x5dc /usr/lib/gcc/arm-none-eabi/9.2.1/../../../arm-none-eabi/lib/thumb/v7e-m/nofp/libg_nano.a(lib_a-impure.o)
 .comment       0x0000000000000000       0x4f /usr/lib/gcc/arm-none-eabi/9.2.1/../../../arm-none-eabi/lib/thumb/v7e-m/nofp/libg_nano.a(lib_a-impure.o)
 .ARM.attributes
                0x0000000000000000       0x2e /usr/lib/gcc/arm-none-eabi/9.2.1/../../../arm-none-eabi/lib/thumb/v7e-m/nofp/libg_nano.a(lib_a-impure.o)

Memory Configuration

Name             Origin             Length             Attributes
RAM              0x0000000020000000 0x000000000000a000 xrw
CCMRAM           0x0000000010000000 0x0000000000002000 xrw
FLASH            0x0000000008000000 0x0000000000040000 xr
FLASHB1          0x0000000000000000 0x0000000000000000 xr
EXTMEMB0         0x0000000000000000 0x0000000000000000 xr
EXTMEMB1         0x0000000000000000 0x0000000000000000 xr
EXTMEMB2         0x0000000000000000 0x0000000000000000 xr
EXTMEMB3         0x0000000000000000 0x0000000000000000 xr
MEMORY_ARRAY     0x0000000020002000 0x0000000000000000 xrw
*default*        0x0000000000000000 0xffffffffffffffff

Linker script and memory map

LOAD ./system/src/stm32f3-hal/stm32f3xx_hal.o
LOAD ./system/src/stm32f3-hal/stm32f3xx_hal_cortex.o
LOAD ./system/src/stm32f3-hal/stm32f3xx_hal_flash.o
LOAD ./system/src/stm32f3-hal/stm32f3xx_hal_flash_ex.o
LOAD ./system/src/stm32f3-hal/stm32f3xx_hal_gpio.o
LOAD ./system/src/stm32f3-hal/stm32f3xx_hal_iwdg.o
LOAD ./system/src/stm32f3-hal/stm32f3xx_hal_pwr.o
LOAD ./system/src/stm32f3-hal/stm32f3xx_hal_rcc.o
LOAD ./system/src/newlib/assert.o
LOAD ./system/src/newlib/cxx.o
LOAD ./system/src/newlib/exit.o
LOAD ./system/src/newlib/sbrk.o
LOAD ./system/src/newlib/startup.o
LOAD ./system/src/newlib/syscalls.o
LOAD ./system/src/diag/trace-impl.o
LOAD ./system/src/diag/trace.o
LOAD ./system/src/cortexm/exception-handlers.o
LOAD ./system/src/cortexm/initialize-hardware.o
LOAD ./system/src/cortexm/reset-hardware.o
LOAD ./system/src/cmsis/system_stm32f3xx.o
LOAD ./system/src/cmsis/vectors_stm32f303xc.o
LOAD ./src/initialize-hardware.o
LOAD ./src/led.o
LOAD ./src/main.o
LOAD ./src/stm32f3xx_hal_msp.o
LOAD ./src/timer.o
LOAD ./src/write.o
LOAD /usr/lib/gcc/arm-none-eabi/9.2.1/../../../arm-none-eabi/lib/thumb/v7e-m/nofp/libstdc++_nano.a
LOAD /usr/lib/gcc/arm-none-eabi/9.2.1/../../../arm-none-eabi/lib/thumb/v7e-m/nofp/libm.a
START GROUP
LOAD /usr/lib/gcc/arm-none-eabi/9.2.1/thumb/v7e-m/nofp/libgcc.a
LOAD /usr/lib/gcc/arm-none-eabi/9.2.1/../../../arm-none-eabi/lib/thumb/v7e-m/nofp/libg_nano.a
LOAD /usr/lib/gcc/arm-none-eabi/9.2.1/../../../arm-none-eabi/lib/thumb/v7e-m/nofp/libc_nano.a
END GROUP
START GROUP
LOAD /usr/lib/gcc/arm-none-eabi/9.2.1/thumb/v7e-m/nofp/libgcc.a
LOAD /usr/lib/gcc/arm-none-eabi/9.2.1/../../../arm-none-eabi/lib/thumb/v7e-m/nofp/libc_nano.a
END GROUP
                0x000000002000a000                __stack = (ORIGIN (RAM) + LENGTH (RAM))
                0x000000002000a000                _estack = __stack
                0x0000000000000400                __Main_Stack_Size = 0x400
                [!provide]                        PROVIDE (_Main_Stack_Size = __Main_Stack_Size)
                0x0000000020009c00                __Main_Stack_Limit = (__stack - __Main_Stack_Size)
                [!provide]                        PROVIDE (_Main_Stack_Limit = __Main_Stack_Limit)
                0x0000000000000100                _Minimum_Stack_Size = 0x100
                0x0000000020000020                PROVIDE (_Heap_Begin = _end_noinit)
                0x0000000020009c00                PROVIDE (_Heap_Limit = (__stack - __Main_Stack_Size))

.isr_vector     0x0000000008000000      0x2ba
 FILL mask 0xff
                0x0000000008000000                __vectors_start = ABSOLUTE (.)
                0x0000000008000000                __vectors_start__ = ABSOLUTE (.)
 *(.isr_vector)
 .isr_vector    0x0000000008000000      0x188 ./system/src/cmsis/vectors_stm32f303xc.o
                0x0000000008000000                __isr_vectors
 *(.cfmconfig)
 *(.after_vectors .after_vectors.*)
 .after_vectors
                0x0000000008000188       0xcc ./system/src/newlib/startup.o
                0x0000000008000188                _start
 .after_vectors
                0x0000000008000254       0x64 ./system/src/cortexm/exception-handlers.o
                0x0000000008000254                Reset_Handler
                0x0000000008000258                NMI_Handler
                0x000000000800025a                HardFault_Handler
                0x000000000800026e                HardFault_Handler_C
                0x0000000008000270                MemManage_Handler
                0x0000000008000272                BusFault_Handler
                0x0000000008000286                BusFault_Handler_C
                0x0000000008000288                UsageFault_Handler
                0x000000000800029c                UsageFault_Handler_C
                0x000000000800029e                SVC_Handler
                0x00000000080002a0                DebugMon_Handler
                0x00000000080002a2                PendSV_Handler
 .after_vectors
                0x00000000080002b8        0x2 ./system/src/cmsis/vectors_stm32f303xc.o
                0x00000000080002b8                RTC_Alarm_IRQHandler
                0x00000000080002b8                TIM8_TRG_COM_IRQHandler
                0x00000000080002b8                TIM8_CC_IRQHandler
                0x00000000080002b8                TIM1_CC_IRQHandler
                0x00000000080002b8                USB_HP_IRQHandler
                0x00000000080002b8                PVD_IRQHandler
                0x00000000080002b8                TAMP_STAMP_IRQHandler
                0x00000000080002b8                EXTI3_IRQHandler
                0x00000000080002b8                USB_HP_CAN_TX_IRQHandler
                0x00000000080002b8                EXTI0_IRQHandler
                0x00000000080002b8                I2C2_EV_IRQHandler
                0x00000000080002b8                FPU_IRQHandler
                0x00000000080002b8                TIM1_UP_TIM16_IRQHandler
                0x00000000080002b8                ADC1_2_IRQHandler
                0x00000000080002b8                SPI1_IRQHandler
                0x00000000080002b8                CAN_SCE_IRQHandler
                0x00000000080002b8                TIM6_DAC_IRQHandler
                0x00000000080002b8                TIM8_UP_IRQHandler
                0x00000000080002b8                DMA2_Channel2_IRQHandler
                0x00000000080002b8                DMA1_Channel4_IRQHandler
                0x00000000080002b8                USART3_IRQHandler
                0x00000000080002b8                DMA1_Channel7_IRQHandler
                0x00000000080002b8                UART5_IRQHandler
                0x00000000080002b8                ADC3_IRQHandler
                0x00000000080002b8                TIM4_IRQHandler
                0x00000000080002b8                CAN_RX1_IRQHandler
                0x00000000080002b8                DMA2_Channel1_IRQHandler
                0x00000000080002b8                I2C1_EV_IRQHandler
                0x00000000080002b8                DMA1_Channel6_IRQHandler
                0x00000000080002b8                UART4_IRQHandler
                0x00000000080002b8                DMA2_Channel4_IRQHandler
                0x00000000080002b8                TIM3_IRQHandler
                0x00000000080002b8                RCC_IRQHandler
                0x00000000080002b8                DMA1_Channel1_IRQHandler
                0x00000000080002b8                Default_Handler
                0x00000000080002b8                USBWakeUp_RMP_IRQHandler
                0x00000000080002b8                EXTI15_10_IRQHandler
                0x00000000080002b8                TIM7_IRQHandler
                0x00000000080002b8                EXTI9_5_IRQHandler
                0x00000000080002b8                RTC_WKUP_IRQHandler
                0x00000000080002b8                SPI2_IRQHandler
                0x00000000080002b8                USB_LP_CAN_RX0_IRQHandler
                0x00000000080002b8                DMA2_Channel5_IRQHandler
                0x00000000080002b8                DMA1_Channel5_IRQHandler
                0x00000000080002b8                USB_LP_IRQHandler
                0x00000000080002b8                EXTI4_IRQHandler
                0x00000000080002b8                TIM1_TRG_COM_TIM17_IRQHandler
                0x00000000080002b8                DMA1_Channel3_IRQHandler
                0x00000000080002b8                ADC4_IRQHandler
                0x00000000080002b8                WWDG_IRQHandler
                0x00000000080002b8                TIM2_IRQHandler
                0x00000000080002b8                COMP7_IRQHandler
                0x00000000080002b8                COMP1_2_3_IRQHandler
                0x00000000080002b8                EXTI1_IRQHandler
                0x00000000080002b8                USART2_IRQHandler
                0x00000000080002b8                COMP4_5_6_IRQHandler
                0x00000000080002b8                I2C2_ER_IRQHandler
                0x00000000080002b8                DMA1_Channel2_IRQHandler
                0x00000000080002b8                TIM8_BRK_IRQHandler
                0x00000000080002b8                FLASH_IRQHandler
                0x00000000080002b8                USART1_IRQHandler
                0x00000000080002b8                SPI3_IRQHandler
                0x00000000080002b8                I2C1_ER_IRQHandler
                0x00000000080002b8                USBWakeUp_IRQHandler
                0x00000000080002b8                DMA2_Channel3_IRQHandler
                0x00000000080002b8                EXTI2_TSC_IRQHandler
                0x00000000080002b8                TIM1_BRK_TIM15_IRQHandler

.inits          0x00000000080002bc       0x28
                0x00000000080002bc                __data_regions_array_start = .
                0x00000000080002bc        0x4 LONG 0x80007d8 LOADADDR (.data)
                0x00000000080002c0        0x4 LONG 0x20000000 ADDR (.data)
                0x00000000080002c4        0x4 LONG 0x20000014 (ADDR (.data) + SIZEOF (.data))
                0x00000000080002c8        0x4 LONG 0x80007d8 LOADADDR (.data_CCMRAM)
                0x00000000080002cc        0x4 LONG 0x10000000 ADDR (.data_CCMRAM)
                0x00000000080002d0        0x4 LONG 0x10000000 (ADDR (.data_CCMRAM) + SIZEOF (.data_CCMRAM))
                0x00000000080002d4                __data_regions_array_end = .
                0x00000000080002d4                __bss_regions_array_start = .
                0x00000000080002d4        0x4 LONG 0x20000014 ADDR (.bss)
                0x00000000080002d8        0x4 LONG 0x20000020 (ADDR (.bss) + SIZEOF (.bss))
                0x00000000080002dc        0x4 LONG 0x10000000 ADDR (.bss_CCMRAM)
                0x00000000080002e0        0x4 LONG 0x10000000 (ADDR (.bss_CCMRAM) + SIZEOF (.bss_CCMRAM))
                0x00000000080002e4                __bss_regions_array_end = .
 *(.init)
 *(.fini)
                0x00000000080002e4                . = ALIGN (0x4)
                0x00000000080002e4                PROVIDE (__preinit_array_start = .)
 *(.preinit_array_sysinit .preinit_array_sysinit.*)
 *(.preinit_array_platform .preinit_array_platform.*)
 *(.preinit_array .preinit_array.*)
                0x00000000080002e4                PROVIDE (__preinit_array_end = .)
                0x00000000080002e4                . = ALIGN (0x4)
                0x00000000080002e4                PROVIDE (__init_array_start = .)
 *(SORT_BY_NAME(.init_array.*))
 *(.init_array)
                0x00000000080002e4                PROVIDE (__init_array_end = .)
                0x00000000080002e4                . = ALIGN (0x4)
                0x00000000080002e4                PROVIDE (__fini_array_start = .)
 *(SORT_BY_NAME(.fini_array.*))
 *(.fini_array)
                0x00000000080002e4                PROVIDE (__fini_array_end = .)

.flashtext
 *(.flashtext .flashtext.*)

.text           0x00000000080002e4      0x4f2
 *(.text .text.*)
 .text.HAL_InitTick
                0x00000000080002e4       0x48 ./system/src/stm32f3-hal/stm32f3xx_hal.o
                0x00000000080002e4                HAL_InitTick
 .text.HAL_Init
                0x000000000800032c       0x24 ./system/src/stm32f3-hal/stm32f3xx_hal.o
                0x000000000800032c                HAL_Init
 .text.HAL_IncTick
                0x0000000008000350       0x18 ./system/src/stm32f3-hal/stm32f3xx_hal.o
                0x0000000008000350                HAL_IncTick
 .text.HAL_NVIC_SetPriorityGrouping
                0x0000000008000368       0x24 ./system/src/stm32f3-hal/stm32f3xx_hal_cortex.o
                0x0000000008000368                HAL_NVIC_SetPriorityGrouping
 .text.HAL_NVIC_SetPriority
                0x000000000800038c       0x64 ./system/src/stm32f3-hal/stm32f3xx_hal_cortex.o
                0x000000000800038c                HAL_NVIC_SetPriority
 .text.HAL_SYSTICK_Config
                0x00000000080003f0       0x2c ./system/src/stm32f3-hal/stm32f3xx_hal_cortex.o
                0x00000000080003f0                HAL_SYSTICK_Config
 .text.HAL_SYSTICK_CLKSourceConfig
                0x000000000800041c       0x18 ./system/src/stm32f3-hal/stm32f3xx_hal_cortex.o
                0x000000000800041c                HAL_SYSTICK_CLKSourceConfig
 .text.HAL_GPIO_Init
                0x0000000008000434      0x18c ./system/src/stm32f3-hal/stm32f3xx_hal_gpio.o
                0x0000000008000434                HAL_GPIO_Init
 .text.HAL_GPIO_WritePin
                0x00000000080005c0        0xa ./system/src/stm32f3-hal/stm32f3xx_hal_gpio.o
                0x00000000080005c0                HAL_GPIO_WritePin
 *fill*         0x00000000080005ca        0x2 
 .text.HAL_RCC_GetHCLKFreq
                0x00000000080005cc        0xc ./system/src/stm32f3-hal/stm32f3xx_hal_rcc.o
                0x00000000080005cc                HAL_RCC_GetHCLKFreq
 .text._exit    0x00000000080005d8        0x6 ./system/src/newlib/exit.o
                0x00000000080005d8                _exit
 *fill*         0x00000000080005de        0x2 
 .text.__initialize_args
                0x00000000080005e0       0x10 ./system/src/newlib/syscalls.o
                0x00000000080005e0                __initialize_args
 .text.__initialize_hardware_early
                0x00000000080005f0       0x18 ./system/src/cortexm/initialize-hardware.o
                0x00000000080005f0                __initialize_hardware_early
 .text.__reset_hardware
                0x0000000008000608       0x24 ./system/src/cortexm/reset-hardware.o
                0x0000000008000608                __reset_hardware
 .text.SystemInit
                0x000000000800062c       0x10 ./system/src/cmsis/system_stm32f3xx.o
                0x000000000800062c                SystemInit
 .text.SystemCoreClockUpdate
                0x000000000800063c       0x64 ./system/src/cmsis/system_stm32f3xx.o
                0x000000000800063c                SystemCoreClockUpdate
 .text.SystemClock_Config
                0x00000000080006a0       0x1c ./src/initialize-hardware.o
                0x00000000080006a0                SystemClock_Config
 .text.__initialize_hardware
                0x00000000080006bc       0x12 ./src/initialize-hardware.o
                0x00000000080006bc                __initialize_hardware
 *fill*         0x00000000080006ce        0x2 
 .text.blink_led_on
                0x00000000080006d0       0x10 ./src/led.o
                0x00000000080006d0                blink_led_on
 .text.blink_led_off
                0x00000000080006e0       0x10 ./src/led.o
                0x00000000080006e0                blink_led_off
 .text.blink_led_init
                0x00000000080006f0       0x38 ./src/led.o
                0x00000000080006f0                blink_led_init
 .text.startup.main
                0x0000000008000728       0x30 ./src/main.o
                0x0000000008000728                main
 .text.HAL_MspInit
                0x0000000008000758        0x2 ./src/stm32f3xx_hal_msp.o
                0x0000000008000758                HAL_MspInit
 *fill*         0x000000000800075a        0x2 
 .text.timer_start
                0x000000000800075c       0x38 ./src/timer.o
                0x000000000800075c                timer_start
 .text.timer_sleep
                0x0000000008000794       0x10 ./src/timer.o
                0x0000000008000794                timer_sleep
 .text.timer_tick
                0x00000000080007a4       0x14 ./src/timer.o
                0x00000000080007a4                timer_tick
 .text.SysTick_Handler
                0x00000000080007b8        0xe ./src/timer.o
                0x00000000080007b8                SysTick_Handler
 *(.rodata .rodata.* .constdata .constdata.*)
 .rodata.AHBPrescTable
                0x00000000080007c6       0x10 ./system/src/cmsis/system_stm32f3xx.o
                0x00000000080007c6                AHBPrescTable
 *(vtable)
 *(.eh_frame*)
 *(.glue_7)
 .glue_7        0x00000000080007d6        0x0 linker stubs
 *(.glue_7t)
 .glue_7t       0x00000000080007d6        0x0 linker stubs

.vfp11_veneer   0x00000000080007d8        0x0
 .vfp11_veneer  0x00000000080007d8        0x0 linker stubs

.v4_bx          0x00000000080007d8        0x0
 .v4_bx         0x00000000080007d8        0x0 linker stubs

.iplt           0x00000000080007d8        0x0
 .iplt          0x00000000080007d8        0x0 ./system/src/stm32f3-hal/stm32f3xx_hal.o

.rel.dyn        0x00000000080007d8        0x0
 .rel.iplt      0x00000000080007d8        0x0 ./system/src/stm32f3-hal/stm32f3xx_hal.o

.ARM.extab
 *(.ARM.extab* .gnu.linkonce.armextab.*)
                0x00000000080007d8                . = ALIGN (0x4)
                0x00000000080007d8                __exidx_start = .

.ARM.exidx
 *(.ARM.exidx* .gnu.linkonce.armexidx.*)
                0x00000000080007d8                __exidx_end = .
                0x00000000080007d8                . = ALIGN (0x4)
                0x00000000080007d8                _etext = .
                0x00000000080007d8                __etext = .

.data_CCMRAM    0x0000000010000000        0x0 load address 0x00000000080007d8
 FILL mask 0xff
 *(.data.CCMRAM .data.CCMRAM.*)
                0x0000000010000000                . = ALIGN (0x4)
                0x00000000080007d8                _sidata = LOADADDR (.data)

.data           0x0000000020000000       0x14 load address 0x00000000080007d8
 FILL mask 0xff
                0x0000000020000000                _sdata = .
                0x0000000020000000                __data_start__ = .
 *(.data_begin .data_begin.*)
 *(.data .data.*)
 .data.uwTickFreq
                0x0000000020000000        0x1 ./system/src/stm32f3-hal/stm32f3xx_hal.o
                0x0000000020000000                uwTickFreq
 *fill*         0x0000000020000001        0x3 ff
 .data.uwTickPrio
                0x0000000020000004        0x4 ./system/src/stm32f3-hal/stm32f3xx_hal.o
                0x0000000020000004                uwTickPrio
 .data.argv.4333
                0x0000000020000008        0x8 ./system/src/newlib/syscalls.o
 .data.SystemCoreClock
                0x0000000020000010        0x4 ./system/src/cmsis/system_stm32f3xx.o
                0x0000000020000010                SystemCoreClock
 *(.data_end .data_end.*)
                0x0000000020000014                . = ALIGN (0x4)
                0x0000000020000014                _edata = .
                0x0000000020000014                __data_end__ = .

.igot.plt       0x0000000020000014        0x0 load address 0x00000000080007ec
 .igot.plt      0x0000000020000014        0x0 ./system/src/stm32f3-hal/stm32f3xx_hal.o

.bss_CCMRAM     0x0000000010000000        0x0
 *(.bss.CCMRAM .bss.CCMRAM.*)

.bss            0x0000000020000014        0xc
                0x0000000020000014                __bss_start__ = .
                0x0000000020000014                _sbss = .
 *(.bss_begin .bss_begin.*)
 *(.bss .bss.*)
 .bss.name.4332
                0x0000000020000014        0x1 ./system/src/newlib/syscalls.o
 *(COMMON)
 *fill*         0x0000000020000015        0x3 
 COMMON         0x0000000020000018        0x4 ./system/src/stm32f3-hal/stm32f3xx_hal.o
                0x0000000020000018                uwTick
 COMMON         0x000000002000001c        0x4 ./src/timer.o
                0x000000002000001c                timer_delayCount
 *(.bss_end .bss_end.*)
                0x0000000020000020                . = ALIGN (0x4)
                0x0000000020000020                __bss_end__ = .
                0x0000000020000020                _ebss = .

.noinit_CCMRAM
 *(.noinit.CCMRAM .noinit.CCMRAM.*)

.noinit         0x0000000020000020        0x0
                0x0000000020000020                _noinit = .
 *(.noinit .noinit.*)
                0x0000000020000020                . = ALIGN (0x4)
                0x0000000020000020                _end_noinit = .
                [!provide]                        PROVIDE (end = _end_noinit)
                [!provide]                        PROVIDE (_end = _end_noinit)
                [!provide]                        PROVIDE (__end = _end_noinit)
                [!provide]                        PROVIDE (__end__ = _end_noinit)

._check_stack   0x0000000020000020      0x100
                0x0000000020000120                . = (. + _Minimum_Stack_Size)
 *fill*         0x0000000020000020      0x100 

.b1text
 *(.b1text)
 *(.b1rodata)
 *(.b1rodata.*)

.eb0text
 *(.eb0text)
 *(.eb0rodata)
 *(.eb0rodata.*)

.eb1text
 *(.eb1text)
 *(.eb1rodata)
 *(.eb1rodata.*)

.eb2text
 *(.eb2text)
 *(.eb2rodata)
 *(.eb2rodata.*)

.eb3text
 *(.eb3text)
 *(.eb3rodata)
 *(.eb3rodata.*)

.stab
 *(.stab)

.stabstr
 *(.stabstr)

.stab.excl
 *(.stab.excl)

.stab.exclstr
 *(.stab.exclstr)

.stab.index
 *(.stab.index)

.stab.indexstr
 *(.stab.indexstr)

.comment        0x0000000000000000       0x59
 *(.comment)
 .comment       0x0000000000000000       0x59 ./system/src/stm32f3-hal/stm32f3xx_hal.o
                                         0x5a (size before relaxing)
 .comment       0x0000000000000059       0x5a ./system/src/stm32f3-hal/stm32f3xx_hal_cortex.o
 .comment       0x0000000000000059       0x5a ./system/src/stm32f3-hal/stm32f3xx_hal_gpio.o
 .comment       0x0000000000000059       0x5a ./system/src/stm32f3-hal/stm32f3xx_hal_rcc.o
 .comment       0x0000000000000059       0x5a ./system/src/newlib/exit.o
 .comment       0x0000000000000059       0x5a ./system/src/newlib/startup.o
 .comment       0x0000000000000059       0x5a ./system/src/newlib/syscalls.o
 .comment       0x0000000000000059       0x5a ./system/src/cortexm/exception-handlers.o
 .comment       0x0000000000000059       0x5a ./system/src/cortexm/initialize-hardware.o
 .comment       0x0000000000000059       0x5a ./system/src/cortexm/reset-hardware.o
 .comment       0x0000000000000059       0x5a ./system/src/cmsis/system_stm32f3xx.o
 .comment       0x0000000000000059       0x5a ./system/src/cmsis/vectors_stm32f303xc.o
 .comment       0x0000000000000059       0x5a ./src/initialize-hardware.o
 .comment       0x0000000000000059       0x5a ./src/led.o
 .comment       0x0000000000000059       0x5a ./src/main.o
 .comment       0x0000000000000059       0x5a ./src/stm32f3xx_hal_msp.o
 .comment       0x0000000000000059       0x5a ./src/timer.o

.ARM.attributes
                0x0000000000000000       0x2e
 .ARM.attributes
                0x0000000000000000       0x2e ./system/src/stm32f3-hal/stm32f3xx_hal.o
 .ARM.attributes
                0x000000000000002e       0x2e ./system/src/stm32f3-hal/stm32f3xx_hal_cortex.o
 .ARM.attributes
                0x000000000000005c       0x2e ./system/src/stm32f3-hal/stm32f3xx_hal_gpio.o
 .ARM.attributes
                0x000000000000008a       0x2e ./system/src/stm32f3-hal/stm32f3xx_hal_rcc.o
 .ARM.attributes
                0x00000000000000b8       0x2e ./system/src/newlib/exit.o
 .ARM.attributes
                0x00000000000000e6       0x2e ./system/src/newlib/startup.o
 .ARM.attributes
                0x0000000000000114       0x2e ./system/src/newlib/syscalls.o
 .ARM.attributes
                0x0000000000000142       0x2e ./system/src/cortexm/exception-handlers.o
 .ARM.attributes
                0x0000000000000170       0x2e ./system/src/cortexm/initialize-hardware.o
 .ARM.attributes
                0x000000000000019e       0x2e ./system/src/cortexm/reset-hardware.o
 .ARM.attributes
                0x00000000000001cc       0x2e ./system/src/cmsis/system_stm32f3xx.o
 .ARM.attributes
                0x00000000000001fa       0x2e ./system/src/cmsis/vectors_stm32f303xc.o
 .ARM.attributes
                0x0000000000000228       0x2e ./src/initialize-hardware.o
 .ARM.attributes
                0x0000000000000256       0x2e ./src/led.o
 .ARM.attributes
                0x0000000000000284       0x2e ./src/main.o
 .ARM.attributes
                0x00000000000002b2       0x2e ./src/stm32f3xx_hal_msp.o
 .ARM.attributes
                0x00000000000002e0       0x2e ./src/timer.o

.debug
 *(.debug)

.line
 *(.line)

.debug_srcinfo
 *(.debug_srcinfo)

.debug_sfnames
 *(.debug_sfnames)

.debug_aranges  0x0000000000000000      0x4d8
 *(.debug_aranges)
 .debug_aranges
                0x0000000000000000       0xd8 ./system/src/stm32f3-hal/stm32f3xx_hal.o
 .debug_aranges
                0x00000000000000d8       0xa8 ./system/src/stm32f3-hal/stm32f3xx_hal_cortex.o
 .debug_aranges
                0x0000000000000180       0x58 ./system/src/stm32f3-hal/stm32f3xx_hal_gpio.o
 .debug_aranges
                0x00000000000001d8       0x88 ./system/src/stm32f3-hal/stm32f3xx_hal_rcc.o
 .debug_aranges
                0x0000000000000260       0x28 ./system/src/newlib/exit.o
 .debug_aranges
                0x0000000000000288       0x40 ./system/src/newlib/startup.o
 .debug_aranges
                0x00000000000002c8       0x30 ./system/src/newlib/syscalls.o
 .debug_aranges
                0x00000000000002f8       0x80 ./system/src/cortexm/exception-handlers.o
 .debug_aranges
                0x0000000000000378       0x28 ./system/src/cortexm/initialize-hardware.o
 .debug_aranges
                0x00000000000003a0       0x20 ./system/src/cortexm/reset-hardware.o
 .debug_aranges
                0x00000000000003c0       0x28 ./system/src/cmsis/system_stm32f3xx.o
 .debug_aranges
                0x00000000000003e8       0x20 ./system/src/cmsis/vectors_stm32f303xc.o
 .debug_aranges
                0x0000000000000408       0x28 ./src/initialize-hardware.o
 .debug_aranges
                0x0000000000000430       0x30 ./src/led.o
 .debug_aranges
                0x0000000000000460       0x20 ./src/main.o
 .debug_aranges
                0x0000000000000480       0x20 ./src/stm32f3xx_hal_msp.o
 .debug_aranges
                0x00000000000004a0       0x38 ./src/timer.o

.debug_pubnames
 *(.debug_pubnames)

.debug_info     0x0000000000000000     0x84be
 *(.debug_info .gnu.linkonce.wi.*)
 .debug_info    0x0000000000000000      0x914 ./system/src/stm32f3-hal/stm32f3xx_hal.o
 .debug_info    0x0000000000000914     0x1071 ./system/src/stm32f3-hal/stm32f3xx_hal_cortex.o
 .debug_info    0x0000000000001985      0x77b ./system/src/stm32f3-hal/stm32f3xx_hal_gpio.o
 .debug_info    0x0000000000002100     0x161e ./system/src/stm32f3-hal/stm32f3xx_hal_rcc.o
 .debug_info    0x000000000000371e      0x9e6 ./system/src/newlib/exit.o
 .debug_info    0x0000000000004104      0x50e ./system/src/newlib/startup.o
 .debug_info    0x0000000000004612      0xaaa ./system/src/newlib/syscalls.o
 .debug_info    0x00000000000050bc      0xc58 ./system/src/cortexm/exception-handlers.o
 .debug_info    0x0000000000005d14      0x37a ./system/src/cortexm/initialize-hardware.o
 .debug_info    0x000000000000608e      0x383 ./system/src/cortexm/reset-hardware.o
 .debug_info    0x0000000000006411      0x486 ./system/src/cmsis/system_stm32f3xx.o
 .debug_info    0x0000000000006897       0xca ./system/src/cmsis/vectors_stm32f303xc.o
 .debug_info    0x0000000000006961      0x205 ./src/initialize-hardware.o
 .debug_info    0x0000000000006b66      0x424 ./src/led.o
 .debug_info    0x0000000000006f8a      0xbcd ./src/main.o
 .debug_info    0x0000000000007b57      0x18b ./src/stm32f3xx_hal_msp.o
 .debug_info    0x0000000000007ce2      0x7dc ./src/timer.o

.debug_abbrev   0x0000000000000000     0x20f6
 *(.debug_abbrev)
 .debug_abbrev  0x0000000000000000      0x27b ./system/src/stm32f3-hal/stm32f3xx_hal.o
 .debug_abbrev  0x000000000000027b      0x395 ./system/src/stm32f3-hal/stm32f3xx_hal_cortex.o
 .debug_abbrev  0x0000000000000610      0x211 ./system/src/stm32f3-hal/stm32f3xx_hal_gpio.o
 .debug_abbrev  0x0000000000000821      0x349 ./system/src/stm32f3-hal/stm32f3xx_hal_rcc.o
 .debug_abbrev  0x0000000000000b6a      0x243 ./system/src/newlib/exit.o
 .debug_abbrev  0x0000000000000dad      0x1e4 ./system/src/newlib/startup.o
 .debug_abbrev  0x0000000000000f91      0x26a ./system/src/newlib/syscalls.o
 .debug_abbrev  0x00000000000011fb      0x250 ./system/src/cortexm/exception-handlers.o
 .debug_abbrev  0x000000000000144b      0x123 ./system/src/cortexm/initialize-hardware.o
 .debug_abbrev  0x000000000000156e      0x14b ./system/src/cortexm/reset-hardware.o
 .debug_abbrev  0x00000000000016b9      0x148 ./system/src/cmsis/system_stm32f3xx.o
 .debug_abbrev  0x0000000000001801       0xa2 ./system/src/cmsis/vectors_stm32f303xc.o
 .debug_abbrev  0x00000000000018a3      0x110 ./src/initialize-hardware.o
 .debug_abbrev  0x00000000000019b3      0x191 ./src/led.o
 .debug_abbrev  0x0000000000001b44      0x2b5 ./src/main.o
 .debug_abbrev  0x0000000000001df9       0xcf ./src/stm32f3xx_hal_msp.o
 .debug_abbrev  0x0000000000001ec8      0x22e ./src/timer.o

.debug_line     0x0000000000000000     0x380f
 *(.debug_line)
 .debug_line    0x0000000000000000      0x46a ./system/src/stm32f3-hal/stm32f3xx_hal.o
 .debug_line    0x000000000000046a      0x6e0 ./system/src/stm32f3-hal/stm32f3xx_hal_cortex.o
 .debug_line    0x0000000000000b4a      0x641 ./system/src/stm32f3-hal/stm32f3xx_hal_gpio.o
 .debug_line    0x000000000000118b     0x1173 ./system/src/stm32f3-hal/stm32f3xx_hal_rcc.o
 .debug_line    0x00000000000022fe      0x13a ./system/src/newlib/exit.o
 .debug_line    0x0000000000002438      0x336 ./system/src/newlib/startup.o
 .debug_line    0x000000000000276e      0x172 ./system/src/newlib/syscalls.o
 .debug_line    0x00000000000028e0      0x2da ./system/src/cortexm/exception-handlers.o
 .debug_line    0x0000000000002bba      0x129 ./system/src/cortexm/initialize-hardware.o
 .debug_line    0x0000000000002ce3      0x156 ./system/src/cortexm/reset-hardware.o
 .debug_line    0x0000000000002e39      0x1ba ./system/src/cmsis/system_stm32f3xx.o
 .debug_line    0x0000000000002ff3       0x6f ./system/src/cmsis/vectors_stm32f303xc.o
 .debug_line    0x0000000000003062      0x15e ./src/initialize-hardware.o
 .debug_line    0x00000000000031c0      0x15e ./src/led.o
 .debug_line    0x000000000000331e      0x210 ./src/main.o
 .debug_line    0x000000000000352e       0xef ./src/stm32f3xx_hal_msp.o
 .debug_line    0x000000000000361d      0x1f2 ./src/timer.o

.debug_frame    0x0000000000000000      0x950
 *(.debug_frame)
 .debug_frame   0x0000000000000000      0x1d4 ./system/src/stm32f3-hal/stm32f3xx_hal.o
 .debug_frame   0x00000000000001d4      0x158 ./system/src/stm32f3-hal/stm32f3xx_hal_cortex.o
 .debug_frame   0x000000000000032c       0xd4 ./system/src/stm32f3-hal/stm32f3xx_hal_gpio.o
 .debug_frame   0x0000000000000400      0x148 ./system/src/stm32f3-hal/stm32f3xx_hal_rcc.o
 .debug_frame   0x0000000000000548       0x40 ./system/src/newlib/exit.o
 .debug_frame   0x0000000000000588       0x80 ./system/src/newlib/startup.o
 .debug_frame   0x0000000000000608       0x50 ./system/src/newlib/syscalls.o
 .debug_frame   0x0000000000000658       0xe0 ./system/src/cortexm/exception-handlers.o
 .debug_frame   0x0000000000000738       0x38 ./system/src/cortexm/initialize-hardware.o
 .debug_frame   0x0000000000000770       0x20 ./system/src/cortexm/reset-hardware.o
 .debug_frame   0x0000000000000790       0x38 ./system/src/cmsis/system_stm32f3xx.o
 .debug_frame   0x00000000000007c8       0x20 ./system/src/cmsis/vectors_stm32f303xc.o
 .debug_frame   0x00000000000007e8       0x48 ./src/initialize-hardware.o
 .debug_frame   0x0000000000000830       0x48 ./src/led.o
 .debug_frame   0x0000000000000878       0x2c ./src/main.o
 .debug_frame   0x00000000000008a4       0x50 ./src/stm32f3xx_hal_msp.o
 .debug_frame   0x00000000000008f4       0x5c ./src/timer.o

.debug_str      0x0000000000000000     0x1d85
 *(.debug_str)
 .debug_str     0x0000000000000000      0x9b9 ./system/src/stm32f3-hal/stm32f3xx_hal.o
                                        0xa1d (size before relaxing)
 .debug_str     0x00000000000009b9      0x4db ./system/src/stm32f3-hal/stm32f3xx_hal_cortex.o
                                        0xc44 (size before relaxing)
 .debug_str     0x0000000000000e94      0x1e7 ./system/src/stm32f3-hal/stm32f3xx_hal_gpio.o
                                        0x528 (size before relaxing)
 .debug_str     0x000000000000107b      0x31f ./system/src/stm32f3-hal/stm32f3xx_hal_rcc.o
                                        0x721 (size before relaxing)
 .debug_str     0x000000000000139a      0x42d ./system/src/newlib/exit.o
                                        0x625 (size before relaxing)
 .debug_str     0x00000000000017c7      0x1a2 ./system/src/newlib/startup.o
                                        0x38a (size before relaxing)
 .debug_str     0x0000000000001969       0x89 ./system/src/newlib/syscalls.o
                                        0x656 (size before relaxing)
 .debug_str     0x00000000000019f2      0x11f ./system/src/cortexm/exception-handlers.o
                                        0x7c4 (size before relaxing)
 .debug_str     0x0000000000001b11       0x5d ./system/src/cortexm/initialize-hardware.o
                                        0x381 (size before relaxing)
 .debug_str     0x0000000000001b6e       0x27 ./system/src/cortexm/reset-hardware.o
                                        0x343 (size before relaxing)
 .debug_str     0x0000000000001b95       0x46 ./system/src/cmsis/system_stm32f3xx.o
                                        0x3ac (size before relaxing)
 .debug_str     0x0000000000001bdb       0x59 ./system/src/cmsis/vectors_stm32f303xc.o
                                        0x20e (size before relaxing)
 .debug_str     0x0000000000001c34       0x30 ./src/initialize-hardware.o
                                        0x33c (size before relaxing)
 .debug_str     0x0000000000001c64       0x4a ./src/led.o
                                        0x3ca (size before relaxing)
 .debug_str     0x0000000000001cae       0x80 ./src/main.o
                                        0x773 (size before relaxing)
 .debug_str     0x0000000000001d2e       0x3d ./src/stm32f3xx_hal_msp.o
                                        0x2eb (size before relaxing)
 .debug_str     0x0000000000001d6b       0x1a ./src/timer.o
                                        0x847 (size before relaxing)

.debug_loc      0x0000000000000000     0x1e55
 *(.debug_loc)
 .debug_loc     0x0000000000000000      0x139 ./system/src/stm32f3-hal/stm32f3xx_hal.o
 .debug_loc     0x0000000000000139      0x545 ./system/src/stm32f3-hal/stm32f3xx_hal_cortex.o
 .debug_loc     0x000000000000067e      0x316 ./system/src/stm32f3-hal/stm32f3xx_hal_gpio.o
 .debug_loc     0x0000000000000994      0xd73 ./system/src/stm32f3-hal/stm32f3xx_hal_rcc.o
 .debug_loc     0x0000000000001707       0x25 ./system/src/newlib/exit.o
 .debug_loc     0x000000000000172c      0x42e ./system/src/newlib/startup.o
 .debug_loc     0x0000000000001b5a       0x6f ./system/src/newlib/syscalls.o
 .debug_loc     0x0000000000001bc9       0x7e ./system/src/cortexm/exception-handlers.o
 .debug_loc     0x0000000000001c47       0xfe ./system/src/cmsis/system_stm32f3xx.o
 .debug_loc     0x0000000000001d45       0x7a ./src/main.o
 .debug_loc     0x0000000000001dbf       0x96 ./src/timer.o

.debug_macinfo
 *(.debug_macinfo)

.debug_weaknames
 *(.debug_weaknames)

.debug_funcnames
 *(.debug_funcnames)

.debug_typenames
 *(.debug_typenames)

.debug_varnames
 *(.debug_varnames)
OUTPUT(ryansullivan-quadcopter-firmware.elf elf32-littlearm)
LOAD linker stubs

.debug_ranges   0x0000000000000000      0x6b0
 .debug_ranges  0x0000000000000000       0xc8 ./system/src/stm32f3-hal/stm32f3xx_hal.o
 .debug_ranges  0x00000000000000c8      0x150 ./system/src/stm32f3-hal/stm32f3xx_hal_cortex.o
 .debug_ranges  0x0000000000000218       0x68 ./system/src/stm32f3-hal/stm32f3xx_hal_gpio.o
 .debug_ranges  0x0000000000000280      0x1d0 ./system/src/stm32f3-hal/stm32f3xx_hal_rcc.o
 .debug_ranges  0x0000000000000450       0x18 ./system/src/newlib/exit.o
 .debug_ranges  0x0000000000000468       0xd0 ./system/src/newlib/startup.o
 .debug_ranges  0x0000000000000538       0x20 ./system/src/newlib/syscalls.o
 .debug_ranges  0x0000000000000558       0x70 ./system/src/cortexm/exception-handlers.o
 .debug_ranges  0x00000000000005c8       0x18 ./system/src/cortexm/initialize-hardware.o
 .debug_ranges  0x00000000000005e0       0x10 ./system/src/cortexm/reset-hardware.o
 .debug_ranges  0x00000000000005f0       0x18 ./system/src/cmsis/system_stm32f3xx.o
 .debug_ranges  0x0000000000000608       0x10 ./system/src/cmsis/vectors_stm32f303xc.o
 .debug_ranges  0x0000000000000618       0x18 ./src/initialize-hardware.o
 .debug_ranges  0x0000000000000630       0x20 ./src/led.o
 .debug_ranges  0x0000000000000650       0x10 ./src/main.o
 .debug_ranges  0x0000000000000660       0x10 ./src/stm32f3xx_hal_msp.o
 .debug_ranges  0x0000000000000670       0x40 ./src/timer.o
