Archive member included to satisfy reference by file (symbol)

/usr/share/gcc-arm-none-eabi-10-2020-q4-major/bin/../lib/gcc/arm-none-eabi/10.2.1/../../../../arm-none-eabi/lib/thumb/v7e-m/nofp/libm.a(lib_a-s_atan.o)
                              ./src/main.o (atan)
/usr/share/gcc-arm-none-eabi-10-2020-q4-major/bin/../lib/gcc/arm-none-eabi/10.2.1/../../../../arm-none-eabi/lib/thumb/v7e-m/nofp/libm.a(lib_a-s_cos.o)
                              ./src/main.o (cos)
/usr/share/gcc-arm-none-eabi-10-2020-q4-major/bin/../lib/gcc/arm-none-eabi/10.2.1/../../../../arm-none-eabi/lib/thumb/v7e-m/nofp/libm.a(lib_a-s_fabs.o)
                              /usr/share/gcc-arm-none-eabi-10-2020-q4-major/bin/../lib/gcc/arm-none-eabi/10.2.1/../../../../arm-none-eabi/lib/thumb/v7e-m/nofp/libm.a(lib_a-s_atan.o) (fabs)
/usr/share/gcc-arm-none-eabi-10-2020-q4-major/bin/../lib/gcc/arm-none-eabi/10.2.1/../../../../arm-none-eabi/lib/thumb/v7e-m/nofp/libm.a(lib_a-s_sin.o)
                              ./src/main.o (sin)
/usr/share/gcc-arm-none-eabi-10-2020-q4-major/bin/../lib/gcc/arm-none-eabi/10.2.1/../../../../arm-none-eabi/lib/thumb/v7e-m/nofp/libm.a(lib_a-w_atan2.o)
                              ./src/main.o (atan2)
/usr/share/gcc-arm-none-eabi-10-2020-q4-major/bin/../lib/gcc/arm-none-eabi/10.2.1/../../../../arm-none-eabi/lib/thumb/v7e-m/nofp/libm.a(lib_a-w_pow.o)
                              ./src/main.o (pow)
/usr/share/gcc-arm-none-eabi-10-2020-q4-major/bin/../lib/gcc/arm-none-eabi/10.2.1/../../../../arm-none-eabi/lib/thumb/v7e-m/nofp/libm.a(lib_a-w_sqrt.o)
                              ./src/main.o (sqrt)
/usr/share/gcc-arm-none-eabi-10-2020-q4-major/bin/../lib/gcc/arm-none-eabi/10.2.1/../../../../arm-none-eabi/lib/thumb/v7e-m/nofp/libm.a(lib_a-e_atan2.o)
                              /usr/share/gcc-arm-none-eabi-10-2020-q4-major/bin/../lib/gcc/arm-none-eabi/10.2.1/../../../../arm-none-eabi/lib/thumb/v7e-m/nofp/libm.a(lib_a-w_atan2.o) (__ieee754_atan2)
/usr/share/gcc-arm-none-eabi-10-2020-q4-major/bin/../lib/gcc/arm-none-eabi/10.2.1/../../../../arm-none-eabi/lib/thumb/v7e-m/nofp/libm.a(lib_a-e_pow.o)
                              /usr/share/gcc-arm-none-eabi-10-2020-q4-major/bin/../lib/gcc/arm-none-eabi/10.2.1/../../../../arm-none-eabi/lib/thumb/v7e-m/nofp/libm.a(lib_a-w_pow.o) (__ieee754_pow)
/usr/share/gcc-arm-none-eabi-10-2020-q4-major/bin/../lib/gcc/arm-none-eabi/10.2.1/../../../../arm-none-eabi/lib/thumb/v7e-m/nofp/libm.a(lib_a-e_rem_pio2.o)
                              /usr/share/gcc-arm-none-eabi-10-2020-q4-major/bin/../lib/gcc/arm-none-eabi/10.2.1/../../../../arm-none-eabi/lib/thumb/v7e-m/nofp/libm.a(lib_a-s_cos.o) (__ieee754_rem_pio2)
/usr/share/gcc-arm-none-eabi-10-2020-q4-major/bin/../lib/gcc/arm-none-eabi/10.2.1/../../../../arm-none-eabi/lib/thumb/v7e-m/nofp/libm.a(lib_a-e_sqrt.o)
                              /usr/share/gcc-arm-none-eabi-10-2020-q4-major/bin/../lib/gcc/arm-none-eabi/10.2.1/../../../../arm-none-eabi/lib/thumb/v7e-m/nofp/libm.a(lib_a-w_sqrt.o) (__ieee754_sqrt)
/usr/share/gcc-arm-none-eabi-10-2020-q4-major/bin/../lib/gcc/arm-none-eabi/10.2.1/../../../../arm-none-eabi/lib/thumb/v7e-m/nofp/libm.a(lib_a-k_cos.o)
                              /usr/share/gcc-arm-none-eabi-10-2020-q4-major/bin/../lib/gcc/arm-none-eabi/10.2.1/../../../../arm-none-eabi/lib/thumb/v7e-m/nofp/libm.a(lib_a-s_cos.o) (__kernel_cos)
/usr/share/gcc-arm-none-eabi-10-2020-q4-major/bin/../lib/gcc/arm-none-eabi/10.2.1/../../../../arm-none-eabi/lib/thumb/v7e-m/nofp/libm.a(lib_a-k_rem_pio2.o)
                              /usr/share/gcc-arm-none-eabi-10-2020-q4-major/bin/../lib/gcc/arm-none-eabi/10.2.1/../../../../arm-none-eabi/lib/thumb/v7e-m/nofp/libm.a(lib_a-e_rem_pio2.o) (__kernel_rem_pio2)
/usr/share/gcc-arm-none-eabi-10-2020-q4-major/bin/../lib/gcc/arm-none-eabi/10.2.1/../../../../arm-none-eabi/lib/thumb/v7e-m/nofp/libm.a(lib_a-k_sin.o)
                              /usr/share/gcc-arm-none-eabi-10-2020-q4-major/bin/../lib/gcc/arm-none-eabi/10.2.1/../../../../arm-none-eabi/lib/thumb/v7e-m/nofp/libm.a(lib_a-s_cos.o) (__kernel_sin)
/usr/share/gcc-arm-none-eabi-10-2020-q4-major/bin/../lib/gcc/arm-none-eabi/10.2.1/../../../../arm-none-eabi/lib/thumb/v7e-m/nofp/libm.a(lib_a-s_finite.o)
                              /usr/share/gcc-arm-none-eabi-10-2020-q4-major/bin/../lib/gcc/arm-none-eabi/10.2.1/../../../../arm-none-eabi/lib/thumb/v7e-m/nofp/libm.a(lib_a-w_pow.o) (finite)
/usr/share/gcc-arm-none-eabi-10-2020-q4-major/bin/../lib/gcc/arm-none-eabi/10.2.1/../../../../arm-none-eabi/lib/thumb/v7e-m/nofp/libm.a(lib_a-s_floor.o)
                              /usr/share/gcc-arm-none-eabi-10-2020-q4-major/bin/../lib/gcc/arm-none-eabi/10.2.1/../../../../arm-none-eabi/lib/thumb/v7e-m/nofp/libm.a(lib_a-k_rem_pio2.o) (floor)
/usr/share/gcc-arm-none-eabi-10-2020-q4-major/bin/../lib/gcc/arm-none-eabi/10.2.1/../../../../arm-none-eabi/lib/thumb/v7e-m/nofp/libm.a(lib_a-s_lib_ver.o)
[...]
Memory Configuration

Name             Origin             Length             Attributes
RAM              0x0000000020000000 0x000000000000a000 xrw
CCMRAM           0x0000000010000000 0x0000000000002000 xrw
FLASH            0x0000000008000000 0x0000000000040000 xr
FLASHB1          0x0000000000000000 0x0000000000000000 xr
EXTMEMB0         0x0000000000000000 0x0000000000000000 xr
EXTMEMB1         0x0000000000000000 0x0000000000000000 xr
EXTMEMB2         0x0000000000000000 0x0000000000000000 xr
EXTMEMB3         0x0000000000000000 0x0000000000000000 xr
MEMORY_ARRAY     0x0000000020002000 0x0000000000000000 xrw
*default*        0x0000000000000000 0xffffffffffffffff

Linker script and memory map

LOAD ./src/commonio.o
LOAD ./src/debug.o
LOAD ./src/i2c.o
LOAD ./src/io.o
LOAD ./src/main.o
LOAD ./src/port.o
LOAD ./src/startup.o
LOAD ./src/usart.o
LOAD ./src/utils.o
LOAD ./STlib/src/stm32f3-hal/stm32f3xx_ll_adc.o
LOAD ./STlib/src/stm32f3-hal/stm32f3xx_ll_comp.o
LOAD ./STlib/src/stm32f3-hal/stm32f3xx_ll_crc.o
LOAD ./STlib/src/stm32f3-hal/stm32f3xx_ll_dac.o
LOAD ./STlib/src/stm32f3-hal/stm32f3xx_ll_dma.o
LOAD ./STlib/src/stm32f3-hal/stm32f3xx_ll_exti.o
LOAD ./STlib/src/stm32f3-hal/stm32f3xx_ll_gpio.o
LOAD ./STlib/src/stm32f3-hal/stm32f3xx_ll_hrtim.o
LOAD ./STlib/src/stm32f3-hal/stm32f3xx_ll_i2c.o
LOAD ./STlib/src/stm32f3-hal/stm32f3xx_ll_opamp.o
LOAD ./STlib/src/stm32f3-hal/stm32f3xx_ll_pwr.o
LOAD ./STlib/src/stm32f3-hal/stm32f3xx_ll_rcc.o
LOAD ./STlib/src/stm32f3-hal/stm32f3xx_ll_rtc.o
LOAD ./STlib/src/stm32f3-hal/stm32f3xx_ll_spi.o
LOAD ./STlib/src/stm32f3-hal/stm32f3xx_ll_tim.o
LOAD ./STlib/src/stm32f3-hal/stm32f3xx_ll_usart.o
LOAD ./STlib/src/stm32f3-hal/stm32f3xx_ll_utils.o
LOAD ./STlib/src/cmsis/system_stm32f3xx.o
LOAD /usr/share/gcc-arm-none-eabi-10-2020-q4-major/bin/../lib/gcc/arm-none-eabi/10.2.1/../../../../arm-none-eabi/lib/thumb/v7e-m/nofp/libstdc++_nano.a
LOAD /usr/share/gcc-arm-none-eabi-10-2020-q4-major/bin/../lib/gcc/arm-none-eabi/10.2.1/../../../../arm-none-eabi/lib/thumb/v7e-m/nofp/libm.a
START GROUP
LOAD /usr/share/gcc-arm-none-eabi-10-2020-q4-major/bin/../lib/gcc/arm-none-eabi/10.2.1/thumb/v7e-m/nofp/libgcc.a
LOAD /usr/share/gcc-arm-none-eabi-10-2020-q4-major/bin/../lib/gcc/arm-none-eabi/10.2.1/../../../../arm-none-eabi/lib/thumb/v7e-m/nofp/libg_nano.a
LOAD /usr/share/gcc-arm-none-eabi-10-2020-q4-major/bin/../lib/gcc/arm-none-eabi/10.2.1/../../../../arm-none-eabi/lib/thumb/v7e-m/nofp/libc_nano.a
END GROUP
START GROUP
LOAD /usr/share/gcc-arm-none-eabi-10-2020-q4-major/bin/../lib/gcc/arm-none-eabi/10.2.1/thumb/v7e-m/nofp/libgcc.a
LOAD /usr/share/gcc-arm-none-eabi-10-2020-q4-major/bin/../lib/gcc/arm-none-eabi/10.2.1/../../../../arm-none-eabi/lib/thumb/v7e-m/nofp/libc_nano.a
END GROUP
                0x000000002000a000                __stack = (ORIGIN (RAM) + LENGTH (RAM))
                0x000000002000a000                _estack = __stack
                0x0000000000000400                __Main_Stack_Size = 0x400
                [!provide]                        PROVIDE (_Main_Stack_Size = __Main_Stack_Size)
                0x0000000020009c00                __Main_Stack_Limit = (__stack - __Main_Stack_Size)
                [!provide]                        PROVIDE (_Main_Stack_Limit = __Main_Stack_Limit)
                0x0000000000000100                _Minimum_Stack_Size = 0x100
                [!provide]                        PROVIDE (_Heap_Begin = _end_noinit)
                [!provide]                        PROVIDE (_Heap_Limit = (__stack - __Main_Stack_Size))

.isr_vector     0x0000000008000000      0x188
 FILL mask 0xff
                0x0000000008000000                __vectors_start = ABSOLUTE (.)
                0x0000000008000000                __vectors_start__ = ABSOLUTE (.)
 *(.isr_vector)
 .isr_vector    0x0000000008000000      0x188 ./src/startup.o
                0x0000000008000000                vector_table
 *(.cfmconfig)
 *(.after_vectors .after_vectors.*)

.inits          0x0000000008000188       0x28
                0x0000000008000188                __data_regions_array_start = .
                0x0000000008000188        0x4 LONG 0x8006704 LOADADDR (.data)
                0x000000000800018c        0x4 LONG 0x20000000 ADDR (.data)
                0x0000000008000190        0x4 LONG 0x20000074 (ADDR (.data) + SIZEOF (.data))
                0x0000000008000194        0x4 LONG 0x8006704 LOADADDR (.data_CCMRAM)
                0x0000000008000198        0x4 LONG 0x10000000 ADDR (.data_CCMRAM)
                0x000000000800019c        0x4 LONG 0x10000000 (ADDR (.data_CCMRAM) + SIZEOF (.data_CCMRAM))
                0x00000000080001a0                __data_regions_array_end = .
                0x00000000080001a0                __bss_regions_array_start = .
                0x00000000080001a0        0x4 LONG 0x20000074 ADDR (.bss)
                0x00000000080001a4        0x4 LONG 0x20000398 (ADDR (.bss) + SIZEOF (.bss))
                0x00000000080001a8        0x4 LONG 0x10000000 ADDR (.bss_CCMRAM)
                0x00000000080001ac        0x4 LONG 0x10000000 (ADDR (.bss_CCMRAM) + SIZEOF (.bss_CCMRAM))
                0x00000000080001b0                __bss_regions_array_end = .
 *(.init)
 *(.fini)
                0x00000000080001b0                . = ALIGN (0x4)
                [!provide]                        PROVIDE (__preinit_array_start = .)
 *(.preinit_array_sysinit .preinit_array_sysinit.*)
 *(.preinit_array_platform .preinit_array_platform.*)
 *(.preinit_array .preinit_array.*)
                [!provide]                        PROVIDE (__preinit_array_end = .)
                0x00000000080001b0                . = ALIGN (0x4)
                [!provide]                        PROVIDE (__init_array_start = .)
 *(SORT_BY_NAME(.init_array.*))
 *(.init_array)
                [!provide]                        PROVIDE (__init_array_end = .)
                0x00000000080001b0                . = ALIGN (0x4)
                [!provide]                        PROVIDE (__fini_array_start = .)
 *(SORT_BY_NAME(.fini_array.*))
 *(.fini_array)
                [!provide]                        PROVIDE (__fini_array_end = .)

.flashtext
 *(.flashtext .flashtext.*)

.text           0x00000000080001b0     0x6554
 *(.text .text.*)
 .text          0x00000000080001b0        0x0 ./src/commonio.o
 .text.commonio_clear_reset_flags
                0x00000000080001b0       0x10 ./src/commonio.o
                0x00000000080001b0                commonio_clear_reset_flags
 .text.commonio_initialise_clocks
                0x00000000080001c0      0x120 ./src/commonio.o
                0x00000000080001c0                commonio_initialise_clocks
 .text          0x00000000080002e0        0x0 ./src/debug.o
 .text.print_character
                0x00000000080002e0       0x16 ./src/debug.o
                0x00000000080002e0                print_character
 .text.printf_number
                0x00000000080002f6       0x40 ./src/debug.o
                0x00000000080002f6                printf_number
 .text.debug_printf
                0x0000000008000336       0x92 ./src/debug.o
                0x0000000008000336                debug_printf
 .text          0x00000000080003c8        0x0 ./src/i2c.o
 .text.i2c_initialise
                0x00000000080003c8      0x104 ./src/i2c.o
                0x00000000080003c8                i2c_initialise
 .text.i2c1_buffer_free
                0x00000000080004cc       0x20 ./src/i2c.o
                0x00000000080004cc                i2c1_buffer_free
 .text.i2c1_tx_buffer_write
                0x00000000080004ec       0x18 ./src/i2c.o
                0x00000000080004ec                i2c1_tx_buffer_write
 .text.i2c1_tx_buffer_clear
                0x0000000008000504       0x20 ./src/i2c.o
                0x0000000008000504                i2c1_tx_buffer_clear
 .text.i2c1_tx_data
                0x0000000008000524       0x64 ./src/i2c.o
                0x0000000008000524                i2c1_tx_data
 .text.i2c1_rx_buffer_available
                0x0000000008000588       0x18 ./src/i2c.o
                0x0000000008000588                i2c1_rx_buffer_available
 .text.i2c1_rx_buffer_read
                0x00000000080005a0       0x18 ./src/i2c.o
                0x00000000080005a0                i2c1_rx_buffer_read
 .text.i2c1_rx_buffer_clear
                0x00000000080005b8       0x20 ./src/i2c.o
                0x00000000080005b8                i2c1_rx_buffer_clear
 .text.i2c1_rx_data
                0x00000000080005d8       0x6c ./src/i2c.o
                0x00000000080005d8                i2c1_rx_data
 .text.i2c_dma1_channel6_isr
                0x0000000008000644       0x40 ./src/i2c.o
                0x0000000008000644                i2c_dma1_channel6_isr
 .text.i2c_dma1_channel7_isr
                0x0000000008000684       0x24 ./src/i2c.o
                0x0000000008000684                i2c_dma1_channel7_isr
 .text.i2c1_er_isr
                0x00000000080006a8       0x58 ./src/i2c.o
                0x00000000080006a8                i2c1_er_isr
 .text          0x0000000008000700        0x0 ./src/io.o
 .text.io_toggle_w_led
                0x0000000008000700       0x20 ./src/io.o
                0x0000000008000700                io_toggle_w_led
 .text.io_accelerometer_data_ready
                0x0000000008000720        0xc ./src/io.o
                0x0000000008000720                io_accelerometer_data_ready
 .text.io_initialise_accelerometer
                0x000000000800072c       0x3c ./src/io.o
                0x000000000800072c                io_initialise_accelerometer
 .text.io_read_accelerometer
                0x0000000008000768       0x7c ./src/io.o
                0x0000000008000768                io_read_accelerometer
 .text.io_1ms_poll
                0x00000000080007e4       0x38 ./src/io.o
                0x00000000080007e4                io_1ms_poll
 .text.external_interupt_4_isr
                0x000000000800081c       0x18 ./src/io.o
                0x000000000800081c                external_interupt_4_isr
 .text.initialise_pins
                0x0000000008000834       0x6c ./src/io.o
                0x0000000008000834                initialise_pins
 .text.initialise_external_interupts
                0x00000000080008a0       0x5c ./src/io.o
                0x00000000080008a0                initialise_external_interupts
 .text.io_initialise
                0x00000000080008fc       0x12 ./src/io.o
                0x00000000080008fc                io_initialise
 .text          0x000000000800090e        0x0 ./src/main.o
 *fill*         0x000000000800090e        0x2 
 .text.startup.main
                0x0000000008000910      0x280 ./src/main.o
                0x0000000008000910                main
 .text.main_1ms_timer_isr
                0x0000000008000b90       0x1a ./src/main.o
                0x0000000008000b90                main_1ms_timer_isr
 .text          0x0000000008000baa        0x0 ./src/port.o
 .text.port_initialise_pin
                0x0000000008000baa       0x6a ./src/port.o
                0x0000000008000baa                port_initialise_pin
 .text.port_set
                0x0000000008000c14       0x16 ./src/port.o
                0x0000000008000c14                port_set
 .text.port_clear
                0x0000000008000c2a       0x16 ./src/port.o
                0x0000000008000c2a                port_clear
 .text.port_read
                0x0000000008000c40       0x1e ./src/port.o
                0x0000000008000c40                port_read
 .text          0x0000000008000c5e        0x0 ./src/startup.o
 .text.dummy_isr
                0x0000000008000c5e        0xa ./src/startup.o
                0x0000000008000c5e                dummy_isr
 .text.non_maskable_int_isr
                0x0000000008000c68        0xa ./src/startup.o
                0x0000000008000c68                non_maskable_int_isr
 .text.hard_fault_isr
                0x0000000008000c72        0xa ./src/startup.o
                0x0000000008000c72                hard_fault_isr
 .text.memory_management_isr
                0x0000000008000c7c        0xa ./src/startup.o
                0x0000000008000c7c                memory_management_isr
 .text.bus_fault_isr
                0x0000000008000c86        0xa ./src/startup.o
                0x0000000008000c86                bus_fault_isr
 .text.usage_fault_isr
                0x0000000008000c90        0xa ./src/startup.o
                0x0000000008000c90                usage_fault_isr
 .text.watch_dog_isr
                0x0000000008000c9a        0xa ./src/startup.o
                0x0000000008000c9a                watch_dog_isr
 .text.reset_isr
                0x0000000008000ca4       0x60 ./src/startup.o
                0x0000000008000ca4                reset_isr
 .text.fault    0x0000000008000d04        0x2 ./src/startup.o
                0x0000000008000d04                fault
 .text          0x0000000008000d06        0x0 ./src/usart.o
 *fill*         0x0000000008000d06        0x2 
 .text.usart_initialise
                0x0000000008000d08       0xa8 ./src/usart.o
                0x0000000008000d08                usart_initialise
 .text.usart1_tx_free
                0x0000000008000db0        0xc ./src/usart.o
                0x0000000008000db0                usart1_tx_free
 .text.usart1_tx_byte
                0x0000000008000dbc       0x48 ./src/usart.o
                0x0000000008000dbc                usart1_tx_byte
 .text.usart_dma1_channel4_isr
                0x0000000008000e04       0x70 ./src/usart.o
                0x0000000008000e04                usart_dma1_channel4_isr
 .text          0x0000000008000e74        0x0 ./src/utils.o
 .text.utils_wait_ms
                0x0000000008000e74       0x14 ./src/utils.o
                0x0000000008000e74                utils_wait_ms
 .text.utils_1ms_poll
                0x0000000008000e88       0x10 ./src/utils.o
                0x0000000008000e88                utils_1ms_poll
 .text          0x0000000008000e98        0x0 ./STlib/src/stm32f3-hal/stm32f3xx_ll_adc.o
 .text.LL_ADC_CommonDeInit
                0x0000000008000e98       0x34 ./STlib/src/stm32f3-hal/stm32f3xx_ll_adc.o
                0x0000000008000e98                LL_ADC_CommonDeInit
 .text.LL_ADC_CommonInit
                0x0000000008000ecc       0x58 ./STlib/src/stm32f3-hal/stm32f3xx_ll_adc.o
                0x0000000008000ecc                LL_ADC_CommonInit
 .text.LL_ADC_CommonStructInit
                0x0000000008000f24       0x10 ./STlib/src/stm32f3-hal/stm32f3xx_ll_adc.o
                0x0000000008000f24                LL_ADC_CommonStructInit
 .text.LL_ADC_DeInit
                0x0000000008000f34      0x1e0 ./STlib/src/stm32f3-hal/stm32f3xx_ll_adc.o
                0x0000000008000f34                LL_ADC_DeInit
 .text.LL_ADC_Init
                0x0000000008001114       0x2a ./STlib/src/stm32f3-hal/stm32f3xx_ll_adc.o
                0x0000000008001114                LL_ADC_Init
 .text.LL_ADC_StructInit
                0x000000000800113e        0xa ./STlib/src/stm32f3-hal/stm32f3xx_ll_adc.o
                0x000000000800113e                LL_ADC_StructInit
 .text.LL_ADC_REG_Init
                0x0000000008001148       0x48 ./STlib/src/stm32f3-hal/stm32f3xx_ll_adc.o
                0x0000000008001148                LL_ADC_REG_Init
 .text.LL_ADC_REG_StructInit
                0x0000000008001190       0x14 ./STlib/src/stm32f3-hal/stm32f3xx_ll_adc.o
                0x0000000008001190                LL_ADC_REG_StructInit
 .text.LL_ADC_INJ_Init
                0x00000000080011a4       0x32 ./STlib/src/stm32f3-hal/stm32f3xx_ll_adc.o
                0x00000000080011a4                LL_ADC_INJ_Init
 .text.LL_ADC_INJ_StructInit
                0x00000000080011d6        0xc ./STlib/src/stm32f3-hal/stm32f3xx_ll_adc.o
                0x00000000080011d6                LL_ADC_INJ_StructInit
 .text          0x00000000080011e2        0x0 ./STlib/src/stm32f3-hal/stm32f3xx_ll_comp.o
 .text.LL_COMP_DeInit
                0x00000000080011e2       0x10 ./STlib/src/stm32f3-hal/stm32f3xx_ll_comp.o
                0x00000000080011e2                LL_COMP_DeInit
 *fill*         0x00000000080011f2        0x2 
 .text.LL_COMP_Init
                0x00000000080011f4       0x38 ./STlib/src/stm32f3-hal/stm32f3xx_ll_comp.o
                0x00000000080011f4                LL_COMP_Init
 .text.LL_COMP_StructInit
                0x000000000800122c       0x14 ./STlib/src/stm32f3-hal/stm32f3xx_ll_comp.o
                0x000000000800122c                LL_COMP_StructInit
 .text          0x0000000008001240        0x0 ./STlib/src/stm32f3-hal/stm32f3xx_ll_crc.o
 .text.LL_CRC_DeInit
                0x0000000008001240       0x44 ./STlib/src/stm32f3-hal/stm32f3xx_ll_crc.o
                0x0000000008001240                LL_CRC_DeInit
 .text          0x0000000008001284        0x0 ./STlib/src/stm32f3-hal/stm32f3xx_ll_dac.o
 .text.LL_DAC_DeInit
                0x0000000008001284       0x24 ./STlib/src/stm32f3-hal/stm32f3xx_ll_dac.o
                0x0000000008001284                LL_DAC_DeInit
 .text.LL_DAC_Init
                0x00000000080012a8       0x52 ./STlib/src/stm32f3-hal/stm32f3xx_ll_dac.o
                0x00000000080012a8                LL_DAC_Init
 .text.LL_DAC_StructInit
                0x00000000080012fa        0xe ./STlib/src/stm32f3-hal/stm32f3xx_ll_dac.o
                0x00000000080012fa                LL_DAC_StructInit
 .text          0x0000000008001308        0x0 ./STlib/src/stm32f3-hal/stm32f3xx_ll_dma.o
 .text.LL_DMA_DeInit
                0x0000000008001308       0xf8 ./STlib/src/stm32f3-hal/stm32f3xx_ll_dma.o
                0x0000000008001308                LL_DMA_DeInit
 .text.LL_DMA_Init
                0x0000000008001400       0x50 ./STlib/src/stm32f3-hal/stm32f3xx_ll_dma.o
                0x0000000008001400                LL_DMA_Init
 .text.LL_DMA_StructInit
                0x0000000008001450       0x18 ./STlib/src/stm32f3-hal/stm32f3xx_ll_dma.o
                0x0000000008001450                LL_DMA_StructInit
 .text          0x0000000008001468        0x0 ./STlib/src/stm32f3-hal/stm32f3xx_ll_exti.o
 .text.LL_EXTI_DeInit
                0x0000000008001468       0x34 ./STlib/src/stm32f3-hal/stm32f3xx_ll_exti.o
                0x0000000008001468                LL_EXTI_DeInit
 .text.LL_EXTI_Init
                0x000000000800149c      0x140 ./STlib/src/stm32f3-hal/stm32f3xx_ll_exti.o
                0x000000000800149c                LL_EXTI_Init
 .text.LL_EXTI_StructInit
                0x00000000080015dc        0xe ./STlib/src/stm32f3-hal/stm32f3xx_ll_exti.o
                0x00000000080015dc                LL_EXTI_StructInit
 .text          0x00000000080015ea        0x0 ./STlib/src/stm32f3-hal/stm32f3xx_ll_gpio.o
 *fill*         0x00000000080015ea        0x2 
 .text.LL_GPIO_DeInit
                0x00000000080015ec       0xd0 ./STlib/src/stm32f3-hal/stm32f3xx_ll_gpio.o
                0x00000000080015ec                LL_GPIO_DeInit
 .text.LL_GPIO_Init
                0x00000000080016bc      0x140 ./STlib/src/stm32f3-hal/stm32f3xx_ll_gpio.o
                0x00000000080016bc                LL_GPIO_Init
 .text.LL_GPIO_StructInit
                0x00000000080017fc       0x16 ./STlib/src/stm32f3-hal/stm32f3xx_ll_gpio.o
                0x00000000080017fc                LL_GPIO_StructInit
 .text          0x0000000008001812        0x0 ./STlib/src/stm32f3-hal/stm32f3xx_ll_hrtim.o
 .text          0x0000000008001812        0x0 ./STlib/src/stm32f3-hal/stm32f3xx_ll_i2c.o
 *fill*         0x0000000008001812        0x2 
 .text.LL_I2C_DeInit
                0x0000000008001814       0x44 ./STlib/src/stm32f3-hal/stm32f3xx_ll_i2c.o
                0x0000000008001814                LL_I2C_DeInit
 .text.LL_I2C_Init
                0x0000000008001858       0x6a ./STlib/src/stm32f3-hal/stm32f3xx_ll_i2c.o
                0x0000000008001858                LL_I2C_Init
 .text.LL_I2C_StructInit
                0x00000000080018c2       0x16 ./STlib/src/stm32f3-hal/stm32f3xx_ll_i2c.o
                0x00000000080018c2                LL_I2C_StructInit
 .text          0x00000000080018d8        0x0 ./STlib/src/stm32f3-hal/stm32f3xx_ll_opamp.o
 .text.LL_OPAMP_DeInit
                0x00000000080018d8       0x10 ./STlib/src/stm32f3-hal/stm32f3xx_ll_opamp.o
                0x00000000080018d8                LL_OPAMP_DeInit
 .text.LL_OPAMP_Init
                0x00000000080018e8       0x38 ./STlib/src/stm32f3-hal/stm32f3xx_ll_opamp.o
                0x00000000080018e8                LL_OPAMP_Init
 .text.LL_OPAMP_StructInit
                0x0000000008001920        0xe ./STlib/src/stm32f3-hal/stm32f3xx_ll_opamp.o
                0x0000000008001920                LL_OPAMP_StructInit
 .text          0x000000000800192e        0x0 ./STlib/src/stm32f3-hal/stm32f3xx_ll_pwr.o
 *fill*         0x000000000800192e        0x2 
 .text.LL_PWR_DeInit
                0x0000000008001930       0x1c ./STlib/src/stm32f3-hal/stm32f3xx_ll_pwr.o
                0x0000000008001930                LL_PWR_DeInit
 .text          0x000000000800194c        0x0 ./STlib/src/stm32f3-hal/stm32f3xx_ll_rcc.o
 .text.LL_RCC_HSI_IsReady
                0x000000000800194c       0x10 ./STlib/src/stm32f3-hal/stm32f3xx_ll_rcc.o
 .text.LL_RCC_DeInit
                0x000000000800195c       0x88 ./STlib/src/stm32f3-hal/stm32f3xx_ll_rcc.o
                0x000000000800195c                LL_RCC_DeInit
 .text.RCC_GetHCLKClockFreq
                0x00000000080019e4       0x18 ./STlib/src/stm32f3-hal/stm32f3xx_ll_rcc.o
                0x00000000080019e4                RCC_GetHCLKClockFreq
 .text.RCC_GetPCLK1ClockFreq
                0x00000000080019fc       0x18 ./STlib/src/stm32f3-hal/stm32f3xx_ll_rcc.o
                0x00000000080019fc                RCC_GetPCLK1ClockFreq
 .text.RCC_GetPCLK2ClockFreq
                0x0000000008001a14       0x18 ./STlib/src/stm32f3-hal/stm32f3xx_ll_rcc.o
                0x0000000008001a14                RCC_GetPCLK2ClockFreq
 .text.RCC_PLL_GetFreqDomain_SYS
                0x0000000008001a2c       0x44 ./STlib/src/stm32f3-hal/stm32f3xx_ll_rcc.o
                0x0000000008001a2c                RCC_PLL_GetFreqDomain_SYS
 .text.LL_RCC_GetUSBClockFreq
                0x0000000008001a70       0x34 ./STlib/src/stm32f3-hal/stm32f3xx_ll_rcc.o
                0x0000000008001a70                LL_RCC_GetUSBClockFreq
 .text.RCC_GetSystemClockFreq
                0x0000000008001aa4       0x1c ./STlib/src/stm32f3-hal/stm32f3xx_ll_rcc.o
                0x0000000008001aa4                RCC_GetSystemClockFreq
 .text.LL_RCC_GetSystemClocksFreq
                0x0000000008001ac0       0x20 ./STlib/src/stm32f3-hal/stm32f3xx_ll_rcc.o
                0x0000000008001ac0                LL_RCC_GetSystemClocksFreq
 .text.LL_RCC_GetUSARTClockFreq
                0x0000000008001ae0       0xdc ./STlib/src/stm32f3-hal/stm32f3xx_ll_rcc.o
                0x0000000008001ae0                LL_RCC_GetUSARTClockFreq
 .text.LL_RCC_GetUARTClockFreq
                0x0000000008001bbc       0x98 ./STlib/src/stm32f3-hal/stm32f3xx_ll_rcc.o
                0x0000000008001bbc                LL_RCC_GetUARTClockFreq
 .text.LL_RCC_GetI2CClockFreq
                0x0000000008001c54       0x3c ./STlib/src/stm32f3-hal/stm32f3xx_ll_rcc.o
                0x0000000008001c54                LL_RCC_GetI2CClockFreq
 .text.LL_RCC_GetI2SClockFreq
                0x0000000008001c90       0x18 ./STlib/src/stm32f3-hal/stm32f3xx_ll_rcc.o
                0x0000000008001c90                LL_RCC_GetI2SClockFreq
 .text.LL_RCC_GetADCClockFreq
                0x0000000008001ca8       0x48 ./STlib/src/stm32f3-hal/stm32f3xx_ll_rcc.o
                0x0000000008001ca8                LL_RCC_GetADCClockFreq
 .text.LL_RCC_GetTIMClockFreq
                0x0000000008001cf0       0x3c ./STlib/src/stm32f3-hal/stm32f3xx_ll_rcc.o
                0x0000000008001cf0                LL_RCC_GetTIMClockFreq
 .text          0x0000000008001d2c        0x0 ./STlib/src/stm32f3-hal/stm32f3xx_ll_rtc.o
 .text.LL_RTC_StructInit
                0x0000000008001d2c        0xe ./STlib/src/stm32f3-hal/stm32f3xx_ll_rtc.o
                0x0000000008001d2c                LL_RTC_StructInit
 .text.LL_RTC_TIME_StructInit
                0x0000000008001d3a        0xa ./STlib/src/stm32f3-hal/stm32f3xx_ll_rtc.o
                0x0000000008001d3a                LL_RTC_TIME_StructInit
 .text.LL_RTC_DATE_StructInit
                0x0000000008001d44        0xe ./STlib/src/stm32f3-hal/stm32f3xx_ll_rtc.o
                0x0000000008001d44                LL_RTC_DATE_StructInit
 .text.LL_RTC_ALMA_Init
                0x0000000008001d52       0xe4 ./STlib/src/stm32f3-hal/stm32f3xx_ll_rtc.o
                0x0000000008001d52                LL_RTC_ALMA_Init
 .text.LL_RTC_ALMB_Init
                0x0000000008001e36       0xe4 ./STlib/src/stm32f3-hal/stm32f3xx_ll_rtc.o
                0x0000000008001e36                LL_RTC_ALMB_Init
 .text.LL_RTC_ALMA_StructInit
                0x0000000008001f1a       0x12 ./STlib/src/stm32f3-hal/stm32f3xx_ll_rtc.o
                0x0000000008001f1a                LL_RTC_ALMA_StructInit
 .text.LL_RTC_ALMB_StructInit
                0x0000000008001f2c        0x4 ./STlib/src/stm32f3-hal/stm32f3xx_ll_rtc.o
                0x0000000008001f2c                LL_RTC_ALMB_StructInit
 .text.LL_RTC_EnterInitMode
                0x0000000008001f30       0x4e ./STlib/src/stm32f3-hal/stm32f3xx_ll_rtc.o
                0x0000000008001f30                LL_RTC_EnterInitMode
 .text.LL_RTC_Init
                0x0000000008001f7e       0x4e ./STlib/src/stm32f3-hal/stm32f3xx_ll_rtc.o
                0x0000000008001f7e                LL_RTC_Init
 .text.LL_RTC_ExitInitMode
                0x0000000008001fcc        0xa ./STlib/src/stm32f3-hal/stm32f3xx_ll_rtc.o
                0x0000000008001fcc                LL_RTC_ExitInitMode
 .text.LL_RTC_WaitForSynchro
                0x0000000008001fd6       0x88 ./STlib/src/stm32f3-hal/stm32f3xx_ll_rtc.o
                0x0000000008001fd6                LL_RTC_WaitForSynchro
 *fill*         0x000000000800205e        0x2 
 .text.LL_RTC_DeInit
                0x0000000008002060       0x50 ./STlib/src/stm32f3-hal/stm32f3xx_ll_rtc.o
                0x0000000008002060                LL_RTC_DeInit
 .text.LL_RTC_TIME_Init
                0x00000000080020b0       0xb0 ./STlib/src/stm32f3-hal/stm32f3xx_ll_rtc.o
                0x00000000080020b0                LL_RTC_TIME_Init
 .text.LL_RTC_DATE_Init
                0x0000000008002160       0xb4 ./STlib/src/stm32f3-hal/stm32f3xx_ll_rtc.o
                0x0000000008002160                LL_RTC_DATE_Init
 .text          0x0000000008002214        0x0 ./STlib/src/stm32f3-hal/stm32f3xx_ll_spi.o
 .text.LL_SPI_DeInit
                0x0000000008002214       0x64 ./STlib/src/stm32f3-hal/stm32f3xx_ll_spi.o
                0x0000000008002214                LL_SPI_DeInit
 .text.LL_SPI_Init
                0x0000000008002278       0x64 ./STlib/src/stm32f3-hal/stm32f3xx_ll_spi.o
                0x0000000008002278                LL_SPI_Init
 .text.LL_SPI_StructInit
                0x00000000080022dc       0x1e ./STlib/src/stm32f3-hal/stm32f3xx_ll_spi.o
                0x00000000080022dc                LL_SPI_StructInit
 .text.LL_I2S_DeInit
                0x00000000080022fa        0x4 ./STlib/src/stm32f3-hal/stm32f3xx_ll_spi.o
                0x00000000080022fa                LL_I2S_DeInit
 .text.LL_I2S_Init
                0x00000000080022fe       0x90 ./STlib/src/stm32f3-hal/stm32f3xx_ll_spi.o
                0x00000000080022fe                LL_I2S_Init
 .text.LL_I2S_StructInit
                0x000000000800238e       0x12 ./STlib/src/stm32f3-hal/stm32f3xx_ll_spi.o
                0x000000000800238e                LL_I2S_StructInit
 .text.LL_I2S_ConfigPrescaler
                0x00000000080023a0       0x14 ./STlib/src/stm32f3-hal/stm32f3xx_ll_spi.o
                0x00000000080023a0                LL_I2S_ConfigPrescaler
 .text.LL_I2S_InitFullDuplex
                0x00000000080023b4       0x40 ./STlib/src/stm32f3-hal/stm32f3xx_ll_spi.o
                0x00000000080023b4                LL_I2S_InitFullDuplex
 .text          0x00000000080023f4        0x0 ./STlib/src/stm32f3-hal/stm32f3xx_ll_tim.o
 .text.LL_TIM_DeInit
                0x00000000080023f4      0x134 ./STlib/src/stm32f3-hal/stm32f3xx_ll_tim.o
                0x00000000080023f4                LL_TIM_DeInit
 .text.LL_TIM_StructInit
                0x0000000008002528       0x12 ./STlib/src/stm32f3-hal/stm32f3xx_ll_tim.o
                0x0000000008002528                LL_TIM_StructInit
 *fill*         0x000000000800253a        0x2 
 .text.LL_TIM_Init
                0x000000000800253c       0xb8 ./STlib/src/stm32f3-hal/stm32f3xx_ll_tim.o
                0x000000000800253c                LL_TIM_Init
 .text.LL_TIM_OC_StructInit
                0x00000000080025f4       0x14 ./STlib/src/stm32f3-hal/stm32f3xx_ll_tim.o
                0x00000000080025f4                LL_TIM_OC_StructInit
 .text.LL_TIM_OC_Init
                0x0000000008002608      0x304 ./STlib/src/stm32f3-hal/stm32f3xx_ll_tim.o
                0x0000000008002608                LL_TIM_OC_Init
 .text.LL_TIM_IC_StructInit
                0x000000000800290c       0x10 ./STlib/src/stm32f3-hal/stm32f3xx_ll_tim.o
                0x000000000800290c                LL_TIM_IC_StructInit
 .text.LL_TIM_IC_Init
                0x000000000800291c       0xde ./STlib/src/stm32f3-hal/stm32f3xx_ll_tim.o
                0x000000000800291c                LL_TIM_IC_Init
 .text.LL_TIM_ENCODER_StructInit
                0x00000000080029fa       0x1c ./STlib/src/stm32f3-hal/stm32f3xx_ll_tim.o
                0x00000000080029fa                LL_TIM_ENCODER_StructInit
 .text.LL_TIM_ENCODER_Init
                0x0000000008002a16       0x5e ./STlib/src/stm32f3-hal/stm32f3xx_ll_tim.o
                0x0000000008002a16                LL_TIM_ENCODER_Init
 .text.LL_TIM_HALLSENSOR_StructInit
                0x0000000008002a74        0xc ./STlib/src/stm32f3-hal/stm32f3xx_ll_tim.o
                0x0000000008002a74                LL_TIM_HALLSENSOR_StructInit
 .text.LL_TIM_HALLSENSOR_Init
                0x0000000008002a80       0x5a ./STlib/src/stm32f3-hal/stm32f3xx_ll_tim.o
                0x0000000008002a80                LL_TIM_HALLSENSOR_Init
 .text.LL_TIM_BDTR_StructInit
                0x0000000008002ada       0x1a ./STlib/src/stm32f3-hal/stm32f3xx_ll_tim.o
                0x0000000008002ada                LL_TIM_BDTR_StructInit
 .text.LL_TIM_BDTR_Init
                0x0000000008002af4       0x78 ./STlib/src/stm32f3-hal/stm32f3xx_ll_tim.o
                0x0000000008002af4                LL_TIM_BDTR_Init
 .text          0x0000000008002b6c        0x0 ./STlib/src/stm32f3-hal/stm32f3xx_ll_usart.o
 .text.LL_USART_DeInit
                0x0000000008002b6c       0xa0 ./STlib/src/stm32f3-hal/stm32f3xx_ll_usart.o
                0x0000000008002b6c                LL_USART_DeInit
 .text.LL_USART_Init
                0x0000000008002c0c       0xd0 ./STlib/src/stm32f3-hal/stm32f3xx_ll_usart.o
                0x0000000008002c0c                LL_USART_Init
 .text.LL_USART_StructInit
                0x0000000008002cdc       0x18 ./STlib/src/stm32f3-hal/stm32f3xx_ll_usart.o
                0x0000000008002cdc                LL_USART_StructInit
 .text.LL_USART_ClockInit
                0x0000000008002cf4       0x3a ./STlib/src/stm32f3-hal/stm32f3xx_ll_usart.o
                0x0000000008002cf4                LL_USART_ClockInit
 .text.LL_USART_ClockStructInit
                0x0000000008002d2e        0xc ./STlib/src/stm32f3-hal/stm32f3xx_ll_usart.o
                0x0000000008002d2e                LL_USART_ClockStructInit
 .text          0x0000000008002d3a        0x0 ./STlib/src/stm32f3-hal/stm32f3xx_ll_utils.o
 *fill*         0x0000000008002d3a        0x2 
 .text.UTILS_SetFlashLatency.part.0
                0x0000000008002d3c       0x3c ./STlib/src/stm32f3-hal/stm32f3xx_ll_utils.o
 .text.UTILS_EnablePLLAndSwitchSystem
                0x0000000008002d78       0xb4 ./STlib/src/stm32f3-hal/stm32f3xx_ll_utils.o
 .text.LL_Init1msTick
                0x0000000008002e2c       0x1a ./STlib/src/stm32f3-hal/stm32f3xx_ll_utils.o
                0x0000000008002e2c                LL_Init1msTick
 .text.LL_mDelay
                0x0000000008002e46       0x28 ./STlib/src/stm32f3-hal/stm32f3xx_ll_utils.o
                0x0000000008002e46                LL_mDelay
 *fill*         0x0000000008002e6e        0x2 
 .text.LL_SetSystemCoreClock
                0x0000000008002e70        0xc ./STlib/src/stm32f3-hal/stm32f3xx_ll_utils.o
                0x0000000008002e70                LL_SetSystemCoreClock
 .text.LL_PLL_ConfigSystemClock_HSI
                0x0000000008002e7c       0x64 ./STlib/src/stm32f3-hal/stm32f3xx_ll_utils.o
                0x0000000008002e7c                LL_PLL_ConfigSystemClock_HSI
 .text.LL_PLL_ConfigSystemClock_HSE
                0x0000000008002ee0       0x80 ./STlib/src/stm32f3-hal/stm32f3xx_ll_utils.o
                0x0000000008002ee0                LL_PLL_ConfigSystemClock_HSE
 .text          0x0000000008002f60        0x0 ./STlib/src/cmsis/system_stm32f3xx.o
 .text.SystemInit
                0x0000000008002f60       0x10 ./STlib/src/cmsis/system_stm32f3xx.o
                0x0000000008002f60                SystemInit
 .text.SystemCoreClockUpdate
                0x0000000008002f70       0x60 ./STlib/src/cmsis/system_stm32f3xx.o
                0x0000000008002f70                SystemCoreClockUpdate
 .text          0x0000000008002fd0        0x0 /usr/share/gcc-arm-none-eabi-10-2020-q4-major/bin/../lib/gcc/arm-none-eabi/10.2.1/../../../../arm-none-eabi/lib/thumb/v7e-m/nofp/libm.a(lib_a-s_atan.o)
 .text.atan     0x0000000008002fd0      0x32c /usr/share/gcc-arm-none-eabi-10-2020-q4-major/bin/../lib/gcc/arm-none-eabi/10.2.1/../../../../arm-none-eabi/lib/thumb/v7e-m/nofp/libm.a(lib_a-s_atan.o)
                0x0000000008002fd0                atan
 .text          0x00000000080032fc        0x0 /usr/share/gcc-arm-none-eabi-10-2020-q4-major/bin/../lib/gcc/arm-none-eabi/10.2.1/../../../../arm-none-eabi/lib/thumb/v7e-m/nofp/libm.a(lib_a-s_cos.o)
 .text.cos      0x00000000080032fc       0xa0 /usr/share/gcc-arm-none-eabi-10-2020-q4-major/bin/../lib/gcc/arm-none-eabi/10.2.1/../../../../arm-none-eabi/lib/thumb/v7e-m/nofp/libm.a(lib_a-s_cos.o)
                0x00000000080032fc                cos
 .text          0x000000000800339c        0x0 /usr/share/gcc-arm-none-eabi-10-2020-q4-major/bin/../lib/gcc/arm-none-eabi/10.2.1/../../../../arm-none-eabi/lib/thumb/v7e-m/nofp/libm.a(lib_a-s_fabs.o)
 .text.fabs     0x000000000800339c        0x8 /usr/share/gcc-arm-none-eabi-10-2020-q4-major/bin/../lib/gcc/arm-none-eabi/10.2.1/../../../../arm-none-eabi/lib/thumb/v7e-m/nofp/libm.a(lib_a-s_fabs.o)
                0x000000000800339c                fabs
 .text          0x00000000080033a4        0x0 /usr/share/gcc-arm-none-eabi-10-2020-q4-major/bin/../lib/gcc/arm-none-eabi/10.2.1/../../../../arm-none-eabi/lib/thumb/v7e-m/nofp/libm.a(lib_a-s_sin.o)
 .text.sin      0x00000000080033a4       0xb0 /usr/share/gcc-arm-none-eabi-10-2020-q4-major/bin/../lib/gcc/arm-none-eabi/10.2.1/../../../../arm-none-eabi/lib/thumb/v7e-m/nofp/libm.a(lib_a-s_sin.o)
                0x00000000080033a4                sin
 .text          0x0000000008003454        0x0 /usr/share/gcc-arm-none-eabi-10-2020-q4-major/bin/../lib/gcc/arm-none-eabi/10.2.1/../../../../arm-none-eabi/lib/thumb/v7e-m/nofp/libm.a(lib_a-w_atan2.o)
 .text.atan2    0x0000000008003454        0x4 /usr/share/gcc-arm-none-eabi-10-2020-q4-major/bin/../lib/gcc/arm-none-eabi/10.2.1/../../../../arm-none-eabi/lib/thumb/v7e-m/nofp/libm.a(lib_a-w_atan2.o)
                0x0000000008003454                atan2
 .text          0x0000000008003458        0x0 /usr/share/gcc-arm-none-eabi-10-2020-q4-major/bin/../lib/gcc/arm-none-eabi/10.2.1/../../../../arm-none-eabi/lib/thumb/v7e-m/nofp/libm.a(lib_a-w_pow.o)
 .text.pow      0x0000000008003458      0x180 /usr/share/gcc-arm-none-eabi-10-2020-q4-major/bin/../lib/gcc/arm-none-eabi/10.2.1/../../../../arm-none-eabi/lib/thumb/v7e-m/nofp/libm.a(lib_a-w_pow.o)
                0x0000000008003458                pow
 .text          0x00000000080035d8        0x0 /usr/share/gcc-arm-none-eabi-10-2020-q4-major/bin/../lib/gcc/arm-none-eabi/10.2.1/../../../../arm-none-eabi/lib/thumb/v7e-m/nofp/libm.a(lib_a-w_sqrt.o)
 .text.sqrt     0x00000000080035d8       0x5c /usr/share/gcc-arm-none-eabi-10-2020-q4-major/bin/../lib/gcc/arm-none-eabi/10.2.1/../../../../arm-none-eabi/lib/thumb/v7e-m/nofp/libm.a(lib_a-w_sqrt.o)
                0x00000000080035d8                sqrt
 .text          0x0000000008003634        0x0 /usr/share/gcc-arm-none-eabi-10-2020-q4-major/bin/../lib/gcc/arm-none-eabi/10.2.1/../../../../arm-none-eabi/lib/thumb/v7e-m/nofp/libm.a(lib_a-e_atan2.o)
 *fill*         0x0000000008003634        0x4 
 .text.__ieee754_atan2
                0x0000000008003638      0x194 /usr/share/gcc-arm-none-eabi-10-2020-q4-major/bin/../lib/gcc/arm-none-eabi/10.2.1/../../../../arm-none-eabi/lib/thumb/v7e-m/nofp/libm.a(lib_a-e_atan2.o)
                0x0000000008003638                __ieee754_atan2
 .text          0x00000000080037cc        0x0 /usr/share/gcc-arm-none-eabi-10-2020-q4-major/bin/../lib/gcc/arm-none-eabi/10.2.1/../../../../arm-none-eabi/lib/thumb/v7e-m/nofp/libm.a(lib_a-e_pow.o)
 *fill*         0x00000000080037cc        0x4 
 .text.__ieee754_pow
                0x00000000080037d0      0xae8 /usr/share/gcc-arm-none-eabi-10-2020-q4-major/bin/../lib/gcc/arm-none-eabi/10.2.1/../../../../arm-none-eabi/lib/thumb/v7e-m/nofp/libm.a(lib_a-e_pow.o)
                0x00000000080037d0                __ieee754_pow
 .text          0x00000000080042b8        0x0 /usr/share/gcc-arm-none-eabi-10-2020-q4-major/bin/../lib/gcc/arm-none-eabi/10.2.1/../../../../arm-none-eabi/lib/thumb/v7e-m/nofp/libm.a(lib_a-e_rem_pio2.o)
 .text.__ieee754_rem_pio2
                0x00000000080042b8      0x454 /usr/share/gcc-arm-none-eabi-10-2020-q4-major/bin/../lib/gcc/arm-none-eabi/10.2.1/../../../../arm-none-eabi/lib/thumb/v7e-m/nofp/libm.a(lib_a-e_rem_pio2.o)
                0x00000000080042b8                __ieee754_rem_pio2
 .text          0x000000000800470c        0x0 /usr/share/gcc-arm-none-eabi-10-2020-q4-major/bin/../lib/gcc/arm-none-eabi/10.2.1/../../../../arm-none-eabi/lib/thumb/v7e-m/nofp/libm.a(lib_a-e_sqrt.o)
 .text.__ieee754_sqrt
                0x000000000800470c      0x18c /usr/share/gcc-arm-none-eabi-10-2020-q4-major/bin/../lib/gcc/arm-none-eabi/10.2.1/../../../../arm-none-eabi/lib/thumb/v7e-m/nofp/libm.a(lib_a-e_sqrt.o)
                0x000000000800470c                __ieee754_sqrt
 .text          0x0000000008004898        0x0 /usr/share/gcc-arm-none-eabi-10-2020-q4-major/bin/../lib/gcc/arm-none-eabi/10.2.1/../../../../arm-none-eabi/lib/thumb/v7e-m/nofp/libm.a(lib_a-k_cos.o)
 .text.__kernel_cos
                0x0000000008004898      0x260 /usr/share/gcc-arm-none-eabi-10-2020-q4-major/bin/../lib/gcc/arm-none-eabi/10.2.1/../../../../arm-none-eabi/lib/thumb/v7e-m/nofp/libm.a(lib_a-k_cos.o)
                0x0000000008004898                __kernel_cos
 .text          0x0000000008004af8        0x0 /usr/share/gcc-arm-none-eabi-10-2020-q4-major/bin/../lib/gcc/arm-none-eabi/10.2.1/../../../../arm-none-eabi/lib/thumb/v7e-m/nofp/libm.a(lib_a-k_rem_pio2.o)
 .text.__kernel_rem_pio2
                0x0000000008004af8      0x850 /usr/share/gcc-arm-none-eabi-10-2020-q4-major/bin/../lib/gcc/arm-none-eabi/10.2.1/../../../../arm-none-eabi/lib/thumb/v7e-m/nofp/libm.a(lib_a-k_rem_pio2.o)
                0x0000000008004af8                __kernel_rem_pio2
 .text          0x0000000008005348        0x0 /usr/share/gcc-arm-none-eabi-10-2020-q4-major/bin/../lib/gcc/arm-none-eabi/10.2.1/../../../../arm-none-eabi/lib/thumb/v7e-m/nofp/libm.a(lib_a-k_sin.o)
 .text.__kernel_sin
                0x0000000008005348      0x184 /usr/share/gcc-arm-none-eabi-10-2020-q4-major/bin/../lib/gcc/arm-none-eabi/10.2.1/../../../../arm-none-eabi/lib/thumb/v7e-m/nofp/libm.a(lib_a-k_sin.o)
                0x0000000008005348                __kernel_sin
 .text          0x00000000080054cc        0x0 /usr/share/gcc-arm-none-eabi-10-2020-q4-major/bin/../lib/gcc/arm-none-eabi/10.2.1/../../../../arm-none-eabi/lib/thumb/v7e-m/nofp/libm.a(lib_a-s_finite.o)
 .text.finite   0x00000000080054cc        0xc /usr/share/gcc-arm-none-eabi-10-2020-q4-major/bin/../lib/gcc/arm-none-eabi/10.2.1/../../../../arm-none-eabi/lib/thumb/v7e-m/nofp/libm.a(lib_a-s_finite.o)
                0x00000000080054cc                finite
 .text          0x00000000080054d8        0x0 /usr/share/gcc-arm-none-eabi-10-2020-q4-major/bin/../lib/gcc/arm-none-eabi/10.2.1/../../../../arm-none-eabi/lib/thumb/v7e-m/nofp/libm.a(lib_a-s_floor.o)
 .text.floor    0x00000000080054d8       0xf8 /usr/share/gcc-arm-none-eabi-10-2020-q4-major/bin/../lib/gcc/arm-none-eabi/10.2.1/../../../../arm-none-eabi/lib/thumb/v7e-m/nofp/libm.a(lib_a-s_floor.o)
                0x00000000080054d8                floor
 .text          0x00000000080055d0        0x0 /usr/share/gcc-arm-none-eabi-10-2020-q4-major/bin/../lib/gcc/arm-none-eabi/10.2.1/../../../../arm-none-eabi/lib/thumb/v7e-m/nofp/libm.a(lib_a-s_lib_ver.o)
 .text          0x00000000080055d0        0x0 /usr/share/gcc-arm-none-eabi-10-2020-q4-major/bin/../lib/gcc/arm-none-eabi/10.2.1/../../../../arm-none-eabi/lib/thumb/v7e-m/nofp/libm.a(lib_a-s_nan.o)
 .text.nan      0x00000000080055d0        0xc /usr/share/gcc-arm-none-eabi-10-2020-q4-major/bin/../lib/gcc/arm-none-eabi/10.2.1/../../../../arm-none-eabi/lib/thumb/v7e-m/nofp/libm.a(lib_a-s_nan.o)
                0x00000000080055d0                nan
 .text          0x00000000080055dc        0x0 /usr/share/gcc-arm-none-eabi-10-2020-q4-major/bin/../lib/gcc/arm-none-eabi/10.2.1/../../../../arm-none-eabi/lib/thumb/v7e-m/nofp/libm.a(lib_a-s_rint.o)
 .text.rint     0x00000000080055dc      0x138 /usr/share/gcc-arm-none-eabi-10-2020-q4-major/bin/../lib/gcc/arm-none-eabi/10.2.1/../../../../arm-none-eabi/lib/thumb/v7e-m/nofp/libm.a(lib_a-s_rint.o)
                0x00000000080055dc                rint
 .text          0x0000000008005714        0x0 /usr/share/gcc-arm-none-eabi-10-2020-q4-major/bin/../lib/gcc/arm-none-eabi/10.2.1/../../../../arm-none-eabi/lib/thumb/v7e-m/nofp/libm.a(lib_a-s_scalbn.o)
 *fill*         0x0000000008005714        0x4 
 .text.scalbn   0x0000000008005718       0xf4 /usr/share/gcc-arm-none-eabi-10-2020-q4-major/bin/../lib/gcc/arm-none-eabi/10.2.1/../../../../arm-none-eabi/lib/thumb/v7e-m/nofp/libm.a(lib_a-s_scalbn.o)
                0x0000000008005718                scalbn
 .text          0x000000000800580c      0x254 /usr/share/gcc-arm-none-eabi-10-2020-q4-major/bin/../lib/gcc/arm-none-eabi/10.2.1/thumb/v7e-m/nofp/libgcc.a(_arm_muldf3.o)
 .text          0x0000000008005a60      0x378 /usr/share/gcc-arm-none-eabi-10-2020-q4-major/bin/../lib/gcc/arm-none-eabi/10.2.1/thumb/v7e-m/nofp/libgcc.a(_arm_addsubdf3.o)
                0x0000000008005a60                __aeabi_drsub
                0x0000000008005a68                __aeabi_dsub
                0x0000000008005a68                __subdf3
                0x0000000008005a6c                __adddf3
                0x0000000008005a6c                __aeabi_dadd
                0x0000000008005ce4                __aeabi_ui2d
                0x0000000008005ce4                __floatunsidf
                0x0000000008005d04                __floatsidf
                0x0000000008005d04                __aeabi_i2d
                0x0000000008005d28                __extendsfdf2
                0x0000000008005d28                __aeabi_f2d
                0x0000000008005d6c                __aeabi_ul2d
                0x0000000008005d6c                __floatundidf
                0x0000000008005d7c                __floatdidf
                0x0000000008005d7c                __aeabi_l2d
 .text          0x0000000008005dd8      0x424 /usr/share/gcc-arm-none-eabi-10-2020-q4-major/bin/../lib/gcc/arm-none-eabi/10.2.1/thumb/v7e-m/nofp/libgcc.a(_arm_muldivdf3.o)
                0x0000000008005dd8                __aeabi_dmul
                0x0000000008005dd8                __muldf3
                0x000000000800602c                __aeabi_ddiv
                0x000000000800602c                __divdf3
 .text          0x00000000080061fc      0x110 /usr/share/gcc-arm-none-eabi-10-2020-q4-major/bin/../lib/gcc/arm-none-eabi/10.2.1/thumb/v7e-m/nofp/libgcc.a(_arm_cmpdf2.o)
                0x00000000080061fc                __gtdf2
                0x00000000080061fc                __gedf2
                0x0000000008006204                __ltdf2
                0x0000000008006204                __ledf2
                0x000000000800620c                __cmpdf2
                0x000000000800620c                __eqdf2
                0x000000000800620c                __nedf2
                0x0000000008006288                __aeabi_cdrcmple
                0x0000000008006298                __aeabi_cdcmple
                0x0000000008006298                __aeabi_cdcmpeq
                0x00000000080062a8                __aeabi_dcmpeq
                0x00000000080062bc                __aeabi_dcmplt
                0x00000000080062d0                __aeabi_dcmple
                0x00000000080062e4                __aeabi_dcmpge
                0x00000000080062f8                __aeabi_dcmpgt
 .text          0x000000000800630c       0x2c /usr/share/gcc-arm-none-eabi-10-2020-q4-major/bin/../lib/gcc/arm-none-eabi/10.2.1/thumb/v7e-m/nofp/libgcc.a(_arm_unorddf2.o)
                0x000000000800630c                __aeabi_dcmpun
                0x000000000800630c                __unorddf2
 .text          0x0000000008006338       0x50 /usr/share/gcc-arm-none-eabi-10-2020-q4-major/bin/../lib/gcc/arm-none-eabi/10.2.1/thumb/v7e-m/nofp/libgcc.a(_arm_fixdfsi.o)
                0x0000000008006338                __fixdfsi
                0x0000000008006338                __aeabi_d2iz
 .text          0x0000000008006388        0x0 /usr/share/gcc-arm-none-eabi-10-2020-q4-major/bin/../lib/gcc/arm-none-eabi/10.2.1/../../../../arm-none-eabi/lib/thumb/v7e-m/nofp/libg_nano.a(lib_a-errno.o)
 .text.__errno  0x0000000008006388        0xc /usr/share/gcc-arm-none-eabi-10-2020-q4-major/bin/../lib/gcc/arm-none-eabi/10.2.1/../../../../arm-none-eabi/lib/thumb/v7e-m/nofp/libg_nano.a(lib_a-errno.o)
                0x0000000008006388                __errno
 .text          0x0000000008006394        0x0 /usr/share/gcc-arm-none-eabi-10-2020-q4-major/bin/../lib/gcc/arm-none-eabi/10.2.1/../../../../arm-none-eabi/lib/thumb/v7e-m/nofp/libg_nano.a(lib_a-impure.o)
 *(.rodata .rodata.* .constdata .constdata.*)
 .rodata.i2c1_er_isr.str1.1
                0x0000000008006394       0x56 ./src/i2c.o
 .rodata.main.str1.1
                0x00000000080063ea       0x73 ./src/main.o
                                         0x76 (size before relaxing)
 .rodata.CHANNEL_OFFSET_TAB
                0x000000000800645d        0x7 ./STlib/src/stm32f3-hal/stm32f3xx_ll_dma.o
 .rodata.aADCPrescTable
                0x0000000008006464       0x20 ./STlib/src/stm32f3-hal/stm32f3xx_ll_rcc.o
                0x0000000008006464                aADCPrescTable
 .rodata.AHBPrescTable
                0x0000000008006484       0x10 ./STlib/src/cmsis/system_stm32f3xx.o
                0x0000000008006484                AHBPrescTable
 .rodata.APBPrescTable
                0x0000000008006494        0x8 ./STlib/src/cmsis/system_stm32f3xx.o
                0x0000000008006494                APBPrescTable
 *fill*         0x000000000800649c        0x4 
 .rodata.atanhi
                0x00000000080064a0       0x20 /usr/share/gcc-arm-none-eabi-10-2020-q4-major/bin/../lib/gcc/arm-none-eabi/10.2.1/../../../../arm-none-eabi/lib/thumb/v7e-m/nofp/libm.a(lib_a-s_atan.o)
 .rodata.atanlo
                0x00000000080064c0       0x20 /usr/share/gcc-arm-none-eabi-10-2020-q4-major/bin/../lib/gcc/arm-none-eabi/10.2.1/../../../../arm-none-eabi/lib/thumb/v7e-m/nofp/libm.a(lib_a-s_atan.o)
 .rodata.CSWTCH.8
                0x00000000080064e0       0x18 /usr/share/gcc-arm-none-eabi-10-2020-q4-major/bin/../lib/gcc/arm-none-eabi/10.2.1/../../../../arm-none-eabi/lib/thumb/v7e-m/nofp/libm.a(lib_a-e_atan2.o)
 .rodata.CSWTCH.9
                0x00000000080064f8       0x18 /usr/share/gcc-arm-none-eabi-10-2020-q4-major/bin/../lib/gcc/arm-none-eabi/10.2.1/../../../../arm-none-eabi/lib/thumb/v7e-m/nofp/libm.a(lib_a-e_atan2.o)
 .rodata.__ieee754_pow.str1.4
                0x0000000008006510        0x1 /usr/share/gcc-arm-none-eabi-10-2020-q4-major/bin/../lib/gcc/arm-none-eabi/10.2.1/../../../../arm-none-eabi/lib/thumb/v7e-m/nofp/libm.a(lib_a-e_pow.o)
 *fill*         0x0000000008006511        0x3 
 .rodata.npio2_hw
                0x0000000008006514       0x80 /usr/share/gcc-arm-none-eabi-10-2020-q4-major/bin/../lib/gcc/arm-none-eabi/10.2.1/../../../../arm-none-eabi/lib/thumb/v7e-m/nofp/libm.a(lib_a-e_rem_pio2.o)
 .rodata.two_over_pi
                0x0000000008006594      0x108 /usr/share/gcc-arm-none-eabi-10-2020-q4-major/bin/../lib/gcc/arm-none-eabi/10.2.1/../../../../arm-none-eabi/lib/thumb/v7e-m/nofp/libm.a(lib_a-e_rem_pio2.o)
 *fill*         0x000000000800669c        0x4 
 .rodata.PIo2   0x00000000080066a0       0x40 /usr/share/gcc-arm-none-eabi-10-2020-q4-major/bin/../lib/gcc/arm-none-eabi/10.2.1/../../../../arm-none-eabi/lib/thumb/v7e-m/nofp/libm.a(lib_a-k_rem_pio2.o)
 .rodata.init_jk
                0x00000000080066e0       0x10 /usr/share/gcc-arm-none-eabi-10-2020-q4-major/bin/../lib/gcc/arm-none-eabi/10.2.1/../../../../arm-none-eabi/lib/thumb/v7e-m/nofp/libm.a(lib_a-k_rem_pio2.o)
 .rodata.TWO52  0x00000000080066f0       0x10 /usr/share/gcc-arm-none-eabi-10-2020-q4-major/bin/../lib/gcc/arm-none-eabi/10.2.1/../../../../arm-none-eabi/lib/thumb/v7e-m/nofp/libm.a(lib_a-s_rint.o)
 .rodata._global_impure_ptr
                0x0000000008006700        0x4 /usr/share/gcc-arm-none-eabi-10-2020-q4-major/bin/../lib/gcc/arm-none-eabi/10.2.1/../../../../arm-none-eabi/lib/thumb/v7e-m/nofp/libg_nano.a(lib_a-impure.o)
                0x0000000008006700                _global_impure_ptr
 *(vtable)
 *(.eh_frame*)
 *(.glue_7)
 .glue_7        0x0000000008006704        0x0 linker stubs
 *(.glue_7t)
 .glue_7t       0x0000000008006704        0x0 linker stubs

.vfp11_veneer   0x0000000008006704        0x0
 .vfp11_veneer  0x0000000008006704        0x0 linker stubs

.v4_bx          0x0000000008006704        0x0
 .v4_bx         0x0000000008006704        0x0 linker stubs

.iplt           0x0000000008006704        0x0
 .iplt          0x0000000008006704        0x0 ./src/commonio.o

.rel.dyn        0x0000000008006704        0x0
 .rel.iplt      0x0000000008006704        0x0 ./src/commonio.o

.ARM.extab
 *(.ARM.extab* .gnu.linkonce.armextab.*)
                0x0000000008006704                . = ALIGN (0x4)
                0x0000000008006704                __exidx_start = .

.ARM.exidx
 *(.ARM.exidx* .gnu.linkonce.armexidx.*)
                0x0000000008006704                __exidx_end = .
                0x0000000008006704                . = ALIGN (0x4)
                0x0000000008006704                _etext = .
                0x0000000008006704                __etext = .

.data_CCMRAM    0x0000000010000000        0x0 load address 0x0000000008006704
 FILL mask 0xff
 *(.data.CCMRAM .data.CCMRAM.*)
                0x0000000010000000                . = ALIGN (0x4)
                0x0000000008006704                _sidata = LOADADDR (.data)

.data           0x0000000020000000       0x74 load address 0x0000000008006704
 FILL mask 0xff
                0x0000000020000000                _sdata = .
                0x0000000020000000                __data_start__ = .
 *(.data_begin .data_begin.*)
 *(.data .data.*)
 .data          0x0000000020000000        0x0 ./src/commonio.o
 .data          0x0000000020000000        0x0 ./src/debug.o
 .data          0x0000000020000000        0x0 ./src/i2c.o
 .data          0x0000000020000000        0x0 ./src/io.o
 .data.accel_data_ready
                0x0000000020000000        0x1 ./src/io.o
 .data          0x0000000020000001        0x0 ./src/main.o
 .data          0x0000000020000001        0x0 ./src/port.o
 .data          0x0000000020000001        0x0 ./src/startup.o
 .data          0x0000000020000001        0x0 ./src/usart.o
 *fill*         0x0000000020000001        0x1 ff
 .data.usart1_tx_free_space
                0x0000000020000002        0x2 ./src/usart.o
 .data.usart1_tx_write_ptr
                0x0000000020000004        0x2 ./src/usart.o
 .data          0x0000000020000006        0x0 ./src/utils.o
 .data          0x0000000020000006        0x0 ./STlib/src/stm32f3-hal/stm32f3xx_ll_adc.o
 .data          0x0000000020000006        0x0 ./STlib/src/stm32f3-hal/stm32f3xx_ll_comp.o
 .data          0x0000000020000006        0x0 ./STlib/src/stm32f3-hal/stm32f3xx_ll_crc.o
 .data          0x0000000020000006        0x0 ./STlib/src/stm32f3-hal/stm32f3xx_ll_dac.o
 .data          0x0000000020000006        0x0 ./STlib/src/stm32f3-hal/stm32f3xx_ll_dma.o
 .data          0x0000000020000006        0x0 ./STlib/src/stm32f3-hal/stm32f3xx_ll_exti.o
 .data          0x0000000020000006        0x0 ./STlib/src/stm32f3-hal/stm32f3xx_ll_gpio.o
 .data          0x0000000020000006        0x0 ./STlib/src/stm32f3-hal/stm32f3xx_ll_hrtim.o
 .data          0x0000000020000006        0x0 ./STlib/src/stm32f3-hal/stm32f3xx_ll_i2c.o
 .data          0x0000000020000006        0x0 ./STlib/src/stm32f3-hal/stm32f3xx_ll_opamp.o
 .data          0x0000000020000006        0x0 ./STlib/src/stm32f3-hal/stm32f3xx_ll_pwr.o
 .data          0x0000000020000006        0x0 ./STlib/src/stm32f3-hal/stm32f3xx_ll_rcc.o
 .data          0x0000000020000006        0x0 ./STlib/src/stm32f3-hal/stm32f3xx_ll_rtc.o
 .data          0x0000000020000006        0x0 ./STlib/src/stm32f3-hal/stm32f3xx_ll_spi.o
 .data          0x0000000020000006        0x0 ./STlib/src/stm32f3-hal/stm32f3xx_ll_tim.o
 .data          0x0000000020000006        0x0 ./STlib/src/stm32f3-hal/stm32f3xx_ll_usart.o
 .data          0x0000000020000006        0x0 ./STlib/src/stm32f3-hal/stm32f3xx_ll_utils.o
 .data          0x0000000020000006        0x0 ./STlib/src/cmsis/system_stm32f3xx.o
 *fill*         0x0000000020000006        0x2 ff
 .data.SystemCoreClock
                0x0000000020000008        0x4 ./STlib/src/cmsis/system_stm32f3xx.o
                0x0000000020000008                SystemCoreClock
 .data          0x000000002000000c        0x0 /usr/share/gcc-arm-none-eabi-10-2020-q4-major/bin/../lib/gcc/arm-none-eabi/10.2.1/../../../../arm-none-eabi/lib/thumb/v7e-m/nofp/libm.a(lib_a-s_atan.o)
 .data          0x000000002000000c        0x0 /usr/share/gcc-arm-none-eabi-10-2020-q4-major/bin/../lib/gcc/arm-none-eabi/10.2.1/../../../../arm-none-eabi/lib/thumb/v7e-m/nofp/libm.a(lib_a-s_cos.o)
 .data          0x000000002000000c        0x0 /usr/share/gcc-arm-none-eabi-10-2020-q4-major/bin/../lib/gcc/arm-none-eabi/10.2.1/../../../../arm-none-eabi/lib/thumb/v7e-m/nofp/libm.a(lib_a-s_fabs.o)
 .data          0x000000002000000c        0x0 /usr/share/gcc-arm-none-eabi-10-2020-q4-major/bin/../lib/gcc/arm-none-eabi/10.2.1/../../../../arm-none-eabi/lib/thumb/v7e-m/nofp/libm.a(lib_a-s_sin.o)
 .data          0x000000002000000c        0x0 /usr/share/gcc-arm-none-eabi-10-2020-q4-major/bin/../lib/gcc/arm-none-eabi/10.2.1/../../../../arm-none-eabi/lib/thumb/v7e-m/nofp/libm.a(lib_a-w_atan2.o)
 .data          0x000000002000000c        0x0 /usr/share/gcc-arm-none-eabi-10-2020-q4-major/bin/../lib/gcc/arm-none-eabi/10.2.1/../../../../arm-none-eabi/lib/thumb/v7e-m/nofp/libm.a(lib_a-w_pow.o)
 .data          0x000000002000000c        0x0 /usr/share/gcc-arm-none-eabi-10-2020-q4-major/bin/../lib/gcc/arm-none-eabi/10.2.1/../../../../arm-none-eabi/lib/thumb/v7e-m/nofp/libm.a(lib_a-w_sqrt.o)
 .data          0x000000002000000c        0x0 /usr/share/gcc-arm-none-eabi-10-2020-q4-major/bin/../lib/gcc/arm-none-eabi/10.2.1/../../../../arm-none-eabi/lib/thumb/v7e-m/nofp/libm.a(lib_a-e_atan2.o)
 .data          0x000000002000000c        0x0 /usr/share/gcc-arm-none-eabi-10-2020-q4-major/bin/../lib/gcc/arm-none-eabi/10.2.1/../../../../arm-none-eabi/lib/thumb/v7e-m/nofp/libm.a(lib_a-e_pow.o)
 .data          0x000000002000000c        0x0 /usr/share/gcc-arm-none-eabi-10-2020-q4-major/bin/../lib/gcc/arm-none-eabi/10.2.1/../../../../arm-none-eabi/lib/thumb/v7e-m/nofp/libm.a(lib_a-e_rem_pio2.o)
 .data          0x000000002000000c        0x0 /usr/share/gcc-arm-none-eabi-10-2020-q4-major/bin/../lib/gcc/arm-none-eabi/10.2.1/../../../../arm-none-eabi/lib/thumb/v7e-m/nofp/libm.a(lib_a-e_sqrt.o)
 .data          0x000000002000000c        0x0 /usr/share/gcc-arm-none-eabi-10-2020-q4-major/bin/../lib/gcc/arm-none-eabi/10.2.1/../../../../arm-none-eabi/lib/thumb/v7e-m/nofp/libm.a(lib_a-k_cos.o)
 .data          0x000000002000000c        0x0 /usr/share/gcc-arm-none-eabi-10-2020-q4-major/bin/../lib/gcc/arm-none-eabi/10.2.1/../../../../arm-none-eabi/lib/thumb/v7e-m/nofp/libm.a(lib_a-k_rem_pio2.o)
 .data          0x000000002000000c        0x0 /usr/share/gcc-arm-none-eabi-10-2020-q4-major/bin/../lib/gcc/arm-none-eabi/10.2.1/../../../../arm-none-eabi/lib/thumb/v7e-m/nofp/libm.a(lib_a-k_sin.o)
 .data          0x000000002000000c        0x0 /usr/share/gcc-arm-none-eabi-10-2020-q4-major/bin/../lib/gcc/arm-none-eabi/10.2.1/../../../../arm-none-eabi/lib/thumb/v7e-m/nofp/libm.a(lib_a-s_finite.o)
 .data          0x000000002000000c        0x0 /usr/share/gcc-arm-none-eabi-10-2020-q4-major/bin/../lib/gcc/arm-none-eabi/10.2.1/../../../../arm-none-eabi/lib/thumb/v7e-m/nofp/libm.a(lib_a-s_floor.o)
 .data          0x000000002000000c        0x0 /usr/share/gcc-arm-none-eabi-10-2020-q4-major/bin/../lib/gcc/arm-none-eabi/10.2.1/../../../../arm-none-eabi/lib/thumb/v7e-m/nofp/libm.a(lib_a-s_lib_ver.o)
 .data.__fdlib_version
                0x000000002000000c        0x1 /usr/share/gcc-arm-none-eabi-10-2020-q4-major/bin/../lib/gcc/arm-none-eabi/10.2.1/../../../../arm-none-eabi/lib/thumb/v7e-m/nofp/libm.a(lib_a-s_lib_ver.o)
                0x000000002000000c                __fdlib_version
 .data          0x000000002000000d        0x0 /usr/share/gcc-arm-none-eabi-10-2020-q4-major/bin/../lib/gcc/arm-none-eabi/10.2.1/../../../../arm-none-eabi/lib/thumb/v7e-m/nofp/libm.a(lib_a-s_nan.o)
 .data          0x000000002000000d        0x0 /usr/share/gcc-arm-none-eabi-10-2020-q4-major/bin/../lib/gcc/arm-none-eabi/10.2.1/../../../../arm-none-eabi/lib/thumb/v7e-m/nofp/libm.a(lib_a-s_rint.o)
 .data          0x000000002000000d        0x0 /usr/share/gcc-arm-none-eabi-10-2020-q4-major/bin/../lib/gcc/arm-none-eabi/10.2.1/../../../../arm-none-eabi/lib/thumb/v7e-m/nofp/libm.a(lib_a-s_scalbn.o)
 .data          0x000000002000000d        0x0 /usr/share/gcc-arm-none-eabi-10-2020-q4-major/bin/../lib/gcc/arm-none-eabi/10.2.1/thumb/v7e-m/nofp/libgcc.a(_arm_muldf3.o)
 .data          0x000000002000000d        0x0 /usr/share/gcc-arm-none-eabi-10-2020-q4-major/bin/../lib/gcc/arm-none-eabi/10.2.1/thumb/v7e-m/nofp/libgcc.a(_arm_addsubdf3.o)
 .data          0x000000002000000d        0x0 /usr/share/gcc-arm-none-eabi-10-2020-q4-major/bin/../lib/gcc/arm-none-eabi/10.2.1/thumb/v7e-m/nofp/libgcc.a(_arm_muldivdf3.o)
 .data          0x000000002000000d        0x0 /usr/share/gcc-arm-none-eabi-10-2020-q4-major/bin/../lib/gcc/arm-none-eabi/10.2.1/thumb/v7e-m/nofp/libgcc.a(_arm_cmpdf2.o)
 .data          0x000000002000000d        0x0 /usr/share/gcc-arm-none-eabi-10-2020-q4-major/bin/../lib/gcc/arm-none-eabi/10.2.1/thumb/v7e-m/nofp/libgcc.a(_arm_unorddf2.o)
 .data          0x000000002000000d        0x0 /usr/share/gcc-arm-none-eabi-10-2020-q4-major/bin/../lib/gcc/arm-none-eabi/10.2.1/thumb/v7e-m/nofp/libgcc.a(_arm_fixdfsi.o)
 .data          0x000000002000000d        0x0 /usr/share/gcc-arm-none-eabi-10-2020-q4-major/bin/../lib/gcc/arm-none-eabi/10.2.1/../../../../arm-none-eabi/lib/thumb/v7e-m/nofp/libg_nano.a(lib_a-errno.o)
 .data          0x000000002000000d        0x0 /usr/share/gcc-arm-none-eabi-10-2020-q4-major/bin/../lib/gcc/arm-none-eabi/10.2.1/../../../../arm-none-eabi/lib/thumb/v7e-m/nofp/libg_nano.a(lib_a-impure.o)
 *fill*         0x000000002000000d        0x3 ff
 .data._impure_ptr
                0x0000000020000010        0x4 /usr/share/gcc-arm-none-eabi-10-2020-q4-major/bin/../lib/gcc/arm-none-eabi/10.2.1/../../../../arm-none-eabi/lib/thumb/v7e-m/nofp/libg_nano.a(lib_a-impure.o)
                0x0000000020000010                _impure_ptr
 .data.impure_data
                0x0000000020000014       0x60 /usr/share/gcc-arm-none-eabi-10-2020-q4-major/bin/../lib/gcc/arm-none-eabi/10.2.1/../../../../arm-none-eabi/lib/thumb/v7e-m/nofp/libg_nano.a(lib_a-impure.o)
 *(.data_end .data_end.*)
                0x0000000020000074                . = ALIGN (0x4)
                0x0000000020000074                _edata = .
                0x0000000020000074                __data_end__ = .

.igot.plt       0x0000000020000074        0x0 load address 0x0000000008006778
 .igot.plt      0x0000000020000074        0x0 ./src/commonio.o

.bss_CCMRAM     0x0000000010000000        0x0
 *(.bss.CCMRAM .bss.CCMRAM.*)

.bss            0x0000000020000074      0x324
                0x0000000020000074                __bss_start__ = .
                0x0000000020000074                _sbss = .
 *(.bss_begin .bss_begin.*)
 *(.bss .bss.*)
 .bss           0x0000000020000074        0x0 ./src/commonio.o
 .bss           0x0000000020000074        0x0 ./src/debug.o
 .bss           0x0000000020000074        0x0 ./src/i2c.o
 .bss.i2c1_rx_buffer
                0x0000000020000074      0x100 ./src/i2c.o
 .bss.i2c1_rx_buffer_count
                0x0000000020000174        0x4 ./src/i2c.o
 .bss.i2c1_rx_in_progress
                0x0000000020000178        0x1 ./src/i2c.o
 *fill*         0x0000000020000179        0x3 
 .bss.i2c1_rx_read_ptr
                0x000000002000017c        0x4 ./src/i2c.o
 .bss.i2c1_tx_buffer
                0x0000000020000180      0x100 ./src/i2c.o
 .bss.i2c1_tx_in_progress
                0x0000000020000280        0x1 ./src/i2c.o
 *fill*         0x0000000020000281        0x3 
 .bss.i2c1_tx_write_ptr
                0x0000000020000284        0x4 ./src/i2c.o
 .bss           0x0000000020000288        0x0 ./src/io.o
 .bss.led_n_on  0x0000000020000288        0x1 ./src/io.o
 *fill*         0x0000000020000289        0x3 
 .bss.led_timer
                0x000000002000028c        0x4 ./src/io.o
 .bss.led_w_on  0x0000000020000290        0x1 ./src/io.o
 .bss           0x0000000020000291        0x0 ./src/main.o
 *fill*         0x0000000020000291        0x1 
 .bss.frick_timer
                0x0000000020000292        0x2 ./src/main.o
                0x0000000020000292                frick_timer
 .bss           0x0000000020000294        0x0 ./src/port.o
 .bss           0x0000000020000294        0x0 ./src/startup.o
 .bss           0x0000000020000294        0x0 ./src/usart.o
 .bss.usart1_tx_buffer
                0x0000000020000294      0x100 ./src/usart.o
 .bss           0x0000000020000394        0x0 ./src/utils.o
 .bss.timer     0x0000000020000394        0x2 ./src/utils.o
 .bss           0x0000000020000396        0x0 ./STlib/src/stm32f3-hal/stm32f3xx_ll_adc.o
 .bss           0x0000000020000396        0x0 ./STlib/src/stm32f3-hal/stm32f3xx_ll_comp.o
 .bss           0x0000000020000396        0x0 ./STlib/src/stm32f3-hal/stm32f3xx_ll_crc.o
 .bss           0x0000000020000396        0x0 ./STlib/src/stm32f3-hal/stm32f3xx_ll_dac.o
 .bss           0x0000000020000396        0x0 ./STlib/src/stm32f3-hal/stm32f3xx_ll_dma.o
 .bss           0x0000000020000396        0x0 ./STlib/src/stm32f3-hal/stm32f3xx_ll_exti.o
 .bss           0x0000000020000396        0x0 ./STlib/src/stm32f3-hal/stm32f3xx_ll_gpio.o
 .bss           0x0000000020000396        0x0 ./STlib/src/stm32f3-hal/stm32f3xx_ll_hrtim.o
 .bss           0x0000000020000396        0x0 ./STlib/src/stm32f3-hal/stm32f3xx_ll_i2c.o
 .bss           0x0000000020000396        0x0 ./STlib/src/stm32f3-hal/stm32f3xx_ll_opamp.o
 .bss           0x0000000020000396        0x0 ./STlib/src/stm32f3-hal/stm32f3xx_ll_pwr.o
 .bss           0x0000000020000396        0x0 ./STlib/src/stm32f3-hal/stm32f3xx_ll_rcc.o
 .bss           0x0000000020000396        0x0 ./STlib/src/stm32f3-hal/stm32f3xx_ll_rtc.o
 .bss           0x0000000020000396        0x0 ./STlib/src/stm32f3-hal/stm32f3xx_ll_spi.o
 .bss           0x0000000020000396        0x0 ./STlib/src/stm32f3-hal/stm32f3xx_ll_tim.o
 .bss           0x0000000020000396        0x0 ./STlib/src/stm32f3-hal/stm32f3xx_ll_usart.o
 .bss           0x0000000020000396        0x0 ./STlib/src/stm32f3-hal/stm32f3xx_ll_utils.o
 .bss           0x0000000020000396        0x0 ./STlib/src/cmsis/system_stm32f3xx.o
 .bss           0x0000000020000396        0x0 /usr/share/gcc-arm-none-eabi-10-2020-q4-major/bin/../lib/gcc/arm-none-eabi/10.2.1/../../../../arm-none-eabi/lib/thumb/v7e-m/nofp/libm.a(lib_a-s_atan.o)
 .bss           0x0000000020000396        0x0 /usr/share/gcc-arm-none-eabi-10-2020-q4-major/bin/../lib/gcc/arm-none-eabi/10.2.1/../../../../arm-none-eabi/lib/thumb/v7e-m/nofp/libm.a(lib_a-s_cos.o)
 .bss           0x0000000020000396        0x0 /usr/share/gcc-arm-none-eabi-10-2020-q4-major/bin/../lib/gcc/arm-none-eabi/10.2.1/../../../../arm-none-eabi/lib/thumb/v7e-m/nofp/libm.a(lib_a-s_fabs.o)
 .bss           0x0000000020000396        0x0 /usr/share/gcc-arm-none-eabi-10-2020-q4-major/bin/../lib/gcc/arm-none-eabi/10.2.1/../../../../arm-none-eabi/lib/thumb/v7e-m/nofp/libm.a(lib_a-s_sin.o)
 .bss           0x0000000020000396        0x0 /usr/share/gcc-arm-none-eabi-10-2020-q4-major/bin/../lib/gcc/arm-none-eabi/10.2.1/../../../../arm-none-eabi/lib/thumb/v7e-m/nofp/libm.a(lib_a-w_atan2.o)
 .bss           0x0000000020000396        0x0 /usr/share/gcc-arm-none-eabi-10-2020-q4-major/bin/../lib/gcc/arm-none-eabi/10.2.1/../../../../arm-none-eabi/lib/thumb/v7e-m/nofp/libm.a(lib_a-w_pow.o)
 .bss           0x0000000020000396        0x0 /usr/share/gcc-arm-none-eabi-10-2020-q4-major/bin/../lib/gcc/arm-none-eabi/10.2.1/../../../../arm-none-eabi/lib/thumb/v7e-m/nofp/libm.a(lib_a-w_sqrt.o)
 .bss           0x0000000020000396        0x0 /usr/share/gcc-arm-none-eabi-10-2020-q4-major/bin/../lib/gcc/arm-none-eabi/10.2.1/../../../../arm-none-eabi/lib/thumb/v7e-m/nofp/libm.a(lib_a-e_atan2.o)
 .bss           0x0000000020000396        0x0 /usr/share/gcc-arm-none-eabi-10-2020-q4-major/bin/../lib/gcc/arm-none-eabi/10.2.1/../../../../arm-none-eabi/lib/thumb/v7e-m/nofp/libm.a(lib_a-e_pow.o)
 .bss           0x0000000020000396        0x0 /usr/share/gcc-arm-none-eabi-10-2020-q4-major/bin/../lib/gcc/arm-none-eabi/10.2.1/../../../../arm-none-eabi/lib/thumb/v7e-m/nofp/libm.a(lib_a-e_rem_pio2.o)
 .bss           0x0000000020000396        0x0 /usr/share/gcc-arm-none-eabi-10-2020-q4-major/bin/../lib/gcc/arm-none-eabi/10.2.1/../../../../arm-none-eabi/lib/thumb/v7e-m/nofp/libm.a(lib_a-e_sqrt.o)
 .bss           0x0000000020000396        0x0 /usr/share/gcc-arm-none-eabi-10-2020-q4-major/bin/../lib/gcc/arm-none-eabi/10.2.1/../../../../arm-none-eabi/lib/thumb/v7e-m/nofp/libm.a(lib_a-k_cos.o)
 .bss           0x0000000020000396        0x0 /usr/share/gcc-arm-none-eabi-10-2020-q4-major/bin/../lib/gcc/arm-none-eabi/10.2.1/../../../../arm-none-eabi/lib/thumb/v7e-m/nofp/libm.a(lib_a-k_rem_pio2.o)
 .bss           0x0000000020000396        0x0 /usr/share/gcc-arm-none-eabi-10-2020-q4-major/bin/../lib/gcc/arm-none-eabi/10.2.1/../../../../arm-none-eabi/lib/thumb/v7e-m/nofp/libm.a(lib_a-k_sin.o)
 .bss           0x0000000020000396        0x0 /usr/share/gcc-arm-none-eabi-10-2020-q4-major/bin/../lib/gcc/arm-none-eabi/10.2.1/../../../../arm-none-eabi/lib/thumb/v7e-m/nofp/libm.a(lib_a-s_finite.o)
 .bss           0x0000000020000396        0x0 /usr/share/gcc-arm-none-eabi-10-2020-q4-major/bin/../lib/gcc/arm-none-eabi/10.2.1/../../../../arm-none-eabi/lib/thumb/v7e-m/nofp/libm.a(lib_a-s_floor.o)
 .bss           0x0000000020000396        0x0 /usr/share/gcc-arm-none-eabi-10-2020-q4-major/bin/../lib/gcc/arm-none-eabi/10.2.1/../../../../arm-none-eabi/lib/thumb/v7e-m/nofp/libm.a(lib_a-s_lib_ver.o)
 .bss           0x0000000020000396        0x0 /usr/share/gcc-arm-none-eabi-10-2020-q4-major/bin/../lib/gcc/arm-none-eabi/10.2.1/../../../../arm-none-eabi/lib/thumb/v7e-m/nofp/libm.a(lib_a-s_nan.o)
 .bss           0x0000000020000396        0x0 /usr/share/gcc-arm-none-eabi-10-2020-q4-major/bin/../lib/gcc/arm-none-eabi/10.2.1/../../../../arm-none-eabi/lib/thumb/v7e-m/nofp/libm.a(lib_a-s_rint.o)
 .bss           0x0000000020000396        0x0 /usr/share/gcc-arm-none-eabi-10-2020-q4-major/bin/../lib/gcc/arm-none-eabi/10.2.1/../../../../arm-none-eabi/lib/thumb/v7e-m/nofp/libm.a(lib_a-s_scalbn.o)
 .bss           0x0000000020000396        0x0 /usr/share/gcc-arm-none-eabi-10-2020-q4-major/bin/../lib/gcc/arm-none-eabi/10.2.1/thumb/v7e-m/nofp/libgcc.a(_arm_muldf3.o)
 .bss           0x0000000020000396        0x0 /usr/share/gcc-arm-none-eabi-10-2020-q4-major/bin/../lib/gcc/arm-none-eabi/10.2.1/thumb/v7e-m/nofp/libgcc.a(_arm_addsubdf3.o)
 .bss           0x0000000020000396        0x0 /usr/share/gcc-arm-none-eabi-10-2020-q4-major/bin/../lib/gcc/arm-none-eabi/10.2.1/thumb/v7e-m/nofp/libgcc.a(_arm_muldivdf3.o)
 .bss           0x0000000020000396        0x0 /usr/share/gcc-arm-none-eabi-10-2020-q4-major/bin/../lib/gcc/arm-none-eabi/10.2.1/thumb/v7e-m/nofp/libgcc.a(_arm_cmpdf2.o)
 .bss           0x0000000020000396        0x0 /usr/share/gcc-arm-none-eabi-10-2020-q4-major/bin/../lib/gcc/arm-none-eabi/10.2.1/thumb/v7e-m/nofp/libgcc.a(_arm_unorddf2.o)
 .bss           0x0000000020000396        0x0 /usr/share/gcc-arm-none-eabi-10-2020-q4-major/bin/../lib/gcc/arm-none-eabi/10.2.1/thumb/v7e-m/nofp/libgcc.a(_arm_fixdfsi.o)
 .bss           0x0000000020000396        0x0 /usr/share/gcc-arm-none-eabi-10-2020-q4-major/bin/../lib/gcc/arm-none-eabi/10.2.1/../../../../arm-none-eabi/lib/thumb/v7e-m/nofp/libg_nano.a(lib_a-errno.o)
 .bss           0x0000000020000396        0x0 /usr/share/gcc-arm-none-eabi-10-2020-q4-major/bin/../lib/gcc/arm-none-eabi/10.2.1/../../../../arm-none-eabi/lib/thumb/v7e-m/nofp/libg_nano.a(lib_a-impure.o)
 *(COMMON)
 *(.bss_end .bss_end.*)
                0x0000000020000398                . = ALIGN (0x4)
 *fill*         0x0000000020000396        0x2 
                0x0000000020000398                __bss_end__ = .
                0x0000000020000398                _ebss = .

.noinit_CCMRAM
 *(.noinit.CCMRAM .noinit.CCMRAM.*)

.noinit         0x0000000020000398        0x0
                0x0000000020000398                _noinit = .
 *(.noinit .noinit.*)
                0x0000000020000398                . = ALIGN (0x4)
                0x0000000020000398                _end_noinit = .
                [!provide]                        PROVIDE (end = _end_noinit)
                [!provide]                        PROVIDE (_end = _end_noinit)
                [!provide]                        PROVIDE (__end = _end_noinit)
                [!provide]                        PROVIDE (__end__ = _end_noinit)

._check_stack   0x0000000020000398      0x100
                0x0000000020000498                . = (. + _Minimum_Stack_Size)
 *fill*         0x0000000020000398      0x100 

.b1text
 *(.b1text)
 *(.b1rodata)
 *(.b1rodata.*)

.eb0text
 *(.eb0text)
 *(.eb0rodata)
 *(.eb0rodata.*)

.eb1text
 *(.eb1text)
 *(.eb1rodata)
 *(.eb1rodata.*)

.eb2text
 *(.eb2text)
 *(.eb2rodata)
 *(.eb2rodata.*)

.eb3text
 *(.eb3text)
 *(.eb3rodata)
 *(.eb3rodata.*)

.stab
 *(.stab)

.stabstr
 *(.stabstr)

.stab.excl
 *(.stab.excl)

.stab.exclstr
 *(.stab.exclstr)

.stab.index
 *(.stab.index)

.stab.indexstr
 *(.stab.indexstr)

.comment        0x0000000000000000       0x4d
 *(.comment)
 .comment       0x0000000000000000       0x4d ./src/commonio.o
                                         0x4e (size before relaxing)
 .comment       0x000000000000004d       0x4e ./src/debug.o
 .comment       0x000000000000004d       0x4e ./src/i2c.o
 .comment       0x000000000000004d       0x4e ./src/io.o
 .comment       0x000000000000004d       0x4e ./src/main.o
 .comment       0x000000000000004d       0x4e ./src/port.o
 .comment       0x000000000000004d       0x4e ./src/startup.o
 .comment       0x000000000000004d       0x4e ./src/usart.o
 .comment       0x000000000000004d       0x4e ./src/utils.o
 .comment       0x000000000000004d       0x4e ./STlib/src/stm32f3-hal/stm32f3xx_ll_adc.o
 .comment       0x000000000000004d       0x4e ./STlib/src/stm32f3-hal/stm32f3xx_ll_comp.o
 .comment       0x000000000000004d       0x4e ./STlib/src/stm32f3-hal/stm32f3xx_ll_crc.o
 .comment       0x000000000000004d       0x4e ./STlib/src/stm32f3-hal/stm32f3xx_ll_dac.o
 .comment       0x000000000000004d       0x4e ./STlib/src/stm32f3-hal/stm32f3xx_ll_dma.o
 .comment       0x000000000000004d       0x4e ./STlib/src/stm32f3-hal/stm32f3xx_ll_exti.o
 .comment       0x000000000000004d       0x4e ./STlib/src/stm32f3-hal/stm32f3xx_ll_gpio.o
 .comment       0x000000000000004d       0x4e ./STlib/src/stm32f3-hal/stm32f3xx_ll_hrtim.o
 .comment       0x000000000000004d       0x4e ./STlib/src/stm32f3-hal/stm32f3xx_ll_i2c.o
 .comment       0x000000000000004d       0x4e ./STlib/src/stm32f3-hal/stm32f3xx_ll_opamp.o
 .comment       0x000000000000004d       0x4e ./STlib/src/stm32f3-hal/stm32f3xx_ll_pwr.o
 .comment       0x000000000000004d       0x4e ./STlib/src/stm32f3-hal/stm32f3xx_ll_rcc.o
 .comment       0x000000000000004d       0x4e ./STlib/src/stm32f3-hal/stm32f3xx_ll_rtc.o
 .comment       0x000000000000004d       0x4e ./STlib/src/stm32f3-hal/stm32f3xx_ll_spi.o
 .comment       0x000000000000004d       0x4e ./STlib/src/stm32f3-hal/stm32f3xx_ll_tim.o
 .comment       0x000000000000004d       0x4e ./STlib/src/stm32f3-hal/stm32f3xx_ll_usart.o
 .comment       0x000000000000004d       0x4e ./STlib/src/stm32f3-hal/stm32f3xx_ll_utils.o
 .comment       0x000000000000004d       0x4e ./STlib/src/cmsis/system_stm32f3xx.o

.ARM.attributes
                0x0000000000000000       0x2e
 .ARM.attributes
                0x0000000000000000       0x2e ./src/commonio.o
 .ARM.attributes
                0x000000000000002e       0x2e ./src/debug.o
 .ARM.attributes
                0x000000000000005c       0x2e ./src/i2c.o
 .ARM.attributes
                0x000000000000008a       0x2e ./src/io.o
 .ARM.attributes
                0x00000000000000b8       0x2e ./src/main.o
 .ARM.attributes
                0x00000000000000e6       0x2e ./src/port.o
 .ARM.attributes
                0x0000000000000114       0x2e ./src/startup.o
 .ARM.attributes
                0x0000000000000142       0x2e ./src/usart.o
 .ARM.attributes
                0x0000000000000170       0x2e ./src/utils.o
 .ARM.attributes
                0x000000000000019e       0x2e ./STlib/src/stm32f3-hal/stm32f3xx_ll_adc.o
 .ARM.attributes
                0x00000000000001cc       0x2e ./STlib/src/stm32f3-hal/stm32f3xx_ll_comp.o
 .ARM.attributes
                0x00000000000001fa       0x2e ./STlib/src/stm32f3-hal/stm32f3xx_ll_crc.o
 .ARM.attributes
                0x0000000000000228       0x2e ./STlib/src/stm32f3-hal/stm32f3xx_ll_dac.o
 .ARM.attributes
                0x0000000000000256       0x2e ./STlib/src/stm32f3-hal/stm32f3xx_ll_dma.o
 .ARM.attributes
                0x0000000000000284       0x2e ./STlib/src/stm32f3-hal/stm32f3xx_ll_exti.o
 .ARM.attributes
                0x00000000000002b2       0x2e ./STlib/src/stm32f3-hal/stm32f3xx_ll_gpio.o
 .ARM.attributes
                0x00000000000002e0       0x33 ./STlib/src/stm32f3-hal/stm32f3xx_ll_hrtim.o
 .ARM.attributes
                0x0000000000000313       0x2e ./STlib/src/stm32f3-hal/stm32f3xx_ll_i2c.o
 .ARM.attributes
                0x0000000000000341       0x2e ./STlib/src/stm32f3-hal/stm32f3xx_ll_opamp.o
 .ARM.attributes
                0x000000000000036f       0x2e ./STlib/src/stm32f3-hal/stm32f3xx_ll_pwr.o
 .ARM.attributes
                0x000000000000039d       0x2e ./STlib/src/stm32f3-hal/stm32f3xx_ll_rcc.o
 .ARM.attributes
                0x00000000000003cb       0x2e ./STlib/src/stm32f3-hal/stm32f3xx_ll_rtc.o
 .ARM.attributes
                0x00000000000003f9       0x2e ./STlib/src/stm32f3-hal/stm32f3xx_ll_spi.o
 .ARM.attributes
                0x0000000000000427       0x2e ./STlib/src/stm32f3-hal/stm32f3xx_ll_tim.o
 .ARM.attributes
                0x0000000000000455       0x2e ./STlib/src/stm32f3-hal/stm32f3xx_ll_usart.o
 .ARM.attributes
                0x0000000000000483       0x2e ./STlib/src/stm32f3-hal/stm32f3xx_ll_utils.o
 .ARM.attributes
                0x00000000000004b1       0x2e ./STlib/src/cmsis/system_stm32f3xx.o
 .ARM.attributes
                0x00000000000004df       0x2e /usr/share/gcc-arm-none-eabi-10-2020-q4-major/bin/../lib/gcc/arm-none-eabi/10.2.1/../../../../arm-none-eabi/lib/thumb/v7e-m/nofp/libm.a(lib_a-s_atan.o)
 .ARM.attributes
                0x000000000000050d       0x2e /usr/share/gcc-arm-none-eabi-10-2020-q4-major/bin/../lib/gcc/arm-none-eabi/10.2.1/../../../../arm-none-eabi/lib/thumb/v7e-m/nofp/libm.a(lib_a-s_cos.o)
 .ARM.attributes
                0x000000000000053b       0x2e /usr/share/gcc-arm-none-eabi-10-2020-q4-major/bin/../lib/gcc/arm-none-eabi/10.2.1/../../../../arm-none-eabi/lib/thumb/v7e-m/nofp/libm.a(lib_a-s_fabs.o)
 .ARM.attributes
                0x0000000000000569       0x2e /usr/share/gcc-arm-none-eabi-10-2020-q4-major/bin/../lib/gcc/arm-none-eabi/10.2.1/../../../../arm-none-eabi/lib/thumb/v7e-m/nofp/libm.a(lib_a-s_sin.o)
 .ARM.attributes
                0x0000000000000597       0x2e /usr/share/gcc-arm-none-eabi-10-2020-q4-major/bin/../lib/gcc/arm-none-eabi/10.2.1/../../../../arm-none-eabi/lib/thumb/v7e-m/nofp/libm.a(lib_a-w_atan2.o)
 .ARM.attributes
                0x00000000000005c5       0x2e /usr/share/gcc-arm-none-eabi-10-2020-q4-major/bin/../lib/gcc/arm-none-eabi/10.2.1/../../../../arm-none-eabi/lib/thumb/v7e-m/nofp/libm.a(lib_a-w_pow.o)
 .ARM.attributes
                0x00000000000005f3       0x2e /usr/share/gcc-arm-none-eabi-10-2020-q4-major/bin/../lib/gcc/arm-none-eabi/10.2.1/../../../../arm-none-eabi/lib/thumb/v7e-m/nofp/libm.a(lib_a-w_sqrt.o)
 .ARM.attributes
                0x0000000000000621       0x2e /usr/share/gcc-arm-none-eabi-10-2020-q4-major/bin/../lib/gcc/arm-none-eabi/10.2.1/../../../../arm-none-eabi/lib/thumb/v7e-m/nofp/libm.a(lib_a-e_atan2.o)
 .ARM.attributes
                0x000000000000064f       0x2e /usr/share/gcc-arm-none-eabi-10-2020-q4-major/bin/../lib/gcc/arm-none-eabi/10.2.1/../../../../arm-none-eabi/lib/thumb/v7e-m/nofp/libm.a(lib_a-e_pow.o)
 .ARM.attributes
                0x000000000000067d       0x2e /usr/share/gcc-arm-none-eabi-10-2020-q4-major/bin/../lib/gcc/arm-none-eabi/10.2.1/../../../../arm-none-eabi/lib/thumb/v7e-m/nofp/libm.a(lib_a-e_rem_pio2.o)
 .ARM.attributes
                0x00000000000006ab       0x2e /usr/share/gcc-arm-none-eabi-10-2020-q4-major/bin/../lib/gcc/arm-none-eabi/10.2.1/../../../../arm-none-eabi/lib/thumb/v7e-m/nofp/libm.a(lib_a-e_sqrt.o)
 .ARM.attributes
                0x00000000000006d9       0x2e /usr/share/gcc-arm-none-eabi-10-2020-q4-major/bin/../lib/gcc/arm-none-eabi/10.2.1/../../../../arm-none-eabi/lib/thumb/v7e-m/nofp/libm.a(lib_a-k_cos.o)
 .ARM.attributes
                0x0000000000000707       0x2e /usr/share/gcc-arm-none-eabi-10-2020-q4-major/bin/../lib/gcc/arm-none-eabi/10.2.1/../../../../arm-none-eabi/lib/thumb/v7e-m/nofp/libm.a(lib_a-k_rem_pio2.o)
 .ARM.attributes
                0x0000000000000735       0x2e /usr/share/gcc-arm-none-eabi-10-2020-q4-major/bin/../lib/gcc/arm-none-eabi/10.2.1/../../../../arm-none-eabi/lib/thumb/v7e-m/nofp/libm.a(lib_a-k_sin.o)
 .ARM.attributes
                0x0000000000000763       0x2e /usr/share/gcc-arm-none-eabi-10-2020-q4-major/bin/../lib/gcc/arm-none-eabi/10.2.1/../../../../arm-none-eabi/lib/thumb/v7e-m/nofp/libm.a(lib_a-s_finite.o)
 .ARM.attributes
                0x0000000000000791       0x2e /usr/share/gcc-arm-none-eabi-10-2020-q4-major/bin/../lib/gcc/arm-none-eabi/10.2.1/../../../../arm-none-eabi/lib/thumb/v7e-m/nofp/libm.a(lib_a-s_floor.o)
 .ARM.attributes
                0x00000000000007bf       0x2e /usr/share/gcc-arm-none-eabi-10-2020-q4-major/bin/../lib/gcc/arm-none-eabi/10.2.1/../../../../arm-none-eabi/lib/thumb/v7e-m/nofp/libm.a(lib_a-s_lib_ver.o)
 .ARM.attributes
                0x00000000000007ed       0x2e /usr/share/gcc-arm-none-eabi-10-2020-q4-major/bin/../lib/gcc/arm-none-eabi/10.2.1/../../../../arm-none-eabi/lib/thumb/v7e-m/nofp/libm.a(lib_a-s_nan.o)
 .ARM.attributes
                0x000000000000081b       0x2e /usr/share/gcc-arm-none-eabi-10-2020-q4-major/bin/../lib/gcc/arm-none-eabi/10.2.1/../../../../arm-none-eabi/lib/thumb/v7e-m/nofp/libm.a(lib_a-s_rint.o)
 .ARM.attributes
                0x0000000000000849       0x2e /usr/share/gcc-arm-none-eabi-10-2020-q4-major/bin/../lib/gcc/arm-none-eabi/10.2.1/../../../../arm-none-eabi/lib/thumb/v7e-m/nofp/libm.a(lib_a-s_scalbn.o)
 .ARM.attributes
                0x0000000000000877       0x1e /usr/share/gcc-arm-none-eabi-10-2020-q4-major/bin/../lib/gcc/arm-none-eabi/10.2.1/thumb/v7e-m/nofp/libgcc.a(_arm_muldf3.o)
 .ARM.attributes
                0x0000000000000895       0x1e /usr/share/gcc-arm-none-eabi-10-2020-q4-major/bin/../lib/gcc/arm-none-eabi/10.2.1/thumb/v7e-m/nofp/libgcc.a(_arm_addsubdf3.o)
 .ARM.attributes
                0x00000000000008b3       0x1e /usr/share/gcc-arm-none-eabi-10-2020-q4-major/bin/../lib/gcc/arm-none-eabi/10.2.1/thumb/v7e-m/nofp/libgcc.a(_arm_muldivdf3.o)
 .ARM.attributes
                0x00000000000008d1       0x1e /usr/share/gcc-arm-none-eabi-10-2020-q4-major/bin/../lib/gcc/arm-none-eabi/10.2.1/thumb/v7e-m/nofp/libgcc.a(_arm_cmpdf2.o)
 .ARM.attributes
                0x00000000000008ef       0x1e /usr/share/gcc-arm-none-eabi-10-2020-q4-major/bin/../lib/gcc/arm-none-eabi/10.2.1/thumb/v7e-m/nofp/libgcc.a(_arm_unorddf2.o)
 .ARM.attributes
                0x000000000000090d       0x1e /usr/share/gcc-arm-none-eabi-10-2020-q4-major/bin/../lib/gcc/arm-none-eabi/10.2.1/thumb/v7e-m/nofp/libgcc.a(_arm_fixdfsi.o)
 .ARM.attributes
                0x000000000000092b       0x2e /usr/share/gcc-arm-none-eabi-10-2020-q4-major/bin/../lib/gcc/arm-none-eabi/10.2.1/../../../../arm-none-eabi/lib/thumb/v7e-m/nofp/libg_nano.a(lib_a-errno.o)
 .ARM.attributes
                0x0000000000000959       0x2e /usr/share/gcc-arm-none-eabi-10-2020-q4-major/bin/../lib/gcc/arm-none-eabi/10.2.1/../../../../arm-none-eabi/lib/thumb/v7e-m/nofp/libg_nano.a(lib_a-impure.o)

.debug
 *(.debug)

.line
 *(.line)

.debug_srcinfo
 *(.debug_srcinfo)

.debug_sfnames
 *(.debug_sfnames)

.debug_aranges  0x0000000000000000      0x700
 *(.debug_aranges)
 .debug_aranges
                0x0000000000000000       0x28 ./src/commonio.o
 .debug_aranges
                0x0000000000000028       0x30 ./src/debug.o
 .debug_aranges
                0x0000000000000058       0x78 ./src/i2c.o
 .debug_aranges
                0x00000000000000d0       0x60 ./src/io.o
 .debug_aranges
                0x0000000000000130       0x28 ./src/main.o
 .debug_aranges
                0x0000000000000158       0x38 ./src/port.o
 .debug_aranges
                0x0000000000000190       0x60 ./src/startup.o
 .debug_aranges
                0x00000000000001f0       0x38 ./src/usart.o
 .debug_aranges
                0x0000000000000228       0x28 ./src/utils.o
 .debug_aranges
                0x0000000000000250       0x68 ./STlib/src/stm32f3-hal/stm32f3xx_ll_adc.o
 .debug_aranges
                0x00000000000002b8       0x30 ./STlib/src/stm32f3-hal/stm32f3xx_ll_comp.o
 .debug_aranges
                0x00000000000002e8       0x20 ./STlib/src/stm32f3-hal/stm32f3xx_ll_crc.o
 .debug_aranges
                0x0000000000000308       0x30 ./STlib/src/stm32f3-hal/stm32f3xx_ll_dac.o
 .debug_aranges
                0x0000000000000338       0x30 ./STlib/src/stm32f3-hal/stm32f3xx_ll_dma.o
 .debug_aranges
                0x0000000000000368       0x30 ./STlib/src/stm32f3-hal/stm32f3xx_ll_exti.o
 .debug_aranges
                0x0000000000000398       0x30 ./STlib/src/stm32f3-hal/stm32f3xx_ll_gpio.o
 .debug_aranges
                0x00000000000003c8       0x18 ./STlib/src/stm32f3-hal/stm32f3xx_ll_hrtim.o
 .debug_aranges
                0x00000000000003e0       0x30 ./STlib/src/stm32f3-hal/stm32f3xx_ll_i2c.o
 .debug_aranges
                0x0000000000000410       0x30 ./STlib/src/stm32f3-hal/stm32f3xx_ll_opamp.o
 .debug_aranges
                0x0000000000000440       0x20 ./STlib/src/stm32f3-hal/stm32f3xx_ll_pwr.o
 .debug_aranges
                0x0000000000000460       0x90 ./STlib/src/stm32f3-hal/stm32f3xx_ll_rcc.o
 .debug_aranges
                0x00000000000004f0       0x80 ./STlib/src/stm32f3-hal/stm32f3xx_ll_rtc.o
 .debug_aranges
                0x0000000000000570       0x58 ./STlib/src/stm32f3-hal/stm32f3xx_ll_spi.o
 .debug_aranges
                0x00000000000005c8       0x80 ./STlib/src/stm32f3-hal/stm32f3xx_ll_tim.o
 .debug_aranges
                0x0000000000000648       0x40 ./STlib/src/stm32f3-hal/stm32f3xx_ll_usart.o
 .debug_aranges
                0x0000000000000688       0x50 ./STlib/src/stm32f3-hal/stm32f3xx_ll_utils.o
 .debug_aranges
                0x00000000000006d8       0x28 ./STlib/src/cmsis/system_stm32f3xx.o

.debug_pubnames
 *(.debug_pubnames)

.debug_info     0x0000000000000000     0xea04
 *(.debug_info .gnu.linkonce.wi.*)
 .debug_info    0x0000000000000000      0xcab ./src/commonio.o
 .debug_info    0x0000000000000cab      0x259 ./src/debug.o
 .debug_info    0x0000000000000f04     0x13f5 ./src/i2c.o
 .debug_info    0x00000000000022f9     0x108e ./src/io.o
 .debug_info    0x0000000000003387      0x5ca ./src/main.o
 .debug_info    0x0000000000003951      0x40f ./src/port.o
 .debug_info    0x0000000000003d60      0x3d2 ./src/startup.o
 .debug_info    0x0000000000004132      0xe93 ./src/usart.o
 .debug_info    0x0000000000004fc5       0xc1 ./src/utils.o
 .debug_info    0x0000000000005086      0xd6d ./STlib/src/stm32f3-hal/stm32f3xx_ll_adc.o
 .debug_info    0x0000000000005df3      0x26d ./STlib/src/stm32f3-hal/stm32f3xx_ll_comp.o
 .debug_info    0x0000000000006060      0x3ea ./STlib/src/stm32f3-hal/stm32f3xx_ll_crc.o
 .debug_info    0x000000000000644a      0x439 ./STlib/src/stm32f3-hal/stm32f3xx_ll_dac.o
 .debug_info    0x0000000000006883      0x68e ./STlib/src/stm32f3-hal/stm32f3xx_ll_dma.o
 .debug_info    0x0000000000006f11      0x75d ./STlib/src/stm32f3-hal/stm32f3xx_ll_exti.o
 .debug_info    0x000000000000766e      0xab2 ./STlib/src/stm32f3-hal/stm32f3xx_ll_gpio.o
 .debug_info    0x0000000000008120       0x64 ./STlib/src/stm32f3-hal/stm32f3xx_ll_hrtim.o
 .debug_info    0x0000000000008184      0x712 ./STlib/src/stm32f3-hal/stm32f3xx_ll_i2c.o
 .debug_info    0x0000000000008896      0x226 ./STlib/src/stm32f3-hal/stm32f3xx_ll_opamp.o
 .debug_info    0x0000000000008abc      0x20a ./STlib/src/stm32f3-hal/stm32f3xx_ll_pwr.o
 .debug_info    0x0000000000008cc6      0xc58 ./STlib/src/stm32f3-hal/stm32f3xx_ll_rcc.o
 .debug_info    0x000000000000991e     0x17ee ./STlib/src/stm32f3-hal/stm32f3xx_ll_rtc.o
 .debug_info    0x000000000000b10c      0x8d0 ./STlib/src/stm32f3-hal/stm32f3xx_ll_spi.o
 .debug_info    0x000000000000b9dc     0x1728 ./STlib/src/stm32f3-hal/stm32f3xx_ll_tim.o
 .debug_info    0x000000000000d104      0x8b7 ./STlib/src/stm32f3-hal/stm32f3xx_ll_usart.o
 .debug_info    0x000000000000d9bb      0xc42 ./STlib/src/stm32f3-hal/stm32f3xx_ll_utils.o
 .debug_info    0x000000000000e5fd      0x407 ./STlib/src/cmsis/system_stm32f3xx.o

.debug_abbrev   0x0000000000000000     0x3675
 *(.debug_abbrev)
 .debug_abbrev  0x0000000000000000      0x20b ./src/commonio.o
 .debug_abbrev  0x000000000000020b      0x13a ./src/debug.o
 .debug_abbrev  0x0000000000000345      0x36c ./src/i2c.o
 .debug_abbrev  0x00000000000006b1      0x2a7 ./src/io.o
 .debug_abbrev  0x0000000000000958      0x13c ./src/main.o
 .debug_abbrev  0x0000000000000a94      0x206 ./src/port.o
 .debug_abbrev  0x0000000000000c9a      0x179 ./src/startup.o
 .debug_abbrev  0x0000000000000e13      0x296 ./src/usart.o
 .debug_abbrev  0x00000000000010a9       0x96 ./src/utils.o
 .debug_abbrev  0x000000000000113f      0x228 ./STlib/src/stm32f3-hal/stm32f3xx_ll_adc.o
 .debug_abbrev  0x0000000000001367      0x16b ./STlib/src/stm32f3-hal/stm32f3xx_ll_comp.o
 .debug_abbrev  0x00000000000014d2      0x178 ./STlib/src/stm32f3-hal/stm32f3xx_ll_crc.o
 .debug_abbrev  0x000000000000164a      0x1bb ./STlib/src/stm32f3-hal/stm32f3xx_ll_dac.o
 .debug_abbrev  0x0000000000001805      0x24e ./STlib/src/stm32f3-hal/stm32f3xx_ll_dma.o
 .debug_abbrev  0x0000000000001a53      0x1f6 ./STlib/src/stm32f3-hal/stm32f3xx_ll_exti.o
 .debug_abbrev  0x0000000000001c49      0x250 ./STlib/src/stm32f3-hal/stm32f3xx_ll_gpio.o
 .debug_abbrev  0x0000000000001e99       0x26 ./STlib/src/stm32f3-hal/stm32f3xx_ll_hrtim.o
 .debug_abbrev  0x0000000000001ebf      0x1bb ./STlib/src/stm32f3-hal/stm32f3xx_ll_i2c.o
 .debug_abbrev  0x000000000000207a      0x169 ./STlib/src/stm32f3-hal/stm32f3xx_ll_opamp.o
 .debug_abbrev  0x00000000000021e3      0x127 ./STlib/src/stm32f3-hal/stm32f3xx_ll_pwr.o
 .debug_abbrev  0x000000000000230a      0x31e ./STlib/src/stm32f3-hal/stm32f3xx_ll_rcc.o
 .debug_abbrev  0x0000000000002628      0x351 ./STlib/src/stm32f3-hal/stm32f3xx_ll_rtc.o
 .debug_abbrev  0x0000000000002979      0x31a ./STlib/src/stm32f3-hal/stm32f3xx_ll_spi.o
 .debug_abbrev  0x0000000000002c93      0x2ab ./STlib/src/stm32f3-hal/stm32f3xx_ll_tim.o
 .debug_abbrev  0x0000000000002f3e      0x271 ./STlib/src/stm32f3-hal/stm32f3xx_ll_usart.o
 .debug_abbrev  0x00000000000031af      0x3ad ./STlib/src/stm32f3-hal/stm32f3xx_ll_utils.o
 .debug_abbrev  0x000000000000355c      0x119 ./STlib/src/cmsis/system_stm32f3xx.o

.debug_line     0x0000000000000000     0x74fa
 *(.debug_line)
 .debug_line    0x0000000000000000      0x447 ./src/commonio.o
 .debug_line    0x0000000000000447      0x265 ./src/debug.o
 .debug_line    0x00000000000006ac      0x835 ./src/i2c.o
 .debug_line    0x0000000000000ee1      0x41d ./src/io.o
 .debug_line    0x00000000000012fe      0x2b7 ./src/main.o
 .debug_line    0x00000000000015b5      0x287 ./src/port.o
 .debug_line    0x000000000000183c      0x247 ./src/startup.o
 .debug_line    0x0000000000001a83      0x49a ./src/usart.o
 .debug_line    0x0000000000001f1d       0xe9 ./src/utils.o
 .debug_line    0x0000000000002006      0x654 ./STlib/src/stm32f3-hal/stm32f3xx_ll_adc.o
 .debug_line    0x000000000000265a      0x1ef ./STlib/src/stm32f3-hal/stm32f3xx_ll_comp.o
 .debug_line    0x0000000000002849      0x1eb ./STlib/src/stm32f3-hal/stm32f3xx_ll_crc.o
 .debug_line    0x0000000000002a34      0x21c ./STlib/src/stm32f3-hal/stm32f3xx_ll_dac.o
 .debug_line    0x0000000000002c50      0x3a7 ./STlib/src/stm32f3-hal/stm32f3xx_ll_dma.o
 .debug_line    0x0000000000002ff7      0x447 ./STlib/src/stm32f3-hal/stm32f3xx_ll_exti.o
 .debug_line    0x000000000000343e      0x541 ./STlib/src/stm32f3-hal/stm32f3xx_ll_gpio.o
 .debug_line    0x000000000000397f       0x1d ./STlib/src/stm32f3-hal/stm32f3xx_ll_hrtim.o
 .debug_line    0x000000000000399c      0x2f3 ./STlib/src/stm32f3-hal/stm32f3xx_ll_i2c.o
 .debug_line    0x0000000000003c8f      0x1fe ./STlib/src/stm32f3-hal/stm32f3xx_ll_opamp.o
 .debug_line    0x0000000000003e8d      0x159 ./STlib/src/stm32f3-hal/stm32f3xx_ll_pwr.o
 .debug_line    0x0000000000003fe6      0x9a6 ./STlib/src/stm32f3-hal/stm32f3xx_ll_rcc.o
 .debug_line    0x000000000000498c      0xd44 ./STlib/src/stm32f3-hal/stm32f3xx_ll_rtc.o
 .debug_line    0x00000000000056d0      0x4ca ./STlib/src/stm32f3-hal/stm32f3xx_ll_spi.o
 .debug_line    0x0000000000005b9a      0xb8a ./STlib/src/stm32f3-hal/stm32f3xx_ll_tim.o
 .debug_line    0x0000000000006724      0x4ad ./STlib/src/stm32f3-hal/stm32f3xx_ll_usart.o
 .debug_line    0x0000000000006bd1      0x777 ./STlib/src/stm32f3-hal/stm32f3xx_ll_utils.o
 .debug_line    0x0000000000007348      0x1b2 ./STlib/src/cmsis/system_stm32f3xx.o

.debug_frame    0x0000000000000000     0x151c
 *(.debug_frame)
 .debug_frame   0x0000000000000000       0x3c ./src/commonio.o
 .debug_frame   0x000000000000003c       0x88 ./src/debug.o
 .debug_frame   0x00000000000000c4      0x110 ./src/i2c.o
 .debug_frame   0x00000000000001d4       0xf4 ./src/io.o
 .debug_frame   0x00000000000002c8       0x58 ./src/main.o
 .debug_frame   0x0000000000000320       0x60 ./src/port.o
 .debug_frame   0x0000000000000380       0xc8 ./src/startup.o
 .debug_frame   0x0000000000000448       0x70 ./src/usart.o
 .debug_frame   0x00000000000004b8       0x30 ./src/utils.o
 .debug_frame   0x00000000000004e8       0xf0 ./STlib/src/stm32f3-hal/stm32f3xx_ll_adc.o
 .debug_frame   0x00000000000005d8       0x48 ./STlib/src/stm32f3-hal/stm32f3xx_ll_comp.o
 .debug_frame   0x0000000000000620       0x20 ./STlib/src/stm32f3-hal/stm32f3xx_ll_crc.o
 .debug_frame   0x0000000000000640       0x4c ./STlib/src/stm32f3-hal/stm32f3xx_ll_dac.o
 .debug_frame   0x000000000000068c       0x4c ./STlib/src/stm32f3-hal/stm32f3xx_ll_dma.o
 .debug_frame   0x00000000000006d8       0x4c ./STlib/src/stm32f3-hal/stm32f3xx_ll_exti.o
 .debug_frame   0x0000000000000724       0x58 ./STlib/src/stm32f3-hal/stm32f3xx_ll_gpio.o
 .debug_frame   0x000000000000077c       0x48 ./STlib/src/stm32f3-hal/stm32f3xx_ll_i2c.o
 .debug_frame   0x00000000000007c4       0x4c ./STlib/src/stm32f3-hal/stm32f3xx_ll_opamp.o
 .debug_frame   0x0000000000000810       0x20 ./STlib/src/stm32f3-hal/stm32f3xx_ll_pwr.o
 .debug_frame   0x0000000000000830      0x198 ./STlib/src/stm32f3-hal/stm32f3xx_ll_rcc.o
 .debug_frame   0x00000000000009c8      0x164 ./STlib/src/stm32f3-hal/stm32f3xx_ll_rtc.o
 .debug_frame   0x0000000000000b2c       0xc4 ./STlib/src/stm32f3-hal/stm32f3xx_ll_spi.o
 .debug_frame   0x0000000000000bf0      0x118 ./STlib/src/stm32f3-hal/stm32f3xx_ll_tim.o
 .debug_frame   0x0000000000000d08       0x78 ./STlib/src/stm32f3-hal/stm32f3xx_ll_usart.o
 .debug_frame   0x0000000000000d80       0xc8 ./STlib/src/stm32f3-hal/stm32f3xx_ll_utils.o
 .debug_frame   0x0000000000000e48       0x38 ./STlib/src/cmsis/system_stm32f3xx.o
 .debug_frame   0x0000000000000e80       0x38 /usr/share/gcc-arm-none-eabi-10-2020-q4-major/bin/../lib/gcc/arm-none-eabi/10.2.1/../../../../arm-none-eabi/lib/thumb/v7e-m/nofp/libm.a(lib_a-s_atan.o)
 .debug_frame   0x0000000000000eb8       0x3c /usr/share/gcc-arm-none-eabi-10-2020-q4-major/bin/../lib/gcc/arm-none-eabi/10.2.1/../../../../arm-none-eabi/lib/thumb/v7e-m/nofp/libm.a(lib_a-s_cos.o)
 .debug_frame   0x0000000000000ef4       0x20 /usr/share/gcc-arm-none-eabi-10-2020-q4-major/bin/../lib/gcc/arm-none-eabi/10.2.1/../../../../arm-none-eabi/lib/thumb/v7e-m/nofp/libm.a(lib_a-s_fabs.o)
 .debug_frame   0x0000000000000f14       0x38 /usr/share/gcc-arm-none-eabi-10-2020-q4-major/bin/../lib/gcc/arm-none-eabi/10.2.1/../../../../arm-none-eabi/lib/thumb/v7e-m/nofp/libm.a(lib_a-s_sin.o)